Info: [VCS_SAVE_RESTORE_INFO] ASLR (Address Space Layout Randomization) is detected on the machine. To enable $save functionality, ASLR will be switched off and simv re-executed.
Please use '-no_save' simv switch to avoid re-execution or '-suppress=ASLR_DETECTED_INFO' to suppress this message.
Chronologic VCS simulator copyright 1991-2023
Contains Synopsys proprietary information.
Compiler version V-2023.12-SP2_Full64; Runtime version V-2023.12-SP2_Full64;  Jun  1 14:08 2026
----------------------------------------------------------------
UVM-1.1d.Synopsys
(C) 2007-2013 Mentor Graphics Corporation
(C) 2007-2013 Cadence Design Systems, Inc.
(C) 2006-2013 Synopsys, Inc.
(C) 2011-2013 Cypress Semiconductor Corp.
----------------------------------------------------------------

  ***********       IMPORTANT RELEASE NOTES         ************

  You are using a version of the UVM library that has been compiled
  with `UVM_NO_DEPRECATED undefined.
  See http://www.eda.org/svdb/view.php?id=3313 for more details.

  You are using a version of the UVM library that has been compiled
  with `UVM_OBJECT_MUST_HAVE_CONSTRUCTOR undefined.
  See http://www.eda.org/svdb/view.php?id=3770 for more details.

      (Specify +UVM_NO_RELNOTES to turn off this notice)


 VCS Coverage Metrics Release V-2023.12-SP2_Full64 Copyright (c) 1991-2023 by Synopsys Inc.
*Verdi* Loading libsscore_vcs202312.so
FSDB Dumper for VCS, Release Verdi_X-2025.06-SP2-1, Linux x86_64/64bit, 01/19/2026
(C) 1996 - 2026 by Synopsys, Inc.
*Verdi* : Create FSDB file 'novas_uvm.fsdb'
*Verdi* : Begin traversing the scope (tb_top), layer (0).
*Verdi* : End of traversing.
[TB_TOP] FSDB waveform dump enabled: novas_uvm.fsdb
UVM_INFO @ 0: reporter [RNTST] Running test mm_test...
UVM_INFO mm_test.sv(44) @ 0: uvm_test_top [TEST_CLASS] End of Elaboration Phase — UVM Testbench Topology:
UVM_INFO @ 0: reporter [UVMTOP] UVM testbench topology:
--------------------------------------------------------------
Name                       Type                    Size  Value
--------------------------------------------------------------
uvm_test_top               mm_test                 -     @461 
  env                      mm_env                  -     @469 
    agnt                   mm_agent                -     @477 
      drv                  mm_driver               -     @641 
        rsp_port           uvm_analysis_port       -     @658 
        seq_item_port      uvm_seq_item_pull_port  -     @649 
      mon                  mm_monitor              -     @667 
        monitor_port       uvm_analysis_port       -     @676 
      seqr                 mm_sequencer            -     @518 
        rsp_export         uvm_analysis_export     -     @526 
        seq_item_export    uvm_seq_item_pull_imp   -     @632 
        arbitration_queue  array                   0     -    
        lock_queue         array                   0     -    
        num_last_reqs      integral                32    'd1  
        num_last_rsps      integral                32    'd1  
    cov                    mm_coverage             -     @493 
      analysis_imp         uvm_analysis_imp        -     @501 
    scb                    mm_scoreboard           -     @485 
      scoreboard_port      uvm_analysis_imp        -     @692 
--------------------------------------------------------------

UVM_INFO mm_test.sv(75) @ 0: uvm_test_top [TEST_CLASS] UVM Logging enabled — all messages mirrored to uvm_run.log
UVM_INFO mm_test.sv(80) @ 0: uvm_test_top [PROJECT_INFO] 

================================================================================
||                                                                            ||
||          #####  ####   #####    #####  #####  #####                      ||
||          #      #      #        #      #   #      #                      ||
||          ####   #      ####     #####  #####  #####                      ||
||          #      #      #            #      #      #                      ||
||          #####  ####   #####    #####      #  #####                      ||
||                                                                            ||
||   PARAMETERIZED SYSTOLIC ARRAY MATRIX MULTIPLICATION ACCELERATOR         ||
||                                                                            ||
||   Course    : ECE 593 - Fundamentals of Pre-Silicon Validation           ||
||   Professor : Venkatesh Patil                                             ||
||   Matrix    : 4 x 4  (Parameterized - run: make N=<value> all)        ||
||                                                                            ||
||   Group Members :                                                         ||
||     [1] Nikhil Swarna                                                     ||
||     [2] Hanisha Dhananjaya Produtur                                       ||
||     [3] Venkat Sai Sumanth Koyada                                         ||
||                                                                            ||
================================================================================


UVM_INFO mm_driver.sv(63) @ 0: uvm_test_top.env.agnt.drv [DRIVER_CLASS] Asserting reset (5 cycles)...
UVM_INFO mm_test.sv(112) @ 0: uvm_test_top [TEST_CLASS] 
================================================
UVM_INFO mm_test.sv(115) @ 0: uvm_test_top [TEST_CLASS]   MM ACCELERATOR UVM TEST STARTING
UVM_INFO mm_test.sv(118) @ 0: uvm_test_top [TEST_CLASS]   Plan: 5 corner + 16 random = 21 total transactions
UVM_INFO mm_test.sv(122) @ 0: uvm_test_top [TEST_CLASS] ================================================

UVM_INFO mm_test.sv(128) @ 0: uvm_test_top [TEST_CLASS] --- Phase A: Corner Sequences (1/5) zero-A ---
UVM_INFO mm_driver.sv(78) @ 75000: uvm_test_top.env.agnt.drv [DRIVER_CLASS] Reset released — DUT initialised
UVM_INFO mm_sequence.sv(91) @ 75000: uvm_test_top.env.agnt.seqr@@zero_seq [ZERO_SEQ] Sending zero-A corner:
  [SEQ_ITEM] corner_mode=1
    A[0]=[   0   0   0   0 ]  B[0]=[  29 118 114 243 ]
    A[1]=[   0   0   0   0 ]  B[1]=[  19 102  68 157 ]
    A[2]=[   0   0   0   0 ]  B[2]=[  43 245  39  40 ]
    A[3]=[   0   0   0   0 ]  B[3]=[ 146  53  74  96 ]
  Expected C:
    C[0]=[       0       0       0       0 ]
    C[1]=[       0       0       0       0 ]
    C[2]=[       0       0       0       0 ]
    C[3]=[       0       0       0       0 ]
UVM_INFO mm_driver.sv(44) @ 75000: uvm_test_top.env.agnt.drv [DRIVER_CLASS] Received seq_item — corner_mode=1  Driving DUT...
UVM_INFO mm_monitor.sv(64) @ 95000: uvm_test_top.env.agnt.mon [MONITOR_CLASS] start=1 detected — new transaction beginning
UVM_INFO mm_driver.sv(123) @ 146000: uvm_test_top.env.agnt.drv [DRIVER_CLASS] valid_in_upstream=0 — data phase done, waiting for result_valid
UVM_INFO mm_driver.sv(129) @ 225000: uvm_test_top.env.agnt.drv [DRIVER_CLASS] result_valid=1 — DUT in DONE state, transaction complete
UVM_INFO mm_monitor.sv(101) @ 235000: uvm_test_top.env.agnt.mon [MONITOR_CLASS] result_valid=1 — capturing DUT result bus
UVM_INFO mm_monitor.sv(110) @ 235000: uvm_test_top.env.agnt.mon [MONITOR_CLASS] Transaction observed and packaged:
  [SEQ_ITEM] corner_mode=x
    A[0]=[   0   0   0   0 ]  B[0]=[  29 118 114 243 ]
    A[1]=[   0   0   0   0 ]  B[1]=[  19 102  68 157 ]
    A[2]=[   0   0   0   0 ]  B[2]=[  43 245  39  40 ]
    A[3]=[   0   0   0   0 ]  B[3]=[ 146  53  74  96 ]
  Expected C:
    C[0]=[       0       0       0       0 ]
    C[1]=[       0       0       0       0 ]
    C[2]=[       0       0       0       0 ]
    C[3]=[       0       0       0       0 ]
UVM_INFO mm_coverage.sv(204) @ 235000: uvm_test_top.env.cov [COV_CLASS] Running cov: mode=25.0%  A=16.7%  B=66.7%  result=25.0%
UVM_INFO mm_scoreboard.sv(66) @ 235000: uvm_test_top.env.scb [SCB_CLASS] Checking transaction (corner_mode=x) — queue depth after pop: 0
UVM_INFO mm_scoreboard.sv(81) @ 235000: uvm_test_top.env.scb [SCB_CLASS] --- Comparing transaction (corner_mode=x) ---
UVM_INFO mm_scoreboard.sv(111) @ 235000: uvm_test_top.env.scb [SCB_CLASS] Transaction PASSED   (corner_mode=x)   [pass_cnt=16]
UVM_INFO mm_test.sv(136) @ 236000: uvm_test_top [TEST_CLASS] --- Phase A: Corner Sequences (2/5) identity-A ---
UVM_INFO mm_sequence.sv(123) @ 236000: uvm_test_top.env.agnt.seqr@@id_seq [IDENTITY_SEQ] Sending identity-A corner:
  [SEQ_ITEM] corner_mode=2
    A[0]=[   1   0   0   0 ]  B[0]=[ 201 120 237   1 ]
    A[1]=[   0   1   0   0 ]  B[1]=[ 111  26  94  34 ]
    A[2]=[   0   0   1   0 ]  B[2]=[   7 157  98 181 ]
    A[3]=[   0   0   0   1 ]  B[3]=[  61 221 194 218 ]
  Expected C:
    C[0]=[     201     120     237       1 ]
    C[1]=[     111      26      94      34 ]
    C[2]=[       7     157      98     181 ]
    C[3]=[      61     221     194     218 ]
UVM_INFO mm_driver.sv(44) @ 236000: uvm_test_top.env.agnt.drv [DRIVER_CLASS] Received seq_item — corner_mode=2  Driving DUT...
UVM_INFO mm_monitor.sv(64) @ 255000: uvm_test_top.env.agnt.mon [MONITOR_CLASS] start=1 detected — new transaction beginning
UVM_INFO mm_driver.sv(123) @ 306000: uvm_test_top.env.agnt.drv [DRIVER_CLASS] valid_in_upstream=0 — data phase done, waiting for result_valid
UVM_INFO mm_driver.sv(129) @ 385000: uvm_test_top.env.agnt.drv [DRIVER_CLASS] result_valid=1 — DUT in DONE state, transaction complete
UVM_INFO mm_monitor.sv(101) @ 395000: uvm_test_top.env.agnt.mon [MONITOR_CLASS] result_valid=1 — capturing DUT result bus
UVM_INFO mm_monitor.sv(110) @ 395000: uvm_test_top.env.agnt.mon [MONITOR_CLASS] Transaction observed and packaged:
  [SEQ_ITEM] corner_mode=x
    A[0]=[   1   0   0   0 ]  B[0]=[ 201 120 237   1 ]
    A[1]=[   0   1   0   0 ]  B[1]=[ 111  26  94  34 ]
    A[2]=[   0   0   1   0 ]  B[2]=[   7 157  98 181 ]
    A[3]=[   0   0   0   1 ]  B[3]=[  61 221 194 218 ]
  Expected C:
    C[0]=[     201     120     237       1 ]
    C[1]=[     111      26      94      34 ]
    C[2]=[       7     157      98     181 ]
    C[3]=[      61     221     194     218 ]
UVM_INFO mm_coverage.sv(204) @ 395000: uvm_test_top.env.cov [COV_CLASS] Running cov: mode=50.0%  A=33.3%  B=66.7%  result=50.0%
UVM_INFO mm_scoreboard.sv(66) @ 395000: uvm_test_top.env.scb [SCB_CLASS] Checking transaction (corner_mode=x) — queue depth after pop: 0
UVM_INFO mm_scoreboard.sv(81) @ 395000: uvm_test_top.env.scb [SCB_CLASS] --- Comparing transaction (corner_mode=x) ---
UVM_INFO mm_scoreboard.sv(111) @ 395000: uvm_test_top.env.scb [SCB_CLASS] Transaction PASSED   (corner_mode=x)   [pass_cnt=32]
UVM_INFO mm_test.sv(144) @ 396000: uvm_test_top [TEST_CLASS] --- Phase A: Corner Sequences (3/5) all-max ---
UVM_INFO mm_sequence.sv(154) @ 396000: uvm_test_top.env.agnt.seqr@@max_seq [MAX_SEQ] Sending all-max corner:
  [SEQ_ITEM] corner_mode=3
    A[0]=[ 255 255 255 255 ]  B[0]=[ 255 255 255 255 ]
    A[1]=[ 255 255 255 255 ]  B[1]=[ 255 255 255 255 ]
    A[2]=[ 255 255 255 255 ]  B[2]=[ 255 255 255 255 ]
    A[3]=[ 255 255 255 255 ]  B[3]=[ 255 255 255 255 ]
  Expected C:
    C[0]=[  260100  260100  260100  260100 ]
    C[1]=[  260100  260100  260100  260100 ]
    C[2]=[  260100  260100  260100  260100 ]
    C[3]=[  260100  260100  260100  260100 ]
UVM_INFO mm_driver.sv(44) @ 396000: uvm_test_top.env.agnt.drv [DRIVER_CLASS] Received seq_item — corner_mode=3  Driving DUT...
UVM_INFO mm_monitor.sv(64) @ 415000: uvm_test_top.env.agnt.mon [MONITOR_CLASS] start=1 detected — new transaction beginning
UVM_INFO mm_driver.sv(123) @ 466000: uvm_test_top.env.agnt.drv [DRIVER_CLASS] valid_in_upstream=0 — data phase done, waiting for result_valid
UVM_INFO mm_driver.sv(129) @ 545000: uvm_test_top.env.agnt.drv [DRIVER_CLASS] result_valid=1 — DUT in DONE state, transaction complete
UVM_INFO mm_monitor.sv(101) @ 555000: uvm_test_top.env.agnt.mon [MONITOR_CLASS] result_valid=1 — capturing DUT result bus
UVM_INFO mm_monitor.sv(110) @ 555000: uvm_test_top.env.agnt.mon [MONITOR_CLASS] Transaction observed and packaged:
  [SEQ_ITEM] corner_mode=x
    A[0]=[ 255 255 255 255 ]  B[0]=[ 255 255 255 255 ]
    A[1]=[ 255 255 255 255 ]  B[1]=[ 255 255 255 255 ]
    A[2]=[ 255 255 255 255 ]  B[2]=[ 255 255 255 255 ]
    A[3]=[ 255 255 255 255 ]  B[3]=[ 255 255 255 255 ]
  Expected C:
    C[0]=[  260100  260100  260100  260100 ]
    C[1]=[  260100  260100  260100  260100 ]
    C[2]=[  260100  260100  260100  260100 ]
    C[3]=[  260100  260100  260100  260100 ]
UVM_INFO mm_coverage.sv(204) @ 555000: uvm_test_top.env.cov [COV_CLASS] Running cov: mode=75.0%  A=50.0%  B=83.3%  result=75.0%
UVM_INFO mm_scoreboard.sv(66) @ 555000: uvm_test_top.env.scb [SCB_CLASS] Checking transaction (corner_mode=x) — queue depth after pop: 0
UVM_INFO mm_scoreboard.sv(81) @ 555000: uvm_test_top.env.scb [SCB_CLASS] --- Comparing transaction (corner_mode=x) ---
UVM_ERROR mm_scoreboard.sv(99) @ 555000: uvm_test_top.env.scb [COMPARE] C[0][0]  MISMATCH   exp=  260100   got=  260301   <<< ERROR
UVM_ERROR mm_scoreboard.sv(99) @ 555000: uvm_test_top.env.scb [COMPARE] C[0][1]  MISMATCH   exp=  260100   got=  260220   <<< ERROR
UVM_ERROR mm_scoreboard.sv(99) @ 555000: uvm_test_top.env.scb [COMPARE] C[0][2]  MISMATCH   exp=  260100   got=  260337   <<< ERROR
UVM_ERROR mm_scoreboard.sv(99) @ 555000: uvm_test_top.env.scb [COMPARE] C[0][3]  MISMATCH   exp=  260100   got=  260101   <<< ERROR
UVM_ERROR mm_scoreboard.sv(99) @ 555000: uvm_test_top.env.scb [COMPARE] C[1][0]  MISMATCH   exp=  260100   got=  260211   <<< ERROR
UVM_ERROR mm_scoreboard.sv(99) @ 555000: uvm_test_top.env.scb [COMPARE] C[1][1]  MISMATCH   exp=  260100   got=  260126   <<< ERROR
UVM_ERROR mm_scoreboard.sv(99) @ 555000: uvm_test_top.env.scb [COMPARE] C[1][2]  MISMATCH   exp=  260100   got=  260194   <<< ERROR
UVM_ERROR mm_scoreboard.sv(99) @ 555000: uvm_test_top.env.scb [COMPARE] C[1][3]  MISMATCH   exp=  260100   got=  260134   <<< ERROR
UVM_ERROR mm_scoreboard.sv(99) @ 555000: uvm_test_top.env.scb [COMPARE] C[2][0]  MISMATCH   exp=  260100   got=  260107   <<< ERROR
UVM_ERROR mm_scoreboard.sv(99) @ 555000: uvm_test_top.env.scb [COMPARE] C[2][1]  MISMATCH   exp=  260100   got=  260257   <<< ERROR
UVM_ERROR mm_scoreboard.sv(99) @ 555000: uvm_test_top.env.scb [COMPARE] C[2][2]  MISMATCH   exp=  260100   got=  260198   <<< ERROR
UVM_ERROR mm_scoreboard.sv(99) @ 555000: uvm_test_top.env.scb [COMPARE] C[2][3]  MISMATCH   exp=  260100   got=  260281   <<< ERROR
UVM_ERROR mm_scoreboard.sv(99) @ 555000: uvm_test_top.env.scb [COMPARE] C[3][0]  MISMATCH   exp=  260100   got=  260161   <<< ERROR
UVM_ERROR mm_scoreboard.sv(99) @ 555000: uvm_test_top.env.scb [COMPARE] C[3][1]  MISMATCH   exp=  260100   got=  260321   <<< ERROR
UVM_ERROR mm_scoreboard.sv(99) @ 555000: uvm_test_top.env.scb [COMPARE] C[3][2]  MISMATCH   exp=  260100   got=  260294   <<< ERROR
UVM_ERROR mm_scoreboard.sv(99) @ 555000: uvm_test_top.env.scb [COMPARE] C[3][3]  MISMATCH   exp=  260100   got=  260318   <<< ERROR
UVM_ERROR mm_scoreboard.sv(117) @ 555000: uvm_test_top.env.scb [SCB_CLASS] Transaction FAILED   (corner_mode=x)   [fail_cnt=16]
UVM_INFO mm_test.sv(152) @ 556000: uvm_test_top [TEST_CLASS] --- Phase A: Corner Sequences (4/5) zero-B ---
UVM_INFO mm_sequence.sv(193) @ 556000: uvm_test_top.env.agnt.seqr@@zero_b_seq [ZERO_B_SEQ] Sending zero-B coverage txn:
  [SEQ_ITEM] corner_mode=0
    A[0]=[ 141 225 113 116 ]  B[0]=[   0   0   0   0 ]
    A[1]=[  94  34 107 241 ]  B[1]=[   0   0   0   0 ]
    A[2]=[  75 251   3  20 ]  B[2]=[   0   0   0   0 ]
    A[3]=[ 118 152  35  84 ]  B[3]=[   0   0   0   0 ]
  Expected C:
    C[0]=[       0       0       0       0 ]
    C[1]=[       0       0       0       0 ]
    C[2]=[       0       0       0       0 ]
    C[3]=[       0       0       0       0 ]
UVM_INFO mm_driver.sv(44) @ 556000: uvm_test_top.env.agnt.drv [DRIVER_CLASS] Received seq_item — corner_mode=0  Driving DUT...
UVM_INFO mm_monitor.sv(64) @ 575000: uvm_test_top.env.agnt.mon [MONITOR_CLASS] start=1 detected — new transaction beginning
UVM_INFO mm_driver.sv(123) @ 626000: uvm_test_top.env.agnt.drv [DRIVER_CLASS] valid_in_upstream=0 — data phase done, waiting for result_valid
UVM_INFO mm_driver.sv(129) @ 705000: uvm_test_top.env.agnt.drv [DRIVER_CLASS] result_valid=1 — DUT in DONE state, transaction complete
UVM_INFO mm_monitor.sv(101) @ 715000: uvm_test_top.env.agnt.mon [MONITOR_CLASS] result_valid=1 — capturing DUT result bus
UVM_INFO mm_monitor.sv(110) @ 715000: uvm_test_top.env.agnt.mon [MONITOR_CLASS] Transaction observed and packaged:
  [SEQ_ITEM] corner_mode=x
    A[0]=[ 141 225 113 116 ]  B[0]=[   0   0   0   0 ]
    A[1]=[  94  34 107 241 ]  B[1]=[   0   0   0   0 ]
    A[2]=[  75 251   3  20 ]  B[2]=[   0   0   0   0 ]
    A[3]=[ 118 152  35  84 ]  B[3]=[   0   0   0   0 ]
  Expected C:
    C[0]=[       0       0       0       0 ]
    C[1]=[       0       0       0       0 ]
    C[2]=[       0       0       0       0 ]
    C[3]=[       0       0       0       0 ]
UVM_INFO mm_coverage.sv(204) @ 715000: uvm_test_top.env.cov [COV_CLASS] Running cov: mode=100.0%  A=100.0%  B=100.0%  result=75.0%
UVM_INFO mm_scoreboard.sv(66) @ 715000: uvm_test_top.env.scb [SCB_CLASS] Checking transaction (corner_mode=x) — queue depth after pop: 0
UVM_INFO mm_scoreboard.sv(81) @ 715000: uvm_test_top.env.scb [SCB_CLASS] --- Comparing transaction (corner_mode=x) ---
UVM_ERROR mm_scoreboard.sv(99) @ 715000: uvm_test_top.env.scb [COMPARE] C[0][0]  MISMATCH   exp=       0   got=  260301   <<< ERROR
UVM_ERROR mm_scoreboard.sv(99) @ 715000: uvm_test_top.env.scb [COMPARE] C[0][1]  MISMATCH   exp=       0   got=  260220   <<< ERROR
UVM_ERROR mm_scoreboard.sv(99) @ 715000: uvm_test_top.env.scb [COMPARE] C[0][2]  MISMATCH   exp=       0   got=  260337   <<< ERROR
UVM_ERROR mm_scoreboard.sv(99) @ 715000: uvm_test_top.env.scb [COMPARE] C[0][3]  MISMATCH   exp=       0   got=  260101   <<< ERROR
UVM_ERROR mm_scoreboard.sv(99) @ 715000: uvm_test_top.env.scb [COMPARE] C[1][0]  MISMATCH   exp=       0   got=  260211   <<< ERROR
UVM_ERROR mm_scoreboard.sv(99) @ 715000: uvm_test_top.env.scb [COMPARE] C[1][1]  MISMATCH   exp=       0   got=  260126   <<< ERROR
UVM_ERROR mm_scoreboard.sv(99) @ 715000: uvm_test_top.env.scb [COMPARE] C[1][2]  MISMATCH   exp=       0   got=  260194   <<< ERROR
UVM_ERROR mm_scoreboard.sv(99) @ 715000: uvm_test_top.env.scb [COMPARE] C[1][3]  MISMATCH   exp=       0   got=  260134   <<< ERROR
UVM_ERROR mm_scoreboard.sv(99) @ 715000: uvm_test_top.env.scb [COMPARE] C[2][0]  MISMATCH   exp=       0   got=  260107   <<< ERROR
UVM_ERROR mm_scoreboard.sv(99) @ 715000: uvm_test_top.env.scb [COMPARE] C[2][1]  MISMATCH   exp=       0   got=  260257   <<< ERROR
UVM_ERROR mm_scoreboard.sv(99) @ 715000: uvm_test_top.env.scb [COMPARE] C[2][2]  MISMATCH   exp=       0   got=  260198   <<< ERROR
UVM_ERROR mm_scoreboard.sv(99) @ 715000: uvm_test_top.env.scb [COMPARE] C[2][3]  MISMATCH   exp=       0   got=  260281   <<< ERROR
UVM_ERROR mm_scoreboard.sv(99) @ 715000: uvm_test_top.env.scb [COMPARE] C[3][0]  MISMATCH   exp=       0   got=  260161   <<< ERROR
UVM_ERROR mm_scoreboard.sv(99) @ 715000: uvm_test_top.env.scb [COMPARE] C[3][1]  MISMATCH   exp=       0   got=  260321   <<< ERROR
UVM_ERROR mm_scoreboard.sv(99) @ 715000: uvm_test_top.env.scb [COMPARE] C[3][2]  MISMATCH   exp=       0   got=  260294   <<< ERROR
UVM_ERROR mm_scoreboard.sv(99) @ 715000: uvm_test_top.env.scb [COMPARE] C[3][3]  MISMATCH   exp=       0   got=  260318   <<< ERROR
UVM_ERROR mm_scoreboard.sv(117) @ 715000: uvm_test_top.env.scb [SCB_CLASS] Transaction FAILED   (corner_mode=x)   [fail_cnt=32]
UVM_INFO mm_test.sv(160) @ 716000: uvm_test_top [TEST_CLASS] --- Phase A: Corner Sequences (5/5) mid-range ---
UVM_INFO mm_sequence.sv(237) @ 716000: uvm_test_top.env.agnt.seqr@@midrange_seq [MIDRANGE_SEQ] Sending mid-range coverage txn:
  [SEQ_ITEM] corner_mode=0
    A[0]=[   2   0   0   0 ]  B[0]=[ 128   0   0   0 ]
    A[1]=[   0   0   0   0 ]  B[1]=[   0   0   0   0 ]
    A[2]=[   0   0   0   0 ]  B[2]=[   0   0   0   0 ]
    A[3]=[   0   0   0   0 ]  B[3]=[   0   0   0   0 ]
  Expected C:
    C[0]=[     256       0       0       0 ]
    C[1]=[       0       0       0       0 ]
    C[2]=[       0       0       0       0 ]
    C[3]=[       0       0       0       0 ]
UVM_INFO mm_driver.sv(44) @ 716000: uvm_test_top.env.agnt.drv [DRIVER_CLASS] Received seq_item — corner_mode=0  Driving DUT...
UVM_INFO mm_monitor.sv(64) @ 735000: uvm_test_top.env.agnt.mon [MONITOR_CLASS] start=1 detected — new transaction beginning
UVM_INFO mm_driver.sv(123) @ 786000: uvm_test_top.env.agnt.drv [DRIVER_CLASS] valid_in_upstream=0 — data phase done, waiting for result_valid
UVM_INFO mm_driver.sv(129) @ 865000: uvm_test_top.env.agnt.drv [DRIVER_CLASS] result_valid=1 — DUT in DONE state, transaction complete
UVM_INFO mm_monitor.sv(101) @ 875000: uvm_test_top.env.agnt.mon [MONITOR_CLASS] result_valid=1 — capturing DUT result bus
UVM_INFO mm_monitor.sv(110) @ 875000: uvm_test_top.env.agnt.mon [MONITOR_CLASS] Transaction observed and packaged:
  [SEQ_ITEM] corner_mode=x
    A[0]=[   2   0   0   0 ]  B[0]=[ 128   0   0   0 ]
    A[1]=[   0   0   0   0 ]  B[1]=[   0   0   0   0 ]
    A[2]=[   0   0   0   0 ]  B[2]=[   0   0   0   0 ]
    A[3]=[   0   0   0   0 ]  B[3]=[   0   0   0   0 ]
  Expected C:
    C[0]=[     256       0       0       0 ]
    C[1]=[       0       0       0       0 ]
    C[2]=[       0       0       0       0 ]
    C[3]=[       0       0       0       0 ]
UVM_INFO mm_coverage.sv(204) @ 875000: uvm_test_top.env.cov [COV_CLASS] Running cov: mode=100.0%  A=100.0%  B=100.0%  result=100.0%
UVM_INFO mm_scoreboard.sv(66) @ 875000: uvm_test_top.env.scb [SCB_CLASS] Checking transaction (corner_mode=x) — queue depth after pop: 0
UVM_INFO mm_scoreboard.sv(81) @ 875000: uvm_test_top.env.scb [SCB_CLASS] --- Comparing transaction (corner_mode=x) ---
UVM_ERROR mm_scoreboard.sv(99) @ 875000: uvm_test_top.env.scb [COMPARE] C[0][0]  MISMATCH   exp=     256   got=  260557   <<< ERROR
UVM_ERROR mm_scoreboard.sv(99) @ 875000: uvm_test_top.env.scb [COMPARE] C[0][1]  MISMATCH   exp=       0   got=  260220   <<< ERROR
UVM_ERROR mm_scoreboard.sv(99) @ 875000: uvm_test_top.env.scb [COMPARE] C[0][2]  MISMATCH   exp=       0   got=  260337   <<< ERROR
UVM_ERROR mm_scoreboard.sv(99) @ 875000: uvm_test_top.env.scb [COMPARE] C[0][3]  MISMATCH   exp=       0   got=  260101   <<< ERROR
UVM_ERROR mm_scoreboard.sv(99) @ 875000: uvm_test_top.env.scb [COMPARE] C[1][0]  MISMATCH   exp=       0   got=  260211   <<< ERROR
UVM_ERROR mm_scoreboard.sv(99) @ 875000: uvm_test_top.env.scb [COMPARE] C[1][1]  MISMATCH   exp=       0   got=  260126   <<< ERROR
UVM_ERROR mm_scoreboard.sv(99) @ 875000: uvm_test_top.env.scb [COMPARE] C[1][2]  MISMATCH   exp=       0   got=  260194   <<< ERROR
UVM_ERROR mm_scoreboard.sv(99) @ 875000: uvm_test_top.env.scb [COMPARE] C[1][3]  MISMATCH   exp=       0   got=  260134   <<< ERROR
UVM_ERROR mm_scoreboard.sv(99) @ 875000: uvm_test_top.env.scb [COMPARE] C[2][0]  MISMATCH   exp=       0   got=  260107   <<< ERROR
UVM_ERROR mm_scoreboard.sv(99) @ 875000: uvm_test_top.env.scb [COMPARE] C[2][1]  MISMATCH   exp=       0   got=  260257   <<< ERROR
UVM_ERROR mm_scoreboard.sv(99) @ 875000: uvm_test_top.env.scb [COMPARE] C[2][2]  MISMATCH   exp=       0   got=  260198   <<< ERROR
UVM_ERROR mm_scoreboard.sv(99) @ 875000: uvm_test_top.env.scb [COMPARE] C[2][3]  MISMATCH   exp=       0   got=  260281   <<< ERROR
UVM_ERROR mm_scoreboard.sv(99) @ 875000: uvm_test_top.env.scb [COMPARE] C[3][0]  MISMATCH   exp=       0   got=  260161   <<< ERROR
UVM_ERROR mm_scoreboard.sv(99) @ 875000: uvm_test_top.env.scb [COMPARE] C[3][1]  MISMATCH   exp=       0   got=  260321   <<< ERROR
UVM_ERROR mm_scoreboard.sv(99) @ 875000: uvm_test_top.env.scb [COMPARE] C[3][2]  MISMATCH   exp=       0   got=  260294   <<< ERROR
UVM_ERROR mm_scoreboard.sv(99) @ 875000: uvm_test_top.env.scb [COMPARE] C[3][3]  MISMATCH   exp=       0   got=  260318   <<< ERROR
UVM_ERROR mm_scoreboard.sv(117) @ 875000: uvm_test_top.env.scb [SCB_CLASS] Transaction FAILED   (corner_mode=x)   [fail_cnt=48]
UVM_INFO mm_test.sv(169) @ 876000: uvm_test_top [TEST_CLASS] --- Phase A complete: 5 corner transactions done ---
UVM_INFO mm_test.sv(175) @ 876000: uvm_test_top [TEST_CLASS] --- Phase B: 16 Random Sequences starting ---
UVM_INFO mm_sequence.sv(60) @ 876000: uvm_test_top.env.agnt.seqr@@test_seq [TEST_SEQ] Sending transaction (corner_mode=0):
  [SEQ_ITEM] corner_mode=0
    A[0]=[ 129 222 137 235 ]  B[0]=[  29  72 166  84 ]
    A[1]=[  76 158 172 192 ]  B[1]=[   6 188 152 131 ]
    A[2]=[ 165  83 180 254 ]  B[2]=[ 185 108 228  58 ]
    A[3]=[  72  90 223 154 ]  B[3]=[  12 151 166 119 ]
  Expected C:
    C[0]=[   33238  101305  125404   75829 ]
    C[1]=[   37276   82744  107720   59906 ]
    C[2]=[   41631   85278  123210   65399 ]
    C[3]=[   45731   69442  102040   49098 ]
UVM_INFO mm_driver.sv(44) @ 876000: uvm_test_top.env.agnt.drv [DRIVER_CLASS] Received seq_item — corner_mode=0  Driving DUT...
UVM_INFO mm_monitor.sv(64) @ 895000: uvm_test_top.env.agnt.mon [MONITOR_CLASS] start=1 detected — new transaction beginning
UVM_INFO mm_driver.sv(123) @ 946000: uvm_test_top.env.agnt.drv [DRIVER_CLASS] valid_in_upstream=0 — data phase done, waiting for result_valid
UVM_INFO mm_driver.sv(129) @ 1025000: uvm_test_top.env.agnt.drv [DRIVER_CLASS] result_valid=1 — DUT in DONE state, transaction complete
UVM_INFO mm_monitor.sv(101) @ 1035000: uvm_test_top.env.agnt.mon [MONITOR_CLASS] result_valid=1 — capturing DUT result bus
UVM_INFO mm_monitor.sv(110) @ 1035000: uvm_test_top.env.agnt.mon [MONITOR_CLASS] Transaction observed and packaged:
  [SEQ_ITEM] corner_mode=x
    A[0]=[ 129 222 137 235 ]  B[0]=[  29  72 166  84 ]
    A[1]=[  76 158 172 192 ]  B[1]=[   6 188 152 131 ]
    A[2]=[ 165  83 180 254 ]  B[2]=[ 185 108 228  58 ]
    A[3]=[  72  90 223 154 ]  B[3]=[  12 151 166 119 ]
  Expected C:
    C[0]=[   33238  101305  125404   75829 ]
    C[1]=[   37276   82744  107720   59906 ]
    C[2]=[   41631   85278  123210   65399 ]
    C[3]=[   45731   69442  102040   49098 ]
UVM_INFO mm_coverage.sv(204) @ 1035000: uvm_test_top.env.cov [COV_CLASS] Running cov: mode=100.0%  A=100.0%  B=100.0%  result=100.0%
UVM_INFO mm_scoreboard.sv(66) @ 1035000: uvm_test_top.env.scb [SCB_CLASS] Checking transaction (corner_mode=x) — queue depth after pop: 0
UVM_INFO mm_scoreboard.sv(81) @ 1035000: uvm_test_top.env.scb [SCB_CLASS] --- Comparing transaction (corner_mode=x) ---
UVM_ERROR mm_scoreboard.sv(99) @ 1035000: uvm_test_top.env.scb [COMPARE] C[0][0]  MISMATCH   exp=   33238   got=  293795   <<< ERROR
UVM_ERROR mm_scoreboard.sv(99) @ 1035000: uvm_test_top.env.scb [COMPARE] C[0][1]  MISMATCH   exp=  101305   got=  361525   <<< ERROR
UVM_ERROR mm_scoreboard.sv(99) @ 1035000: uvm_test_top.env.scb [COMPARE] C[0][2]  MISMATCH   exp=  125404   got=  385741   <<< ERROR
UVM_ERROR mm_scoreboard.sv(99) @ 1035000: uvm_test_top.env.scb [COMPARE] C[0][3]  MISMATCH   exp=   75829   got=  335930   <<< ERROR
UVM_ERROR mm_scoreboard.sv(99) @ 1035000: uvm_test_top.env.scb [COMPARE] C[1][0]  MISMATCH   exp=   37276   got=  297487   <<< ERROR
UVM_ERROR mm_scoreboard.sv(99) @ 1035000: uvm_test_top.env.scb [COMPARE] C[1][1]  MISMATCH   exp=   82744   got=  342870   <<< ERROR
UVM_ERROR mm_scoreboard.sv(99) @ 1035000: uvm_test_top.env.scb [COMPARE] C[1][2]  MISMATCH   exp=  107720   got=  367914   <<< ERROR
UVM_ERROR mm_scoreboard.sv(99) @ 1035000: uvm_test_top.env.scb [COMPARE] C[1][3]  MISMATCH   exp=   59906   got=  320040   <<< ERROR
UVM_ERROR mm_scoreboard.sv(99) @ 1035000: uvm_test_top.env.scb [COMPARE] C[2][0]  MISMATCH   exp=   41631   got=  301738   <<< ERROR
UVM_ERROR mm_scoreboard.sv(99) @ 1035000: uvm_test_top.env.scb [COMPARE] C[2][1]  MISMATCH   exp=   85278   got=  345535   <<< ERROR
UVM_ERROR mm_scoreboard.sv(99) @ 1035000: uvm_test_top.env.scb [COMPARE] C[2][2]  MISMATCH   exp=  123210   got=  383408   <<< ERROR
UVM_ERROR mm_scoreboard.sv(99) @ 1035000: uvm_test_top.env.scb [COMPARE] C[2][3]  MISMATCH   exp=   65399   got=  325680   <<< ERROR
UVM_ERROR mm_scoreboard.sv(99) @ 1035000: uvm_test_top.env.scb [COMPARE] C[3][0]  MISMATCH   exp=   45731   got=  305892   <<< ERROR
UVM_ERROR mm_scoreboard.sv(99) @ 1035000: uvm_test_top.env.scb [COMPARE] C[3][1]  MISMATCH   exp=   69442   got=  329763   <<< ERROR
UVM_ERROR mm_scoreboard.sv(99) @ 1035000: uvm_test_top.env.scb [COMPARE] C[3][2]  MISMATCH   exp=  102040   got=  362334   <<< ERROR
UVM_ERROR mm_scoreboard.sv(99) @ 1035000: uvm_test_top.env.scb [COMPARE] C[3][3]  MISMATCH   exp=   49098   got=  309416   <<< ERROR
UVM_ERROR mm_scoreboard.sv(117) @ 1035000: uvm_test_top.env.scb [SCB_CLASS] Transaction FAILED   (corner_mode=x)   [fail_cnt=64]
UVM_INFO mm_sequence.sv(60) @ 1036000: uvm_test_top.env.agnt.seqr@@test_seq [TEST_SEQ] Sending transaction (corner_mode=0):
  [SEQ_ITEM] corner_mode=0
    A[0]=[  42  31 116 214 ]  B[0]=[ 167 117 250  84 ]
    A[1]=[ 126 121  19  54 ]  B[1]=[ 110 111  31  34 ]
    A[2]=[   4 201 183 144 ]  B[2]=[  56 153   1  83 ]
    A[3]=[  29 192 224 119 ]  B[3]=[  85 131 126 238 ]
  Expected C:
    C[0]=[   35110   54137   38541   65142 ]
    C[1]=[   40006   38154   42074   29127 ]
    C[2]=[   45266   69642   25558   56631 ]
    C[3]=[   48622   74566   28420   55878 ]
UVM_INFO mm_driver.sv(44) @ 1036000: uvm_test_top.env.agnt.drv [DRIVER_CLASS] Received seq_item — corner_mode=0  Driving DUT...
UVM_INFO mm_monitor.sv(64) @ 1055000: uvm_test_top.env.agnt.mon [MONITOR_CLASS] start=1 detected — new transaction beginning
UVM_INFO mm_driver.sv(123) @ 1106000: uvm_test_top.env.agnt.drv [DRIVER_CLASS] valid_in_upstream=0 — data phase done, waiting for result_valid
UVM_INFO mm_driver.sv(129) @ 1185000: uvm_test_top.env.agnt.drv [DRIVER_CLASS] result_valid=1 — DUT in DONE state, transaction complete
UVM_INFO mm_monitor.sv(101) @ 1195000: uvm_test_top.env.agnt.mon [MONITOR_CLASS] result_valid=1 — capturing DUT result bus
UVM_INFO mm_monitor.sv(110) @ 1195000: uvm_test_top.env.agnt.mon [MONITOR_CLASS] Transaction observed and packaged:
  [SEQ_ITEM] corner_mode=x
    A[0]=[  42  31 116 214 ]  B[0]=[ 167 117 250  84 ]
    A[1]=[ 126 121  19  54 ]  B[1]=[ 110 111  31  34 ]
    A[2]=[   4 201 183 144 ]  B[2]=[  56 153   1  83 ]
    A[3]=[  29 192 224 119 ]  B[3]=[  85 131 126 238 ]
  Expected C:
    C[0]=[   35110   54137   38541   65142 ]
    C[1]=[   40006   38154   42074   29127 ]
    C[2]=[   45266   69642   25558   56631 ]
    C[3]=[   48622   74566   28420   55878 ]
UVM_INFO mm_coverage.sv(204) @ 1195000: uvm_test_top.env.cov [COV_CLASS] Running cov: mode=100.0%  A=100.0%  B=100.0%  result=100.0%
UVM_INFO mm_scoreboard.sv(66) @ 1195000: uvm_test_top.env.scb [SCB_CLASS] Checking transaction (corner_mode=x) — queue depth after pop: 0
UVM_INFO mm_scoreboard.sv(81) @ 1195000: uvm_test_top.env.scb [SCB_CLASS] --- Comparing transaction (corner_mode=x) ---
UVM_ERROR mm_scoreboard.sv(99) @ 1195000: uvm_test_top.env.scb [COMPARE] C[0][0]  MISMATCH   exp=   35110   got=  328905   <<< ERROR
UVM_ERROR mm_scoreboard.sv(99) @ 1195000: uvm_test_top.env.scb [COMPARE] C[0][1]  MISMATCH   exp=   54137   got=  415662   <<< ERROR
UVM_ERROR mm_scoreboard.sv(99) @ 1195000: uvm_test_top.env.scb [COMPARE] C[0][2]  MISMATCH   exp=   38541   got=  424282   <<< ERROR
UVM_ERROR mm_scoreboard.sv(99) @ 1195000: uvm_test_top.env.scb [COMPARE] C[0][3]  MISMATCH   exp=   65142   got=  401072   <<< ERROR
UVM_ERROR mm_scoreboard.sv(99) @ 1195000: uvm_test_top.env.scb [COMPARE] C[1][0]  MISMATCH   exp=   40006   got=  337493   <<< ERROR
UVM_ERROR mm_scoreboard.sv(99) @ 1195000: uvm_test_top.env.scb [COMPARE] C[1][1]  MISMATCH   exp=   38154   got=  381024   <<< ERROR
UVM_ERROR mm_scoreboard.sv(99) @ 1195000: uvm_test_top.env.scb [COMPARE] C[1][2]  MISMATCH   exp=   42074   got=  409988   <<< ERROR
UVM_ERROR mm_scoreboard.sv(99) @ 1195000: uvm_test_top.env.scb [COMPARE] C[1][3]  MISMATCH   exp=   29127   got=  349167   <<< ERROR
UVM_ERROR mm_scoreboard.sv(99) @ 1195000: uvm_test_top.env.scb [COMPARE] C[2][0]  MISMATCH   exp=   45266   got=  347004   <<< ERROR
UVM_ERROR mm_scoreboard.sv(99) @ 1195000: uvm_test_top.env.scb [COMPARE] C[2][1]  MISMATCH   exp=   69642   got=  415177   <<< ERROR
UVM_ERROR mm_scoreboard.sv(99) @ 1195000: uvm_test_top.env.scb [COMPARE] C[2][2]  MISMATCH   exp=   25558   got=  408966   <<< ERROR
UVM_ERROR mm_scoreboard.sv(99) @ 1195000: uvm_test_top.env.scb [COMPARE] C[2][3]  MISMATCH   exp=   56631   got=  382311   <<< ERROR
UVM_ERROR mm_scoreboard.sv(99) @ 1195000: uvm_test_top.env.scb [COMPARE] C[3][0]  MISMATCH   exp=   48622   got=  354514   <<< ERROR
UVM_ERROR mm_scoreboard.sv(99) @ 1195000: uvm_test_top.env.scb [COMPARE] C[3][1]  MISMATCH   exp=   74566   got=  404329   <<< ERROR
UVM_ERROR mm_scoreboard.sv(99) @ 1195000: uvm_test_top.env.scb [COMPARE] C[3][2]  MISMATCH   exp=   28420   got=  390754   <<< ERROR
UVM_ERROR mm_scoreboard.sv(99) @ 1195000: uvm_test_top.env.scb [COMPARE] C[3][3]  MISMATCH   exp=   55878   got=  365294   <<< ERROR
UVM_ERROR mm_scoreboard.sv(117) @ 1195000: uvm_test_top.env.scb [SCB_CLASS] Transaction FAILED   (corner_mode=x)   [fail_cnt=80]
UVM_INFO mm_sequence.sv(60) @ 1196000: uvm_test_top.env.agnt.seqr@@test_seq [TEST_SEQ] Sending transaction (corner_mode=0):
  [SEQ_ITEM] corner_mode=0
    A[0]=[ 235 143 135 163 ]  B[0]=[ 171  82 232 200 ]
    A[1]=[ 251 193  17 246 ]  B[1]=[ 167  36 120 112 ]
    A[2]=[  48  92  84  31 ]  B[2]=[ 219  67 187  48 ]
    A[3]=[ 207 248 143  88 ]  B[3]=[  91  71 104  17 ]
  Expected C:
    C[0]=[  108464   45036  113877   72267 ]
    C[1]=[  101261   46135  110155   76814 ]
    C[2]=[   44789   15077   41108   24463 ]
    C[3]=[  116138   41731  113677   77536 ]
UVM_INFO mm_driver.sv(44) @ 1196000: uvm_test_top.env.agnt.drv [DRIVER_CLASS] Received seq_item — corner_mode=0  Driving DUT...
UVM_INFO mm_monitor.sv(64) @ 1215000: uvm_test_top.env.agnt.mon [MONITOR_CLASS] start=1 detected — new transaction beginning
UVM_INFO mm_driver.sv(123) @ 1266000: uvm_test_top.env.agnt.drv [DRIVER_CLASS] valid_in_upstream=0 — data phase done, waiting for result_valid
UVM_INFO mm_driver.sv(129) @ 1345000: uvm_test_top.env.agnt.drv [DRIVER_CLASS] result_valid=1 — DUT in DONE state, transaction complete
UVM_INFO mm_monitor.sv(101) @ 1355000: uvm_test_top.env.agnt.mon [MONITOR_CLASS] result_valid=1 — capturing DUT result bus
UVM_INFO mm_monitor.sv(110) @ 1355000: uvm_test_top.env.agnt.mon [MONITOR_CLASS] Transaction observed and packaged:
  [SEQ_ITEM] corner_mode=x
    A[0]=[ 235 143 135 163 ]  B[0]=[ 171  82 232 200 ]
    A[1]=[ 251 193  17 246 ]  B[1]=[ 167  36 120 112 ]
    A[2]=[  48  92  84  31 ]  B[2]=[ 219  67 187  48 ]
    A[3]=[ 207 248 143  88 ]  B[3]=[  91  71 104  17 ]
  Expected C:
    C[0]=[  108464   45036  113877   72267 ]
    C[1]=[  101261   46135  110155   76814 ]
    C[2]=[   44789   15077   41108   24463 ]
    C[3]=[  116138   41731  113677   77536 ]
UVM_INFO mm_coverage.sv(204) @ 1355000: uvm_test_top.env.cov [COV_CLASS] Running cov: mode=100.0%  A=100.0%  B=100.0%  result=100.0%
UVM_INFO mm_scoreboard.sv(66) @ 1355000: uvm_test_top.env.scb [SCB_CLASS] Checking transaction (corner_mode=x) — queue depth after pop: 0
UVM_INFO mm_scoreboard.sv(81) @ 1355000: uvm_test_top.env.scb [SCB_CLASS] --- Comparing transaction (corner_mode=x) ---
UVM_ERROR mm_scoreboard.sv(99) @ 1355000: uvm_test_top.env.scb [COMPARE] C[0][0]  MISMATCH   exp=  108464   got=  437369   <<< ERROR
UVM_ERROR mm_scoreboard.sv(99) @ 1355000: uvm_test_top.env.scb [COMPARE] C[0][1]  MISMATCH   exp=   45036   got=  460698   <<< ERROR
UVM_ERROR mm_scoreboard.sv(99) @ 1355000: uvm_test_top.env.scb [COMPARE] C[0][2]  MISMATCH   exp=  113877   got=  538159   <<< ERROR
UVM_ERROR mm_scoreboard.sv(99) @ 1355000: uvm_test_top.env.scb [COMPARE] C[0][3]  MISMATCH   exp=   72267   got=  473339   <<< ERROR
UVM_ERROR mm_scoreboard.sv(99) @ 1355000: uvm_test_top.env.scb [COMPARE] C[1][0]  MISMATCH   exp=  101261   got=  438754   <<< ERROR
UVM_ERROR mm_scoreboard.sv(99) @ 1355000: uvm_test_top.env.scb [COMPARE] C[1][1]  MISMATCH   exp=   46135   got=  427159   <<< ERROR
UVM_ERROR mm_scoreboard.sv(99) @ 1355000: uvm_test_top.env.scb [COMPARE] C[1][2]  MISMATCH   exp=  110155   got=  520143   <<< ERROR
UVM_ERROR mm_scoreboard.sv(99) @ 1355000: uvm_test_top.env.scb [COMPARE] C[1][3]  MISMATCH   exp=   76814   got=  425981   <<< ERROR
UVM_ERROR mm_scoreboard.sv(99) @ 1355000: uvm_test_top.env.scb [COMPARE] C[2][0]  MISMATCH   exp=   44789   got=  391793   <<< ERROR
UVM_ERROR mm_scoreboard.sv(99) @ 1355000: uvm_test_top.env.scb [COMPARE] C[2][1]  MISMATCH   exp=   15077   got=  430254   <<< ERROR
UVM_ERROR mm_scoreboard.sv(99) @ 1355000: uvm_test_top.env.scb [COMPARE] C[2][2]  MISMATCH   exp=   41108   got=  450074   <<< ERROR
UVM_ERROR mm_scoreboard.sv(99) @ 1355000: uvm_test_top.env.scb [COMPARE] C[2][3]  MISMATCH   exp=   24463   got=  406774   <<< ERROR
UVM_ERROR mm_scoreboard.sv(99) @ 1355000: uvm_test_top.env.scb [COMPARE] C[3][0]  MISMATCH   exp=  116138   got=  470652   <<< ERROR
UVM_ERROR mm_scoreboard.sv(99) @ 1355000: uvm_test_top.env.scb [COMPARE] C[3][1]  MISMATCH   exp=   41731   got=  446060   <<< ERROR
UVM_ERROR mm_scoreboard.sv(99) @ 1355000: uvm_test_top.env.scb [COMPARE] C[3][2]  MISMATCH   exp=  113677   got=  504431   <<< ERROR
UVM_ERROR mm_scoreboard.sv(99) @ 1355000: uvm_test_top.env.scb [COMPARE] C[3][3]  MISMATCH   exp=   77536   got=  442830   <<< ERROR
UVM_ERROR mm_scoreboard.sv(117) @ 1355000: uvm_test_top.env.scb [SCB_CLASS] Transaction FAILED   (corner_mode=x)   [fail_cnt=96]
UVM_INFO mm_sequence.sv(60) @ 1356000: uvm_test_top.env.agnt.seqr@@test_seq [TEST_SEQ] Sending transaction (corner_mode=0):
  [SEQ_ITEM] corner_mode=0
    A[0]=[ 176  68   4  91 ]  B[0]=[ 164 253 205  54 ]
    A[1]=[ 253 147 193 218 ]  B[1]=[ 161 252  30 187 ]
    A[2]=[  37 202  96 144 ]  B[2]=[  84 209 196 202 ]
    A[3]=[ 200 180  13 181 ]  B[3]=[ 255 213  58 188 ]
  Expected C:
    C[0]=[   63353   81883   44182   40136 ]
    C[1]=[  136961  187824  106747  121121 ]
    C[2]=[   83374  111001   40813   86236 ]
    C[3]=[  109027  137230   59446   81114 ]
UVM_INFO mm_driver.sv(44) @ 1356000: uvm_test_top.env.agnt.drv [DRIVER_CLASS] Received seq_item — corner_mode=0  Driving DUT...
UVM_INFO mm_monitor.sv(64) @ 1375000: uvm_test_top.env.agnt.mon [MONITOR_CLASS] start=1 detected — new transaction beginning
UVM_INFO mm_driver.sv(123) @ 1426000: uvm_test_top.env.agnt.drv [DRIVER_CLASS] valid_in_upstream=0 — data phase done, waiting for result_valid
UVM_INFO mm_driver.sv(129) @ 1505000: uvm_test_top.env.agnt.drv [DRIVER_CLASS] result_valid=1 — DUT in DONE state, transaction complete
UVM_INFO mm_monitor.sv(101) @ 1515000: uvm_test_top.env.agnt.mon [MONITOR_CLASS] result_valid=1 — capturing DUT result bus
UVM_INFO mm_monitor.sv(110) @ 1515000: uvm_test_top.env.agnt.mon [MONITOR_CLASS] Transaction observed and packaged:
  [SEQ_ITEM] corner_mode=x
    A[0]=[ 176  68   4  91 ]  B[0]=[ 164 253 205  54 ]
    A[1]=[ 253 147 193 218 ]  B[1]=[ 161 252  30 187 ]
    A[2]=[  37 202  96 144 ]  B[2]=[  84 209 196 202 ]
    A[3]=[ 200 180  13 181 ]  B[3]=[ 255 213  58 188 ]
  Expected C:
    C[0]=[   63353   81883   44182   40136 ]
    C[1]=[  136961  187824  106747  121121 ]
    C[2]=[   83374  111001   40813   86236 ]
    C[3]=[  109027  137230   59446   81114 ]
UVM_INFO mm_coverage.sv(204) @ 1515000: uvm_test_top.env.cov [COV_CLASS] Running cov: mode=100.0%  A=100.0%  B=100.0%  result=100.0%
UVM_INFO mm_scoreboard.sv(66) @ 1515000: uvm_test_top.env.scb [SCB_CLASS] Checking transaction (corner_mode=x) — queue depth after pop: 0
UVM_INFO mm_scoreboard.sv(81) @ 1515000: uvm_test_top.env.scb [SCB_CLASS] --- Comparing transaction (corner_mode=x) ---
UVM_ERROR mm_scoreboard.sv(99) @ 1515000: uvm_test_top.env.scb [COMPARE] C[0][0]  MISMATCH   exp=   63353   got=  500722   <<< ERROR
UVM_ERROR mm_scoreboard.sv(99) @ 1515000: uvm_test_top.env.scb [COMPARE] C[0][1]  MISMATCH   exp=   81883   got=  542581   <<< ERROR
UVM_ERROR mm_scoreboard.sv(99) @ 1515000: uvm_test_top.env.scb [COMPARE] C[0][2]  MISMATCH   exp=   44182   got=  582341   <<< ERROR
UVM_ERROR mm_scoreboard.sv(99) @ 1515000: uvm_test_top.env.scb [COMPARE] C[0][3]  MISMATCH   exp=   40136   got=  513475   <<< ERROR
UVM_ERROR mm_scoreboard.sv(99) @ 1515000: uvm_test_top.env.scb [COMPARE] C[1][0]  MISMATCH   exp=  136961   got=  575715   <<< ERROR
UVM_ERROR mm_scoreboard.sv(99) @ 1515000: uvm_test_top.env.scb [COMPARE] C[1][1]  MISMATCH   exp=  187824   got=  614983   <<< ERROR
UVM_ERROR mm_scoreboard.sv(99) @ 1515000: uvm_test_top.env.scb [COMPARE] C[1][2]  MISMATCH   exp=  106747   got=  626890   <<< ERROR
UVM_ERROR mm_scoreboard.sv(99) @ 1515000: uvm_test_top.env.scb [COMPARE] C[1][3]  MISMATCH   exp=  121121   got=  547102   <<< ERROR
UVM_ERROR mm_scoreboard.sv(99) @ 1515000: uvm_test_top.env.scb [COMPARE] C[2][0]  MISMATCH   exp=   83374   got=  475167   <<< ERROR
UVM_ERROR mm_scoreboard.sv(99) @ 1515000: uvm_test_top.env.scb [COMPARE] C[2][1]  MISMATCH   exp=  111001   got=  541255   <<< ERROR
UVM_ERROR mm_scoreboard.sv(99) @ 1515000: uvm_test_top.env.scb [COMPARE] C[2][2]  MISMATCH   exp=   40813   got=  490887   <<< ERROR
UVM_ERROR mm_scoreboard.sv(99) @ 1515000: uvm_test_top.env.scb [COMPARE] C[2][3]  MISMATCH   exp=   86236   got=  493010   <<< ERROR
UVM_ERROR mm_scoreboard.sv(99) @ 1515000: uvm_test_top.env.scb [COMPARE] C[3][0]  MISMATCH   exp=  109027   got=  579679   <<< ERROR
UVM_ERROR mm_scoreboard.sv(99) @ 1515000: uvm_test_top.env.scb [COMPARE] C[3][1]  MISMATCH   exp=  137230   got=  583290   <<< ERROR
UVM_ERROR mm_scoreboard.sv(99) @ 1515000: uvm_test_top.env.scb [COMPARE] C[3][2]  MISMATCH   exp=   59446   got=  563877   <<< ERROR
UVM_ERROR mm_scoreboard.sv(99) @ 1515000: uvm_test_top.env.scb [COMPARE] C[3][3]  MISMATCH   exp=   81114   got=  523944   <<< ERROR
UVM_ERROR mm_scoreboard.sv(117) @ 1515000: uvm_test_top.env.scb [SCB_CLASS] Transaction FAILED   (corner_mode=x)   [fail_cnt=112]
UVM_INFO mm_sequence.sv(60) @ 1516000: uvm_test_top.env.agnt.seqr@@test_seq [TEST_SEQ] Sending transaction (corner_mode=2):
  [SEQ_ITEM] corner_mode=2
    A[0]=[   1   0   0   0 ]  B[0]=[   4  91 159  15 ]
    A[1]=[   0   1   0   0 ]  B[1]=[  37 236 194 126 ]
    A[2]=[   0   0   1   0 ]  B[2]=[   3  48 136 136 ]
    A[3]=[   0   0   0   1 ]  B[3]=[  47 139   7 217 ]
  Expected C:
    C[0]=[       4      91     159      15 ]
    C[1]=[      37     236     194     126 ]
    C[2]=[       3      48     136     136 ]
    C[3]=[      47     139       7     217 ]
UVM_INFO mm_driver.sv(44) @ 1516000: uvm_test_top.env.agnt.drv [DRIVER_CLASS] Received seq_item — corner_mode=2  Driving DUT...
UVM_INFO mm_monitor.sv(64) @ 1535000: uvm_test_top.env.agnt.mon [MONITOR_CLASS] start=1 detected — new transaction beginning
UVM_INFO mm_driver.sv(123) @ 1586000: uvm_test_top.env.agnt.drv [DRIVER_CLASS] valid_in_upstream=0 — data phase done, waiting for result_valid
UVM_INFO mm_driver.sv(129) @ 1665000: uvm_test_top.env.agnt.drv [DRIVER_CLASS] result_valid=1 — DUT in DONE state, transaction complete
UVM_INFO mm_monitor.sv(101) @ 1675000: uvm_test_top.env.agnt.mon [MONITOR_CLASS] result_valid=1 — capturing DUT result bus
UVM_INFO mm_monitor.sv(110) @ 1675000: uvm_test_top.env.agnt.mon [MONITOR_CLASS] Transaction observed and packaged:
  [SEQ_ITEM] corner_mode=x
    A[0]=[   1   0   0   0 ]  B[0]=[   4  91 159  15 ]
    A[1]=[   0   1   0   0 ]  B[1]=[  37 236 194 126 ]
    A[2]=[   0   0   1   0 ]  B[2]=[   3  48 136 136 ]
    A[3]=[   0   0   0   1 ]  B[3]=[  47 139   7 217 ]
  Expected C:
    C[0]=[       4      91     159      15 ]
    C[1]=[      37     236     194     126 ]
    C[2]=[       3      48     136     136 ]
    C[3]=[      47     139       7     217 ]
UVM_INFO mm_coverage.sv(204) @ 1675000: uvm_test_top.env.cov [COV_CLASS] Running cov: mode=100.0%  A=100.0%  B=100.0%  result=100.0%
UVM_INFO mm_scoreboard.sv(66) @ 1675000: uvm_test_top.env.scb [SCB_CLASS] Checking transaction (corner_mode=x) — queue depth after pop: 0
UVM_INFO mm_scoreboard.sv(81) @ 1675000: uvm_test_top.env.scb [SCB_CLASS] --- Comparing transaction (corner_mode=x) ---
UVM_ERROR mm_scoreboard.sv(99) @ 1675000: uvm_test_top.env.scb [COMPARE] C[0][0]  MISMATCH   exp=       4   got=  500726   <<< ERROR
UVM_ERROR mm_scoreboard.sv(99) @ 1675000: uvm_test_top.env.scb [COMPARE] C[0][1]  MISMATCH   exp=      91   got=  542672   <<< ERROR
UVM_ERROR mm_scoreboard.sv(99) @ 1675000: uvm_test_top.env.scb [COMPARE] C[0][2]  MISMATCH   exp=     159   got=  582500   <<< ERROR
UVM_ERROR mm_scoreboard.sv(99) @ 1675000: uvm_test_top.env.scb [COMPARE] C[0][3]  MISMATCH   exp=      15   got=  513490   <<< ERROR
UVM_ERROR mm_scoreboard.sv(99) @ 1675000: uvm_test_top.env.scb [COMPARE] C[1][0]  MISMATCH   exp=      37   got=  575752   <<< ERROR
UVM_ERROR mm_scoreboard.sv(99) @ 1675000: uvm_test_top.env.scb [COMPARE] C[1][1]  MISMATCH   exp=     236   got=  615219   <<< ERROR
UVM_ERROR mm_scoreboard.sv(99) @ 1675000: uvm_test_top.env.scb [COMPARE] C[1][2]  MISMATCH   exp=     194   got=  627084   <<< ERROR
UVM_ERROR mm_scoreboard.sv(99) @ 1675000: uvm_test_top.env.scb [COMPARE] C[1][3]  MISMATCH   exp=     126   got=  547228   <<< ERROR
UVM_ERROR mm_scoreboard.sv(99) @ 1675000: uvm_test_top.env.scb [COMPARE] C[2][0]  MISMATCH   exp=       3   got=  475170   <<< ERROR
UVM_ERROR mm_scoreboard.sv(99) @ 1675000: uvm_test_top.env.scb [COMPARE] C[2][1]  MISMATCH   exp=      48   got=  541303   <<< ERROR
UVM_ERROR mm_scoreboard.sv(99) @ 1675000: uvm_test_top.env.scb [COMPARE] C[2][2]  MISMATCH   exp=     136   got=  491023   <<< ERROR
UVM_ERROR mm_scoreboard.sv(99) @ 1675000: uvm_test_top.env.scb [COMPARE] C[2][3]  MISMATCH   exp=     136   got=  493146   <<< ERROR
UVM_ERROR mm_scoreboard.sv(99) @ 1675000: uvm_test_top.env.scb [COMPARE] C[3][0]  MISMATCH   exp=      47   got=  579726   <<< ERROR
UVM_ERROR mm_scoreboard.sv(99) @ 1675000: uvm_test_top.env.scb [COMPARE] C[3][1]  MISMATCH   exp=     139   got=  583429   <<< ERROR
UVM_ERROR mm_scoreboard.sv(99) @ 1675000: uvm_test_top.env.scb [COMPARE] C[3][2]  MISMATCH   exp=       7   got=  563884   <<< ERROR
UVM_ERROR mm_scoreboard.sv(99) @ 1675000: uvm_test_top.env.scb [COMPARE] C[3][3]  MISMATCH   exp=     217   got=  524161   <<< ERROR
UVM_ERROR mm_scoreboard.sv(117) @ 1675000: uvm_test_top.env.scb [SCB_CLASS] Transaction FAILED   (corner_mode=x)   [fail_cnt=128]
UVM_INFO mm_sequence.sv(60) @ 1676000: uvm_test_top.env.agnt.seqr@@test_seq [TEST_SEQ] Sending transaction (corner_mode=0):
  [SEQ_ITEM] corner_mode=0
    A[0]=[  11  77  44 208 ]  B[0]=[ 230  49 205   2 ]
    A[1]=[  83  31 195 108 ]  B[1]=[ 190  83 180 219 ]
    A[2]=[  28 213 180 225 ]  B[2]=[ 106 132 208 206 ]
    A[3]=[ 165 167 195 177 ]  B[3]=[  90 117  75  85 ]
  Expected C:
    C[0]=[   40544   37074   40867   43629 ]
    C[1]=[   55370   45016   71255   56305 ]
    C[2]=[   86240   69136   98395  102908 ]
    C[3]=[  106280   68395  117720   92118 ]
UVM_INFO mm_driver.sv(44) @ 1676000: uvm_test_top.env.agnt.drv [DRIVER_CLASS] Received seq_item — corner_mode=0  Driving DUT...
UVM_INFO mm_monitor.sv(64) @ 1695000: uvm_test_top.env.agnt.mon [MONITOR_CLASS] start=1 detected — new transaction beginning
UVM_INFO mm_driver.sv(123) @ 1746000: uvm_test_top.env.agnt.drv [DRIVER_CLASS] valid_in_upstream=0 — data phase done, waiting for result_valid
UVM_INFO mm_driver.sv(129) @ 1825000: uvm_test_top.env.agnt.drv [DRIVER_CLASS] result_valid=1 — DUT in DONE state, transaction complete
UVM_INFO mm_monitor.sv(101) @ 1835000: uvm_test_top.env.agnt.mon [MONITOR_CLASS] result_valid=1 — capturing DUT result bus
UVM_INFO mm_monitor.sv(110) @ 1835000: uvm_test_top.env.agnt.mon [MONITOR_CLASS] Transaction observed and packaged:
  [SEQ_ITEM] corner_mode=x
    A[0]=[  11  77  44 208 ]  B[0]=[ 230  49 205   2 ]
    A[1]=[  83  31 195 108 ]  B[1]=[ 190  83 180 219 ]
    A[2]=[  28 213 180 225 ]  B[2]=[ 106 132 208 206 ]
    A[3]=[ 165 167 195 177 ]  B[3]=[  90 117  75  85 ]
  Expected C:
    C[0]=[   40544   37074   40867   43629 ]
    C[1]=[   55370   45016   71255   56305 ]
    C[2]=[   86240   69136   98395  102908 ]
    C[3]=[  106280   68395  117720   92118 ]
UVM_INFO mm_coverage.sv(204) @ 1835000: uvm_test_top.env.cov [COV_CLASS] Running cov: mode=100.0%  A=100.0%  B=100.0%  result=100.0%
UVM_INFO mm_scoreboard.sv(66) @ 1835000: uvm_test_top.env.scb [SCB_CLASS] Checking transaction (corner_mode=x) — queue depth after pop: 0
UVM_INFO mm_scoreboard.sv(81) @ 1835000: uvm_test_top.env.scb [SCB_CLASS] --- Comparing transaction (corner_mode=x) ---
UVM_ERROR mm_scoreboard.sv(99) @ 1835000: uvm_test_top.env.scb [COMPARE] C[0][0]  MISMATCH   exp=   40544   got=  541270   <<< ERROR
UVM_ERROR mm_scoreboard.sv(99) @ 1835000: uvm_test_top.env.scb [COMPARE] C[0][1]  MISMATCH   exp=   37074   got=  579746   <<< ERROR
UVM_ERROR mm_scoreboard.sv(99) @ 1835000: uvm_test_top.env.scb [COMPARE] C[0][2]  MISMATCH   exp=   40867   got=  623367   <<< ERROR
UVM_ERROR mm_scoreboard.sv(99) @ 1835000: uvm_test_top.env.scb [COMPARE] C[0][3]  MISMATCH   exp=   43629   got=  557119   <<< ERROR
UVM_ERROR mm_scoreboard.sv(99) @ 1835000: uvm_test_top.env.scb [COMPARE] C[1][0]  MISMATCH   exp=   55370   got=  631122   <<< ERROR
UVM_ERROR mm_scoreboard.sv(99) @ 1835000: uvm_test_top.env.scb [COMPARE] C[1][1]  MISMATCH   exp=   45016   got=  660235   <<< ERROR
UVM_ERROR mm_scoreboard.sv(99) @ 1835000: uvm_test_top.env.scb [COMPARE] C[1][2]  MISMATCH   exp=   71255   got=  698339   <<< ERROR
UVM_ERROR mm_scoreboard.sv(99) @ 1835000: uvm_test_top.env.scb [COMPARE] C[1][3]  MISMATCH   exp=   56305   got=  603533   <<< ERROR
UVM_ERROR mm_scoreboard.sv(99) @ 1835000: uvm_test_top.env.scb [COMPARE] C[2][0]  MISMATCH   exp=   86240   got=  561410   <<< ERROR
UVM_ERROR mm_scoreboard.sv(99) @ 1835000: uvm_test_top.env.scb [COMPARE] C[2][1]  MISMATCH   exp=   69136   got=  610439   <<< ERROR
UVM_ERROR mm_scoreboard.sv(99) @ 1835000: uvm_test_top.env.scb [COMPARE] C[2][2]  MISMATCH   exp=   98395   got=  589418   <<< ERROR
UVM_ERROR mm_scoreboard.sv(99) @ 1835000: uvm_test_top.env.scb [COMPARE] C[2][3]  MISMATCH   exp=  102908   got=  596054   <<< ERROR
UVM_ERROR mm_scoreboard.sv(99) @ 1835000: uvm_test_top.env.scb [COMPARE] C[3][0]  MISMATCH   exp=  106280   got=  686006   <<< ERROR
UVM_ERROR mm_scoreboard.sv(99) @ 1835000: uvm_test_top.env.scb [COMPARE] C[3][1]  MISMATCH   exp=   68395   got=  651824   <<< ERROR
UVM_ERROR mm_scoreboard.sv(99) @ 1835000: uvm_test_top.env.scb [COMPARE] C[3][2]  MISMATCH   exp=  117720   got=  681604   <<< ERROR
UVM_ERROR mm_scoreboard.sv(99) @ 1835000: uvm_test_top.env.scb [COMPARE] C[3][3]  MISMATCH   exp=   92118   got=  616279   <<< ERROR
UVM_ERROR mm_scoreboard.sv(117) @ 1835000: uvm_test_top.env.scb [SCB_CLASS] Transaction FAILED   (corner_mode=x)   [fail_cnt=144]
UVM_INFO mm_sequence.sv(60) @ 1836000: uvm_test_top.env.agnt.seqr@@test_seq [TEST_SEQ] Sending transaction (corner_mode=0):
  [SEQ_ITEM] corner_mode=0
    A[0]=[  37  21 216 207 ]  B[0]=[ 210 235   9  87 ]
    A[1]=[ 166 134 205   1 ]  B[1]=[ 145 234  16  13 ]
    A[2]=[   8 212 186 238 ]  B[2]=[ 149 163  58 182 ]
    A[3]=[ 209  43 205 160 ]  B[3]=[ 143  21  81  95 ]
  Expected C:
    C[0]=[   72600   53164   29964   62469 ]
    C[1]=[   84978  103802   15609   53589 ]
    C[2]=[   94168   86804   33530   59914 ]
    C[3]=[  103550   95952   27419   71252 ]
UVM_INFO mm_driver.sv(44) @ 1836000: uvm_test_top.env.agnt.drv [DRIVER_CLASS] Received seq_item — corner_mode=0  Driving DUT...
UVM_INFO mm_monitor.sv(64) @ 1855000: uvm_test_top.env.agnt.mon [MONITOR_CLASS] start=1 detected — new transaction beginning
UVM_INFO mm_driver.sv(123) @ 1906000: uvm_test_top.env.agnt.drv [DRIVER_CLASS] valid_in_upstream=0 — data phase done, waiting for result_valid
UVM_INFO mm_driver.sv(129) @ 1985000: uvm_test_top.env.agnt.drv [DRIVER_CLASS] result_valid=1 — DUT in DONE state, transaction complete
UVM_INFO mm_monitor.sv(101) @ 1995000: uvm_test_top.env.agnt.mon [MONITOR_CLASS] result_valid=1 — capturing DUT result bus
UVM_INFO mm_monitor.sv(110) @ 1995000: uvm_test_top.env.agnt.mon [MONITOR_CLASS] Transaction observed and packaged:
  [SEQ_ITEM] corner_mode=x
    A[0]=[  37  21 216 207 ]  B[0]=[ 210 235   9  87 ]
    A[1]=[ 166 134 205   1 ]  B[1]=[ 145 234  16  13 ]
    A[2]=[   8 212 186 238 ]  B[2]=[ 149 163  58 182 ]
    A[3]=[ 209  43 205 160 ]  B[3]=[ 143  21  81  95 ]
  Expected C:
    C[0]=[   72600   53164   29964   62469 ]
    C[1]=[   84978  103802   15609   53589 ]
    C[2]=[   94168   86804   33530   59914 ]
    C[3]=[  103550   95952   27419   71252 ]
UVM_INFO mm_coverage.sv(204) @ 1995000: uvm_test_top.env.cov [COV_CLASS] Running cov: mode=100.0%  A=100.0%  B=100.0%  result=100.0%
UVM_INFO mm_scoreboard.sv(66) @ 1995000: uvm_test_top.env.scb [SCB_CLASS] Checking transaction (corner_mode=x) — queue depth after pop: 0
UVM_INFO mm_scoreboard.sv(81) @ 1995000: uvm_test_top.env.scb [SCB_CLASS] --- Comparing transaction (corner_mode=x) ---
UVM_ERROR mm_scoreboard.sv(99) @ 1995000: uvm_test_top.env.scb [COMPARE] C[0][0]  MISMATCH   exp=   72600   got=  613870   <<< ERROR
UVM_ERROR mm_scoreboard.sv(99) @ 1995000: uvm_test_top.env.scb [COMPARE] C[0][1]  MISMATCH   exp=   53164   got=  632910   <<< ERROR
UVM_ERROR mm_scoreboard.sv(99) @ 1995000: uvm_test_top.env.scb [COMPARE] C[0][2]  MISMATCH   exp=   29964   got=  653331   <<< ERROR
UVM_ERROR mm_scoreboard.sv(99) @ 1995000: uvm_test_top.env.scb [COMPARE] C[0][3]  MISMATCH   exp=   62469   got=  619588   <<< ERROR
UVM_ERROR mm_scoreboard.sv(99) @ 1995000: uvm_test_top.env.scb [COMPARE] C[1][0]  MISMATCH   exp=   84978   got=  716100   <<< ERROR
UVM_ERROR mm_scoreboard.sv(99) @ 1995000: uvm_test_top.env.scb [COMPARE] C[1][1]  MISMATCH   exp=  103802   got=  764037   <<< ERROR
UVM_ERROR mm_scoreboard.sv(99) @ 1995000: uvm_test_top.env.scb [COMPARE] C[1][2]  MISMATCH   exp=   15609   got=  713948   <<< ERROR
UVM_ERROR mm_scoreboard.sv(99) @ 1995000: uvm_test_top.env.scb [COMPARE] C[1][3]  MISMATCH   exp=   53589   got=  657122   <<< ERROR
UVM_ERROR mm_scoreboard.sv(99) @ 1995000: uvm_test_top.env.scb [COMPARE] C[2][0]  MISMATCH   exp=   94168   got=  655578   <<< ERROR
UVM_ERROR mm_scoreboard.sv(99) @ 1995000: uvm_test_top.env.scb [COMPARE] C[2][1]  MISMATCH   exp=   86804   got=  697243   <<< ERROR
UVM_ERROR mm_scoreboard.sv(99) @ 1995000: uvm_test_top.env.scb [COMPARE] C[2][2]  MISMATCH   exp=   33530   got=  622948   <<< ERROR
UVM_ERROR mm_scoreboard.sv(99) @ 1995000: uvm_test_top.env.scb [COMPARE] C[2][3]  MISMATCH   exp=   59914   got=  655968   <<< ERROR
UVM_ERROR mm_scoreboard.sv(99) @ 1995000: uvm_test_top.env.scb [COMPARE] C[3][0]  MISMATCH   exp=  103550   got=  789556   <<< ERROR
UVM_ERROR mm_scoreboard.sv(99) @ 1995000: uvm_test_top.env.scb [COMPARE] C[3][1]  MISMATCH   exp=   95952   got=  747776   <<< ERROR
UVM_ERROR mm_scoreboard.sv(99) @ 1995000: uvm_test_top.env.scb [COMPARE] C[3][2]  MISMATCH   exp=   27419   got=  709023   <<< ERROR
UVM_ERROR mm_scoreboard.sv(99) @ 1995000: uvm_test_top.env.scb [COMPARE] C[3][3]  MISMATCH   exp=   71252   got=  687531   <<< ERROR
UVM_ERROR mm_scoreboard.sv(117) @ 1995000: uvm_test_top.env.scb [SCB_CLASS] Transaction FAILED   (corner_mode=x)   [fail_cnt=160]
UVM_INFO mm_sequence.sv(60) @ 1996000: uvm_test_top.env.agnt.seqr@@test_seq [TEST_SEQ] Sending transaction (corner_mode=0):
  [SEQ_ITEM] corner_mode=0
    A[0]=[ 122  16 159 171 ]  B[0]=[ 178 169 137  23 ]
    A[1]=[  57 161 106 105 ]  B[1]=[  95  76  66 235 ]
    A[2]=[  97 189  97   2 ]  B[2]=[ 239 129 246  78 ]
    A[3]=[  58 122 160  66 ]  B[3]=[   7 157 195 139 ]
  Expected C:
    C[0]=[   62434   69192   90229   42737 ]
    C[1]=[   51510   52028   64986   62009 ]
    C[2]=[   58418   43584   50015   54490 ]
    C[3]=[   60616   50076   68228   51658 ]
UVM_INFO mm_driver.sv(44) @ 1996000: uvm_test_top.env.agnt.drv [DRIVER_CLASS] Received seq_item — corner_mode=0  Driving DUT...
UVM_INFO mm_monitor.sv(64) @ 2015000: uvm_test_top.env.agnt.mon [MONITOR_CLASS] start=1 detected — new transaction beginning
UVM_INFO mm_driver.sv(123) @ 2066000: uvm_test_top.env.agnt.drv [DRIVER_CLASS] valid_in_upstream=0 — data phase done, waiting for result_valid
UVM_INFO mm_driver.sv(129) @ 2145000: uvm_test_top.env.agnt.drv [DRIVER_CLASS] result_valid=1 — DUT in DONE state, transaction complete
UVM_INFO mm_monitor.sv(101) @ 2155000: uvm_test_top.env.agnt.mon [MONITOR_CLASS] result_valid=1 — capturing DUT result bus
UVM_INFO mm_monitor.sv(110) @ 2155000: uvm_test_top.env.agnt.mon [MONITOR_CLASS] Transaction observed and packaged:
  [SEQ_ITEM] corner_mode=x
    A[0]=[ 122  16 159 171 ]  B[0]=[ 178 169 137  23 ]
    A[1]=[  57 161 106 105 ]  B[1]=[  95  76  66 235 ]
    A[2]=[  97 189  97   2 ]  B[2]=[ 239 129 246  78 ]
    A[3]=[  58 122 160  66 ]  B[3]=[   7 157 195 139 ]
  Expected C:
    C[0]=[   62434   69192   90229   42737 ]
    C[1]=[   51510   52028   64986   62009 ]
    C[2]=[   58418   43584   50015   54490 ]
    C[3]=[   60616   50076   68228   51658 ]
UVM_INFO mm_coverage.sv(204) @ 2155000: uvm_test_top.env.cov [COV_CLASS] Running cov: mode=100.0%  A=100.0%  B=100.0%  result=100.0%
UVM_INFO mm_scoreboard.sv(66) @ 2155000: uvm_test_top.env.scb [SCB_CLASS] Checking transaction (corner_mode=x) — queue depth after pop: 0
UVM_INFO mm_scoreboard.sv(81) @ 2155000: uvm_test_top.env.scb [SCB_CLASS] --- Comparing transaction (corner_mode=x) ---
UVM_ERROR mm_scoreboard.sv(99) @ 2155000: uvm_test_top.env.scb [COMPARE] C[0][0]  MISMATCH   exp=   62434   got=  676304   <<< ERROR
UVM_ERROR mm_scoreboard.sv(99) @ 2155000: uvm_test_top.env.scb [COMPARE] C[0][1]  MISMATCH   exp=   69192   got=  702102   <<< ERROR
UVM_ERROR mm_scoreboard.sv(99) @ 2155000: uvm_test_top.env.scb [COMPARE] C[0][2]  MISMATCH   exp=   90229   got=  743560   <<< ERROR
UVM_ERROR mm_scoreboard.sv(99) @ 2155000: uvm_test_top.env.scb [COMPARE] C[0][3]  MISMATCH   exp=   42737   got=  662325   <<< ERROR
UVM_ERROR mm_scoreboard.sv(99) @ 2155000: uvm_test_top.env.scb [COMPARE] C[1][0]  MISMATCH   exp=   51510   got=  767610   <<< ERROR
UVM_ERROR mm_scoreboard.sv(99) @ 2155000: uvm_test_top.env.scb [COMPARE] C[1][1]  MISMATCH   exp=   52028   got=  816065   <<< ERROR
UVM_ERROR mm_scoreboard.sv(99) @ 2155000: uvm_test_top.env.scb [COMPARE] C[1][2]  MISMATCH   exp=   64986   got=  778934   <<< ERROR
UVM_ERROR mm_scoreboard.sv(99) @ 2155000: uvm_test_top.env.scb [COMPARE] C[1][3]  MISMATCH   exp=   62009   got=  719131   <<< ERROR
UVM_ERROR mm_scoreboard.sv(99) @ 2155000: uvm_test_top.env.scb [COMPARE] C[2][0]  MISMATCH   exp=   58418   got=  713996   <<< ERROR
UVM_ERROR mm_scoreboard.sv(99) @ 2155000: uvm_test_top.env.scb [COMPARE] C[2][1]  MISMATCH   exp=   43584   got=  740827   <<< ERROR
UVM_ERROR mm_scoreboard.sv(99) @ 2155000: uvm_test_top.env.scb [COMPARE] C[2][2]  MISMATCH   exp=   50015   got=  672963   <<< ERROR
UVM_ERROR mm_scoreboard.sv(99) @ 2155000: uvm_test_top.env.scb [COMPARE] C[2][3]  MISMATCH   exp=   54490   got=  710458   <<< ERROR
UVM_ERROR mm_scoreboard.sv(99) @ 2155000: uvm_test_top.env.scb [COMPARE] C[3][0]  MISMATCH   exp=   60616   got=  850172   <<< ERROR
UVM_ERROR mm_scoreboard.sv(99) @ 2155000: uvm_test_top.env.scb [COMPARE] C[3][1]  MISMATCH   exp=   50076   got=  797852   <<< ERROR
UVM_ERROR mm_scoreboard.sv(99) @ 2155000: uvm_test_top.env.scb [COMPARE] C[3][2]  MISMATCH   exp=   68228   got=  777251   <<< ERROR
UVM_ERROR mm_scoreboard.sv(99) @ 2155000: uvm_test_top.env.scb [COMPARE] C[3][3]  MISMATCH   exp=   51658   got=  739189   <<< ERROR
UVM_ERROR mm_scoreboard.sv(117) @ 2155000: uvm_test_top.env.scb [SCB_CLASS] Transaction FAILED   (corner_mode=x)   [fail_cnt=176]
UVM_INFO mm_sequence.sv(60) @ 2156000: uvm_test_top.env.agnt.seqr@@test_seq [TEST_SEQ] Sending transaction (corner_mode=0):
  [SEQ_ITEM] corner_mode=0
    A[0]=[ 157 130 171 255 ]  B[0]=[  36   9  52 131 ]
    A[1]=[ 221  94 203 160 ]  B[1]=[ 153  67 117 243 ]
    A[2]=[ 194 165 145 227 ]  B[2]=[  15   9  60 197 ]
    A[3]=[  32 169 156  26 ]  B[3]=[  53  52 198 218 ]
  Expected C:
    C[0]=[   41622   24922   84124  141434 ]
    C[1]=[   33863   18434   66350  126664 ]
    C[2]=[   46435   25910   83039  143560 ]
    C[3]=[   30727   14367   35945   81659 ]
UVM_INFO mm_driver.sv(44) @ 2156000: uvm_test_top.env.agnt.drv [DRIVER_CLASS] Received seq_item — corner_mode=0  Driving DUT...
UVM_INFO mm_monitor.sv(64) @ 2175000: uvm_test_top.env.agnt.mon [MONITOR_CLASS] start=1 detected — new transaction beginning
UVM_INFO mm_driver.sv(123) @ 2226000: uvm_test_top.env.agnt.drv [DRIVER_CLASS] valid_in_upstream=0 — data phase done, waiting for result_valid
UVM_INFO mm_driver.sv(129) @ 2305000: uvm_test_top.env.agnt.drv [DRIVER_CLASS] result_valid=1 — DUT in DONE state, transaction complete
UVM_INFO mm_monitor.sv(101) @ 2315000: uvm_test_top.env.agnt.mon [MONITOR_CLASS] result_valid=1 — capturing DUT result bus
UVM_INFO mm_monitor.sv(110) @ 2315000: uvm_test_top.env.agnt.mon [MONITOR_CLASS] Transaction observed and packaged:
  [SEQ_ITEM] corner_mode=x
    A[0]=[ 157 130 171 255 ]  B[0]=[  36   9  52 131 ]
    A[1]=[ 221  94 203 160 ]  B[1]=[ 153  67 117 243 ]
    A[2]=[ 194 165 145 227 ]  B[2]=[  15   9  60 197 ]
    A[3]=[  32 169 156  26 ]  B[3]=[  53  52 198 218 ]
  Expected C:
    C[0]=[   41622   24922   84124  141434 ]
    C[1]=[   33863   18434   66350  126664 ]
    C[2]=[   46435   25910   83039  143560 ]
    C[3]=[   30727   14367   35945   81659 ]
UVM_INFO mm_coverage.sv(204) @ 2315000: uvm_test_top.env.cov [COV_CLASS] Running cov: mode=100.0%  A=100.0%  B=100.0%  result=100.0%
UVM_INFO mm_scoreboard.sv(66) @ 2315000: uvm_test_top.env.scb [SCB_CLASS] Checking transaction (corner_mode=x) — queue depth after pop: 0
UVM_INFO mm_scoreboard.sv(81) @ 2315000: uvm_test_top.env.scb [SCB_CLASS] --- Comparing transaction (corner_mode=x) ---
UVM_ERROR mm_scoreboard.sv(99) @ 2315000: uvm_test_top.env.scb [COMPARE] C[0][0]  MISMATCH   exp=   41622   got=  717926   <<< ERROR
UVM_ERROR mm_scoreboard.sv(99) @ 2315000: uvm_test_top.env.scb [COMPARE] C[0][1]  MISMATCH   exp=   24922   got=  727024   <<< ERROR
UVM_ERROR mm_scoreboard.sv(99) @ 2315000: uvm_test_top.env.scb [COMPARE] C[0][2]  MISMATCH   exp=   84124   got=  827684   <<< ERROR
UVM_ERROR mm_scoreboard.sv(99) @ 2315000: uvm_test_top.env.scb [COMPARE] C[0][3]  MISMATCH   exp=  141434   got=  803759   <<< ERROR
UVM_ERROR mm_scoreboard.sv(99) @ 2315000: uvm_test_top.env.scb [COMPARE] C[1][0]  MISMATCH   exp=   33863   got=  801473   <<< ERROR
UVM_ERROR mm_scoreboard.sv(99) @ 2315000: uvm_test_top.env.scb [COMPARE] C[1][1]  MISMATCH   exp=   18434   got=  834499   <<< ERROR
UVM_ERROR mm_scoreboard.sv(99) @ 2315000: uvm_test_top.env.scb [COMPARE] C[1][2]  MISMATCH   exp=   66350   got=  845284   <<< ERROR
UVM_ERROR mm_scoreboard.sv(99) @ 2315000: uvm_test_top.env.scb [COMPARE] C[1][3]  MISMATCH   exp=  126664   got=  845795   <<< ERROR
UVM_ERROR mm_scoreboard.sv(99) @ 2315000: uvm_test_top.env.scb [COMPARE] C[2][0]  MISMATCH   exp=   46435   got=  760431   <<< ERROR
UVM_ERROR mm_scoreboard.sv(99) @ 2315000: uvm_test_top.env.scb [COMPARE] C[2][1]  MISMATCH   exp=   25910   got=  766737   <<< ERROR
UVM_ERROR mm_scoreboard.sv(99) @ 2315000: uvm_test_top.env.scb [COMPARE] C[2][2]  MISMATCH   exp=   83039   got=  756002   <<< ERROR
UVM_ERROR mm_scoreboard.sv(99) @ 2315000: uvm_test_top.env.scb [COMPARE] C[2][3]  MISMATCH   exp=  143560   got=  854018   <<< ERROR
UVM_ERROR mm_scoreboard.sv(99) @ 2315000: uvm_test_top.env.scb [COMPARE] C[3][0]  MISMATCH   exp=   30727   got=  880899   <<< ERROR
UVM_ERROR mm_scoreboard.sv(99) @ 2315000: uvm_test_top.env.scb [COMPARE] C[3][1]  MISMATCH   exp=   14367   got=  812219   <<< ERROR
UVM_ERROR mm_scoreboard.sv(99) @ 2315000: uvm_test_top.env.scb [COMPARE] C[3][2]  MISMATCH   exp=   35945   got=  813196   <<< ERROR
UVM_ERROR mm_scoreboard.sv(99) @ 2315000: uvm_test_top.env.scb [COMPARE] C[3][3]  MISMATCH   exp=   81659   got=  820848   <<< ERROR
UVM_ERROR mm_scoreboard.sv(117) @ 2315000: uvm_test_top.env.scb [SCB_CLASS] Transaction FAILED   (corner_mode=x)   [fail_cnt=192]
UVM_INFO mm_sequence.sv(60) @ 2316000: uvm_test_top.env.agnt.seqr@@test_seq [TEST_SEQ] Sending transaction (corner_mode=0):
  [SEQ_ITEM] corner_mode=0
    A[0]=[ 181 212 251 148 ]  B[0]=[ 229  87 167 127 ]
    A[1]=[ 252 133 120 252 ]  B[1]=[ 139  87  85  76 ]
    A[2]=[ 226 109  24 238 ]  B[2]=[ 167 156  64 124 ]
    A[3]=[  25 114 195 138 ]  B[3]=[  39  87 166  84 ]
  Expected C:
    C[0]=[  118606   86223   88879   82655 ]
    C[1]=[  106063   74139  102901   78160 ]
    C[2]=[   80195   53595   88051   59954 ]
    C[3]=[   59518   54519   49253   47611 ]
UVM_INFO mm_driver.sv(44) @ 2316000: uvm_test_top.env.agnt.drv [DRIVER_CLASS] Received seq_item — corner_mode=0  Driving DUT...
UVM_INFO mm_monitor.sv(64) @ 2335000: uvm_test_top.env.agnt.mon [MONITOR_CLASS] start=1 detected — new transaction beginning
UVM_INFO mm_driver.sv(123) @ 2386000: uvm_test_top.env.agnt.drv [DRIVER_CLASS] valid_in_upstream=0 — data phase done, waiting for result_valid
UVM_INFO mm_driver.sv(129) @ 2465000: uvm_test_top.env.agnt.drv [DRIVER_CLASS] result_valid=1 — DUT in DONE state, transaction complete
UVM_INFO mm_monitor.sv(101) @ 2475000: uvm_test_top.env.agnt.mon [MONITOR_CLASS] result_valid=1 — capturing DUT result bus
UVM_INFO mm_monitor.sv(110) @ 2475000: uvm_test_top.env.agnt.mon [MONITOR_CLASS] Transaction observed and packaged:
  [SEQ_ITEM] corner_mode=x
    A[0]=[ 181 212 251 148 ]  B[0]=[ 229  87 167 127 ]
    A[1]=[ 252 133 120 252 ]  B[1]=[ 139  87  85  76 ]
    A[2]=[ 226 109  24 238 ]  B[2]=[ 167 156  64 124 ]
    A[3]=[  25 114 195 138 ]  B[3]=[  39  87 166  84 ]
  Expected C:
    C[0]=[  118606   86223   88879   82655 ]
    C[1]=[  106063   74139  102901   78160 ]
    C[2]=[   80195   53595   88051   59954 ]
    C[3]=[   59518   54519   49253   47611 ]
UVM_INFO mm_coverage.sv(204) @ 2475000: uvm_test_top.env.cov [COV_CLASS] Running cov: mode=100.0%  A=100.0%  B=100.0%  result=100.0%
UVM_INFO mm_scoreboard.sv(66) @ 2475000: uvm_test_top.env.scb [SCB_CLASS] Checking transaction (corner_mode=x) — queue depth after pop: 0
UVM_INFO mm_scoreboard.sv(81) @ 2475000: uvm_test_top.env.scb [SCB_CLASS] --- Comparing transaction (corner_mode=x) ---
UVM_ERROR mm_scoreboard.sv(99) @ 2475000: uvm_test_top.env.scb [COMPARE] C[0][0]  MISMATCH   exp=  118606   got=  836532   <<< ERROR
UVM_ERROR mm_scoreboard.sv(99) @ 2475000: uvm_test_top.env.scb [COMPARE] C[0][1]  MISMATCH   exp=   86223   got=  813247   <<< ERROR
UVM_ERROR mm_scoreboard.sv(99) @ 2475000: uvm_test_top.env.scb [COMPARE] C[0][2]  MISMATCH   exp=   88879   got=  916563   <<< ERROR
UVM_ERROR mm_scoreboard.sv(99) @ 2475000: uvm_test_top.env.scb [COMPARE] C[0][3]  MISMATCH   exp=   82655   got=  886414   <<< ERROR
UVM_ERROR mm_scoreboard.sv(99) @ 2475000: uvm_test_top.env.scb [COMPARE] C[1][0]  MISMATCH   exp=  106063   got=  907536   <<< ERROR
UVM_ERROR mm_scoreboard.sv(99) @ 2475000: uvm_test_top.env.scb [COMPARE] C[1][1]  MISMATCH   exp=   74139   got=  908638   <<< ERROR
UVM_ERROR mm_scoreboard.sv(99) @ 2475000: uvm_test_top.env.scb [COMPARE] C[1][2]  MISMATCH   exp=  102901   got=  948185   <<< ERROR
UVM_ERROR mm_scoreboard.sv(99) @ 2475000: uvm_test_top.env.scb [COMPARE] C[1][3]  MISMATCH   exp=   78160   got=  923955   <<< ERROR
UVM_ERROR mm_scoreboard.sv(99) @ 2475000: uvm_test_top.env.scb [COMPARE] C[2][0]  MISMATCH   exp=   80195   got=  840626   <<< ERROR
UVM_ERROR mm_scoreboard.sv(99) @ 2475000: uvm_test_top.env.scb [COMPARE] C[2][1]  MISMATCH   exp=   53595   got=  820332   <<< ERROR
UVM_ERROR mm_scoreboard.sv(99) @ 2475000: uvm_test_top.env.scb [COMPARE] C[2][2]  MISMATCH   exp=   88051   got=  844053   <<< ERROR
UVM_ERROR mm_scoreboard.sv(99) @ 2475000: uvm_test_top.env.scb [COMPARE] C[2][3]  MISMATCH   exp=   59954   got=  913972   <<< ERROR
UVM_ERROR mm_scoreboard.sv(99) @ 2475000: uvm_test_top.env.scb [COMPARE] C[3][0]  MISMATCH   exp=   59518   got=  940417   <<< ERROR
UVM_ERROR mm_scoreboard.sv(99) @ 2475000: uvm_test_top.env.scb [COMPARE] C[3][1]  MISMATCH   exp=   54519   got=  866738   <<< ERROR
UVM_ERROR mm_scoreboard.sv(99) @ 2475000: uvm_test_top.env.scb [COMPARE] C[3][2]  MISMATCH   exp=   49253   got=  862449   <<< ERROR
UVM_ERROR mm_scoreboard.sv(99) @ 2475000: uvm_test_top.env.scb [COMPARE] C[3][3]  MISMATCH   exp=   47611   got=  868459   <<< ERROR
UVM_ERROR mm_scoreboard.sv(117) @ 2475000: uvm_test_top.env.scb [SCB_CLASS] Transaction FAILED   (corner_mode=x)   [fail_cnt=208]
UVM_INFO mm_sequence.sv(60) @ 2476000: uvm_test_top.env.agnt.seqr@@test_seq [TEST_SEQ] Sending transaction (corner_mode=0):
  [SEQ_ITEM] corner_mode=0
    A[0]=[  47 100 191   0 ]  B[0]=[ 190  66 134 133 ]
    A[1]=[  79 104  85 173 ]  B[1]=[  83  55  96 219 ]
    A[2]=[   3 245 247 199 ]  B[2]=[   8 141  31 128 ]
    A[3]=[ 203 175  58  10 ]  B[3]=[ 116 112   6  99 ]
  Expected C:
    C[0]=[   18758   35533   21819   52599 ]
    C[1]=[   44390   42295   24243   61290 ]
    C[2]=[   45965   70788   32773  105371 ]
    C[3]=[   54719   32321   45860   73738 ]
UVM_INFO mm_driver.sv(44) @ 2476000: uvm_test_top.env.agnt.drv [DRIVER_CLASS] Received seq_item — corner_mode=0  Driving DUT...
UVM_INFO mm_monitor.sv(64) @ 2495000: uvm_test_top.env.agnt.mon [MONITOR_CLASS] start=1 detected — new transaction beginning
UVM_INFO mm_driver.sv(123) @ 2546000: uvm_test_top.env.agnt.drv [DRIVER_CLASS] valid_in_upstream=0 — data phase done, waiting for result_valid
UVM_INFO mm_driver.sv(129) @ 2625000: uvm_test_top.env.agnt.drv [DRIVER_CLASS] result_valid=1 — DUT in DONE state, transaction complete
UVM_INFO mm_monitor.sv(101) @ 2635000: uvm_test_top.env.agnt.mon [MONITOR_CLASS] result_valid=1 — capturing DUT result bus
UVM_INFO mm_monitor.sv(110) @ 2635000: uvm_test_top.env.agnt.mon [MONITOR_CLASS] Transaction observed and packaged:
  [SEQ_ITEM] corner_mode=x
    A[0]=[  47 100 191   0 ]  B[0]=[ 190  66 134 133 ]
    A[1]=[  79 104  85 173 ]  B[1]=[  83  55  96 219 ]
    A[2]=[   3 245 247 199 ]  B[2]=[   8 141  31 128 ]
    A[3]=[ 203 175  58  10 ]  B[3]=[ 116 112   6  99 ]
  Expected C:
    C[0]=[   18758   35533   21819   52599 ]
    C[1]=[   44390   42295   24243   61290 ]
    C[2]=[   45965   70788   32773  105371 ]
    C[3]=[   54719   32321   45860   73738 ]
UVM_INFO mm_coverage.sv(204) @ 2635000: uvm_test_top.env.cov [COV_CLASS] Running cov: mode=100.0%  A=100.0%  B=100.0%  result=100.0%
UVM_INFO mm_scoreboard.sv(66) @ 2635000: uvm_test_top.env.scb [SCB_CLASS] Checking transaction (corner_mode=x) — queue depth after pop: 0
UVM_INFO mm_scoreboard.sv(81) @ 2635000: uvm_test_top.env.scb [SCB_CLASS] --- Comparing transaction (corner_mode=x) ---
UVM_ERROR mm_scoreboard.sv(99) @ 2635000: uvm_test_top.env.scb [COMPARE] C[0][0]  MISMATCH   exp=   18758   got=  855290   <<< ERROR
UVM_ERROR mm_scoreboard.sv(99) @ 2635000: uvm_test_top.env.scb [COMPARE] C[0][1]  MISMATCH   exp=   35533   got=  848780   <<< ERROR
UVM_ERROR mm_scoreboard.sv(99) @ 2635000: uvm_test_top.env.scb [COMPARE] C[0][2]  MISMATCH   exp=   21819   got=  938382   <<< ERROR
UVM_ERROR mm_scoreboard.sv(99) @ 2635000: uvm_test_top.env.scb [COMPARE] C[0][3]  MISMATCH   exp=   52599   got=  939013   <<< ERROR
UVM_ERROR mm_scoreboard.sv(99) @ 2635000: uvm_test_top.env.scb [COMPARE] C[1][0]  MISMATCH   exp=   44390   got=  951926   <<< ERROR
UVM_ERROR mm_scoreboard.sv(99) @ 2635000: uvm_test_top.env.scb [COMPARE] C[1][1]  MISMATCH   exp=   42295   got=  950933   <<< ERROR
UVM_ERROR mm_scoreboard.sv(99) @ 2635000: uvm_test_top.env.scb [COMPARE] C[1][2]  MISMATCH   exp=   24243   got=  972428   <<< ERROR
UVM_ERROR mm_scoreboard.sv(99) @ 2635000: uvm_test_top.env.scb [COMPARE] C[1][3]  MISMATCH   exp=   61290   got=  985245   <<< ERROR
UVM_ERROR mm_scoreboard.sv(99) @ 2635000: uvm_test_top.env.scb [COMPARE] C[2][0]  MISMATCH   exp=   45965   got=  886591   <<< ERROR
UVM_ERROR mm_scoreboard.sv(99) @ 2635000: uvm_test_top.env.scb [COMPARE] C[2][1]  MISMATCH   exp=   70788   got=  891120   <<< ERROR
UVM_ERROR mm_scoreboard.sv(99) @ 2635000: uvm_test_top.env.scb [COMPARE] C[2][2]  MISMATCH   exp=   32773   got=  876826   <<< ERROR
UVM_ERROR mm_scoreboard.sv(99) @ 2635000: uvm_test_top.env.scb [COMPARE] C[2][3]  MISMATCH   exp=  105371   got= 1019343   <<< ERROR
UVM_ERROR mm_scoreboard.sv(99) @ 2635000: uvm_test_top.env.scb [COMPARE] C[3][0]  MISMATCH   exp=   54719   got=  995136   <<< ERROR
UVM_ERROR mm_scoreboard.sv(99) @ 2635000: uvm_test_top.env.scb [COMPARE] C[3][1]  MISMATCH   exp=   32321   got=  899059   <<< ERROR
UVM_ERROR mm_scoreboard.sv(99) @ 2635000: uvm_test_top.env.scb [COMPARE] C[3][2]  MISMATCH   exp=   45860   got=  908309   <<< ERROR
UVM_ERROR mm_scoreboard.sv(99) @ 2635000: uvm_test_top.env.scb [COMPARE] C[3][3]  MISMATCH   exp=   73738   got=  942197   <<< ERROR
UVM_ERROR mm_scoreboard.sv(117) @ 2635000: uvm_test_top.env.scb [SCB_CLASS] Transaction FAILED   (corner_mode=x)   [fail_cnt=224]
UVM_INFO mm_sequence.sv(60) @ 2636000: uvm_test_top.env.agnt.seqr@@test_seq [TEST_SEQ] Sending transaction (corner_mode=0):
  [SEQ_ITEM] corner_mode=0
    A[0]=[ 175 127 179  96 ]  B[0]=[ 222  68 232 201 ]
    A[1]=[  95 208 179   2 ]  B[1]=[ 166 223 108 128 ]
    A[2]=[  36 104  57  26 ]  B[2]=[ 156 128  14  65 ]
    A[3]=[  37 159  63  53 ]  B[3]=[ 198 111  48 184 ]
  Expected C:
    C[0]=[  106864   73789   61430   80730 ]
    C[1]=[   83938   75978   47106   57722 ]
    C[2]=[   39296   35822   21630   29037 ]
    C[3]=[   54930   51920   29182   41636 ]
UVM_INFO mm_driver.sv(44) @ 2636000: uvm_test_top.env.agnt.drv [DRIVER_CLASS] Received seq_item — corner_mode=0  Driving DUT...
UVM_INFO mm_monitor.sv(64) @ 2655000: uvm_test_top.env.agnt.mon [MONITOR_CLASS] start=1 detected — new transaction beginning
UVM_INFO mm_driver.sv(123) @ 2706000: uvm_test_top.env.agnt.drv [DRIVER_CLASS] valid_in_upstream=0 — data phase done, waiting for result_valid
UVM_INFO mm_driver.sv(129) @ 2785000: uvm_test_top.env.agnt.drv [DRIVER_CLASS] result_valid=1 — DUT in DONE state, transaction complete
UVM_INFO mm_monitor.sv(101) @ 2795000: uvm_test_top.env.agnt.mon [MONITOR_CLASS] result_valid=1 — capturing DUT result bus
UVM_INFO mm_monitor.sv(110) @ 2795000: uvm_test_top.env.agnt.mon [MONITOR_CLASS] Transaction observed and packaged:
  [SEQ_ITEM] corner_mode=x
    A[0]=[ 175 127 179  96 ]  B[0]=[ 222  68 232 201 ]
    A[1]=[  95 208 179   2 ]  B[1]=[ 166 223 108 128 ]
    A[2]=[  36 104  57  26 ]  B[2]=[ 156 128  14  65 ]
    A[3]=[  37 159  63  53 ]  B[3]=[ 198 111  48 184 ]
  Expected C:
    C[0]=[  106864   73789   61430   80730 ]
    C[1]=[   83938   75978   47106   57722 ]
    C[2]=[   39296   35822   21630   29037 ]
    C[3]=[   54930   51920   29182   41636 ]
UVM_INFO mm_coverage.sv(204) @ 2795000: uvm_test_top.env.cov [COV_CLASS] Running cov: mode=100.0%  A=100.0%  B=100.0%  result=100.0%
UVM_INFO mm_scoreboard.sv(66) @ 2795000: uvm_test_top.env.scb [SCB_CLASS] Checking transaction (corner_mode=x) — queue depth after pop: 0
UVM_INFO mm_scoreboard.sv(81) @ 2795000: uvm_test_top.env.scb [SCB_CLASS] --- Comparing transaction (corner_mode=x) ---
UVM_ERROR mm_scoreboard.sv(99) @ 2795000: uvm_test_top.env.scb [COMPARE] C[0][0]  MISMATCH   exp=  106864   got=  962154   <<< ERROR
UVM_ERROR mm_scoreboard.sv(99) @ 2795000: uvm_test_top.env.scb [COMPARE] C[0][1]  MISMATCH   exp=   73789   got=  922569   <<< ERROR
UVM_ERROR mm_scoreboard.sv(99) @ 2795000: uvm_test_top.env.scb [COMPARE] C[0][2]  MISMATCH   exp=   61430   got=  999812   <<< ERROR
UVM_ERROR mm_scoreboard.sv(99) @ 2795000: uvm_test_top.env.scb [COMPARE] C[0][3]  MISMATCH   exp=   80730   got= 1019743   <<< ERROR
UVM_ERROR mm_scoreboard.sv(99) @ 2795000: uvm_test_top.env.scb [COMPARE] C[1][0]  MISMATCH   exp=   83938   got= 1035864   <<< ERROR
UVM_ERROR mm_scoreboard.sv(99) @ 2795000: uvm_test_top.env.scb [COMPARE] C[1][1]  MISMATCH   exp=   75978   got= 1026911   <<< ERROR
UVM_ERROR mm_scoreboard.sv(99) @ 2795000: uvm_test_top.env.scb [COMPARE] C[1][2]  MISMATCH   exp=   47106   got= 1019534   <<< ERROR
UVM_ERROR mm_scoreboard.sv(99) @ 2795000: uvm_test_top.env.scb [COMPARE] C[1][3]  MISMATCH   exp=   57722   got= 1042967   <<< ERROR
UVM_ERROR mm_scoreboard.sv(99) @ 2795000: uvm_test_top.env.scb [COMPARE] C[2][0]  MISMATCH   exp=   39296   got=  925887   <<< ERROR
UVM_ERROR mm_scoreboard.sv(99) @ 2795000: uvm_test_top.env.scb [COMPARE] C[2][1]  MISMATCH   exp=   35822   got=  926942   <<< ERROR
UVM_ERROR mm_scoreboard.sv(99) @ 2795000: uvm_test_top.env.scb [COMPARE] C[2][2]  MISMATCH   exp=   21630   got=  898456   <<< ERROR
UVM_ERROR mm_scoreboard.sv(99) @ 2795000: uvm_test_top.env.scb [COMPARE] C[2][3]  MISMATCH   exp=   29037   got= 1048380   <<< ERROR
UVM_ERROR mm_scoreboard.sv(99) @ 2795000: uvm_test_top.env.scb [COMPARE] C[3][0]  MISMATCH   exp=   54930   got= 1050066   <<< ERROR
UVM_ERROR mm_scoreboard.sv(99) @ 2795000: uvm_test_top.env.scb [COMPARE] C[3][1]  MISMATCH   exp=   51920   got=  950979   <<< ERROR
UVM_ERROR mm_scoreboard.sv(99) @ 2795000: uvm_test_top.env.scb [COMPARE] C[3][2]  MISMATCH   exp=   29182   got=  937491   <<< ERROR
UVM_ERROR mm_scoreboard.sv(99) @ 2795000: uvm_test_top.env.scb [COMPARE] C[3][3]  MISMATCH   exp=   41636   got=  983833   <<< ERROR
UVM_ERROR mm_scoreboard.sv(117) @ 2795000: uvm_test_top.env.scb [SCB_CLASS] Transaction FAILED   (corner_mode=x)   [fail_cnt=240]
UVM_INFO mm_sequence.sv(60) @ 2796000: uvm_test_top.env.agnt.seqr@@test_seq [TEST_SEQ] Sending transaction (corner_mode=3):
  [SEQ_ITEM] corner_mode=3
    A[0]=[ 255 255 255 255 ]  B[0]=[ 255 255 255 255 ]
    A[1]=[ 255 255 255 255 ]  B[1]=[ 255 255 255 255 ]
    A[2]=[ 255 255 255 255 ]  B[2]=[ 255 255 255 255 ]
    A[3]=[ 255 255 255 255 ]  B[3]=[ 255 255 255 255 ]
  Expected C:
    C[0]=[  260100  260100  260100  260100 ]
    C[1]=[  260100  260100  260100  260100 ]
    C[2]=[  260100  260100  260100  260100 ]
    C[3]=[  260100  260100  260100  260100 ]
UVM_INFO mm_driver.sv(44) @ 2796000: uvm_test_top.env.agnt.drv [DRIVER_CLASS] Received seq_item — corner_mode=3  Driving DUT...
UVM_INFO mm_monitor.sv(64) @ 2815000: uvm_test_top.env.agnt.mon [MONITOR_CLASS] start=1 detected — new transaction beginning
UVM_INFO mm_driver.sv(123) @ 2866000: uvm_test_top.env.agnt.drv [DRIVER_CLASS] valid_in_upstream=0 — data phase done, waiting for result_valid
UVM_INFO mm_driver.sv(129) @ 2945000: uvm_test_top.env.agnt.drv [DRIVER_CLASS] result_valid=1 — DUT in DONE state, transaction complete
UVM_INFO mm_monitor.sv(101) @ 2955000: uvm_test_top.env.agnt.mon [MONITOR_CLASS] result_valid=1 — capturing DUT result bus
UVM_INFO mm_monitor.sv(110) @ 2955000: uvm_test_top.env.agnt.mon [MONITOR_CLASS] Transaction observed and packaged:
  [SEQ_ITEM] corner_mode=x
    A[0]=[ 255 255 255 255 ]  B[0]=[ 255 255 255 255 ]
    A[1]=[ 255 255 255 255 ]  B[1]=[ 255 255 255 255 ]
    A[2]=[ 255 255 255 255 ]  B[2]=[ 255 255 255 255 ]
    A[3]=[ 255 255 255 255 ]  B[3]=[ 255 255 255 255 ]
  Expected C:
    C[0]=[  260100  260100  260100  260100 ]
    C[1]=[  260100  260100  260100  260100 ]
    C[2]=[  260100  260100  260100  260100 ]
    C[3]=[  260100  260100  260100  260100 ]
UVM_INFO mm_coverage.sv(204) @ 2955000: uvm_test_top.env.cov [COV_CLASS] Running cov: mode=100.0%  A=100.0%  B=100.0%  result=100.0%
UVM_INFO mm_scoreboard.sv(66) @ 2955000: uvm_test_top.env.scb [SCB_CLASS] Checking transaction (corner_mode=x) — queue depth after pop: 0
UVM_INFO mm_scoreboard.sv(81) @ 2955000: uvm_test_top.env.scb [SCB_CLASS] --- Comparing transaction (corner_mode=x) ---
UVM_ERROR mm_scoreboard.sv(99) @ 2955000: uvm_test_top.env.scb [COMPARE] C[0][0]  MISMATCH   exp=  260100   got= 1222254   <<< ERROR
UVM_ERROR mm_scoreboard.sv(99) @ 2955000: uvm_test_top.env.scb [COMPARE] C[0][1]  MISMATCH   exp=  260100   got= 1182669   <<< ERROR
UVM_ERROR mm_scoreboard.sv(99) @ 2955000: uvm_test_top.env.scb [COMPARE] C[0][2]  MISMATCH   exp=  260100   got= 1259912   <<< ERROR
UVM_ERROR mm_scoreboard.sv(99) @ 2955000: uvm_test_top.env.scb [COMPARE] C[0][3]  MISMATCH   exp=  260100   got= 1279843   <<< ERROR
UVM_ERROR mm_scoreboard.sv(99) @ 2955000: uvm_test_top.env.scb [COMPARE] C[1][0]  MISMATCH   exp=  260100   got= 1295964   <<< ERROR
UVM_ERROR mm_scoreboard.sv(99) @ 2955000: uvm_test_top.env.scb [COMPARE] C[1][1]  MISMATCH   exp=  260100   got= 1287011   <<< ERROR
UVM_ERROR mm_scoreboard.sv(99) @ 2955000: uvm_test_top.env.scb [COMPARE] C[1][2]  MISMATCH   exp=  260100   got= 1279634   <<< ERROR
UVM_ERROR mm_scoreboard.sv(99) @ 2955000: uvm_test_top.env.scb [COMPARE] C[1][3]  MISMATCH   exp=  260100   got= 1303067   <<< ERROR
UVM_ERROR mm_scoreboard.sv(99) @ 2955000: uvm_test_top.env.scb [COMPARE] C[2][0]  MISMATCH   exp=  260100   got= 1185987   <<< ERROR
UVM_ERROR mm_scoreboard.sv(99) @ 2955000: uvm_test_top.env.scb [COMPARE] C[2][1]  MISMATCH   exp=  260100   got= 1187042   <<< ERROR
UVM_ERROR mm_scoreboard.sv(99) @ 2955000: uvm_test_top.env.scb [COMPARE] C[2][2]  MISMATCH   exp=  260100   got= 1158556   <<< ERROR
UVM_ERROR mm_scoreboard.sv(99) @ 2955000: uvm_test_top.env.scb [COMPARE] C[2][3]  MISMATCH   exp=  260100   got= 1308480   <<< ERROR
UVM_ERROR mm_scoreboard.sv(99) @ 2955000: uvm_test_top.env.scb [COMPARE] C[3][0]  MISMATCH   exp=  260100   got= 1310166   <<< ERROR
UVM_ERROR mm_scoreboard.sv(99) @ 2955000: uvm_test_top.env.scb [COMPARE] C[3][1]  MISMATCH   exp=  260100   got= 1211079   <<< ERROR
UVM_ERROR mm_scoreboard.sv(99) @ 2955000: uvm_test_top.env.scb [COMPARE] C[3][2]  MISMATCH   exp=  260100   got= 1197591   <<< ERROR
UVM_ERROR mm_scoreboard.sv(99) @ 2955000: uvm_test_top.env.scb [COMPARE] C[3][3]  MISMATCH   exp=  260100   got= 1243933   <<< ERROR
UVM_ERROR mm_scoreboard.sv(117) @ 2955000: uvm_test_top.env.scb [SCB_CLASS] Transaction FAILED   (corner_mode=x)   [fail_cnt=256]
UVM_INFO mm_sequence.sv(60) @ 2956000: uvm_test_top.env.agnt.seqr@@test_seq [TEST_SEQ] Sending transaction (corner_mode=0):
  [SEQ_ITEM] corner_mode=0
    A[0]=[ 231  97 136 161 ]  B[0]=[ 239 231 212 117 ]
    A[1]=[  69 249  37  42 ]  B[1]=[ 228 241  29 233 ]
    A[2]=[  10  66 156  33 ]  B[2]=[  72 171 204  48 ]
    A[3]=[ 178  70  19 160 ]  B[3]=[ 172 171 242  15 ]
  Expected C:
    C[0]=[  114809  127525  118491   58571 ]
    C[1]=[   83151   89457   39561   68496 ]
    C[2]=[   34346   50535   43844   24531 ]
    C[3]=[   87390   88597   82362   40448 ]
UVM_INFO mm_driver.sv(44) @ 2956000: uvm_test_top.env.agnt.drv [DRIVER_CLASS] Received seq_item — corner_mode=0  Driving DUT...
UVM_INFO mm_monitor.sv(64) @ 2975000: uvm_test_top.env.agnt.mon [MONITOR_CLASS] start=1 detected — new transaction beginning
UVM_INFO mm_driver.sv(123) @ 3026000: uvm_test_top.env.agnt.drv [DRIVER_CLASS] valid_in_upstream=0 — data phase done, waiting for result_valid
UVM_INFO mm_driver.sv(129) @ 3105000: uvm_test_top.env.agnt.drv [DRIVER_CLASS] result_valid=1 — DUT in DONE state, transaction complete
UVM_INFO mm_monitor.sv(101) @ 3115000: uvm_test_top.env.agnt.mon [MONITOR_CLASS] result_valid=1 — capturing DUT result bus
UVM_INFO mm_monitor.sv(110) @ 3115000: uvm_test_top.env.agnt.mon [MONITOR_CLASS] Transaction observed and packaged:
  [SEQ_ITEM] corner_mode=x
    A[0]=[ 231  97 136 161 ]  B[0]=[ 239 231 212 117 ]
    A[1]=[  69 249  37  42 ]  B[1]=[ 228 241  29 233 ]
    A[2]=[  10  66 156  33 ]  B[2]=[  72 171 204  48 ]
    A[3]=[ 178  70  19 160 ]  B[3]=[ 172 171 242  15 ]
  Expected C:
    C[0]=[  114809  127525  118491   58571 ]
    C[1]=[   83151   89457   39561   68496 ]
    C[2]=[   34346   50535   43844   24531 ]
    C[3]=[   87390   88597   82362   40448 ]
UVM_INFO mm_coverage.sv(204) @ 3115000: uvm_test_top.env.cov [COV_CLASS] Running cov: mode=100.0%  A=100.0%  B=100.0%  result=100.0%
UVM_INFO mm_scoreboard.sv(66) @ 3115000: uvm_test_top.env.scb [SCB_CLASS] Checking transaction (corner_mode=x) — queue depth after pop: 0
UVM_INFO mm_scoreboard.sv(81) @ 3115000: uvm_test_top.env.scb [SCB_CLASS] --- Comparing transaction (corner_mode=x) ---
UVM_ERROR mm_scoreboard.sv(99) @ 3115000: uvm_test_top.env.scb [COMPARE] C[0][0]  MISMATCH   exp=  114809   got= 1337063   <<< ERROR
UVM_ERROR mm_scoreboard.sv(99) @ 3115000: uvm_test_top.env.scb [COMPARE] C[0][1]  MISMATCH   exp=  127525   got= 1310194   <<< ERROR
UVM_ERROR mm_scoreboard.sv(99) @ 3115000: uvm_test_top.env.scb [COMPARE] C[0][2]  MISMATCH   exp=  118491   got= 1378403   <<< ERROR
UVM_ERROR mm_scoreboard.sv(99) @ 3115000: uvm_test_top.env.scb [COMPARE] C[0][3]  MISMATCH   exp=   58571   got= 1338414   <<< ERROR
UVM_ERROR mm_scoreboard.sv(99) @ 3115000: uvm_test_top.env.scb [COMPARE] C[1][0]  MISMATCH   exp=   83151   got= 1379115   <<< ERROR
UVM_ERROR mm_scoreboard.sv(99) @ 3115000: uvm_test_top.env.scb [COMPARE] C[1][1]  MISMATCH   exp=   89457   got= 1376468   <<< ERROR
UVM_ERROR mm_scoreboard.sv(99) @ 3115000: uvm_test_top.env.scb [COMPARE] C[1][2]  MISMATCH   exp=   39561   got= 1319195   <<< ERROR
UVM_ERROR mm_scoreboard.sv(99) @ 3115000: uvm_test_top.env.scb [COMPARE] C[1][3]  MISMATCH   exp=   68496   got= 1371563   <<< ERROR
UVM_ERROR mm_scoreboard.sv(99) @ 3115000: uvm_test_top.env.scb [COMPARE] C[2][0]  MISMATCH   exp=   34346   got= 1220333   <<< ERROR
UVM_ERROR mm_scoreboard.sv(99) @ 3115000: uvm_test_top.env.scb [COMPARE] C[2][1]  MISMATCH   exp=   50535   got= 1237577   <<< ERROR
UVM_ERROR mm_scoreboard.sv(99) @ 3115000: uvm_test_top.env.scb [COMPARE] C[2][2]  MISMATCH   exp=   43844   got= 1202400   <<< ERROR
UVM_ERROR mm_scoreboard.sv(99) @ 3115000: uvm_test_top.env.scb [COMPARE] C[2][3]  MISMATCH   exp=   24531   got= 1333011   <<< ERROR
UVM_ERROR mm_scoreboard.sv(99) @ 3115000: uvm_test_top.env.scb [COMPARE] C[3][0]  MISMATCH   exp=   87390   got= 1397556   <<< ERROR
UVM_ERROR mm_scoreboard.sv(99) @ 3115000: uvm_test_top.env.scb [COMPARE] C[3][1]  MISMATCH   exp=   88597   got= 1299676   <<< ERROR
UVM_ERROR mm_scoreboard.sv(99) @ 3115000: uvm_test_top.env.scb [COMPARE] C[3][2]  MISMATCH   exp=   82362   got= 1279953   <<< ERROR
UVM_ERROR mm_scoreboard.sv(99) @ 3115000: uvm_test_top.env.scb [COMPARE] C[3][3]  MISMATCH   exp=   40448   got= 1284381   <<< ERROR
UVM_ERROR mm_scoreboard.sv(117) @ 3115000: uvm_test_top.env.scb [SCB_CLASS] Transaction FAILED   (corner_mode=x)   [fail_cnt=272]
UVM_INFO mm_sequence.sv(60) @ 3116000: uvm_test_top.env.agnt.seqr@@test_seq [TEST_SEQ] Sending transaction (corner_mode=0):
  [SEQ_ITEM] corner_mode=0
    A[0]=[ 239 139 197 115 ]  B[0]=[  84  46  65 246 ]
    A[1]=[  94  49 168 173 ]  B[1]=[  99 105 216 188 ]
    A[2]=[  21  36 182 215 ]  B[2]=[  74 110  19  81 ]
    A[3]=[   7 250  54  22 ]  B[3]=[ 255  52 147  89 ]
  Expected C:
    C[0]=[   77740   53239   66207  111118 ]
    C[1]=[   69294   36945   45317   61341 ]
    C[2]=[   73621   35946   44204   45811 ]
    C[3]=[   34944   33656   58715   55054 ]
UVM_INFO mm_driver.sv(44) @ 3116000: uvm_test_top.env.agnt.drv [DRIVER_CLASS] Received seq_item — corner_mode=0  Driving DUT...
UVM_INFO mm_monitor.sv(64) @ 3135000: uvm_test_top.env.agnt.mon [MONITOR_CLASS] start=1 detected — new transaction beginning
UVM_INFO mm_driver.sv(123) @ 3186000: uvm_test_top.env.agnt.drv [DRIVER_CLASS] valid_in_upstream=0 — data phase done, waiting for result_valid
UVM_INFO mm_driver.sv(129) @ 3265000: uvm_test_top.env.agnt.drv [DRIVER_CLASS] result_valid=1 — DUT in DONE state, transaction complete
UVM_INFO mm_monitor.sv(101) @ 3275000: uvm_test_top.env.agnt.mon [MONITOR_CLASS] result_valid=1 — capturing DUT result bus
UVM_INFO mm_monitor.sv(110) @ 3275000: uvm_test_top.env.agnt.mon [MONITOR_CLASS] Transaction observed and packaged:
  [SEQ_ITEM] corner_mode=x
    A[0]=[ 239 139 197 115 ]  B[0]=[  84  46  65 246 ]
    A[1]=[  94  49 168 173 ]  B[1]=[  99 105 216 188 ]
    A[2]=[  21  36 182 215 ]  B[2]=[  74 110  19  81 ]
    A[3]=[   7 250  54  22 ]  B[3]=[ 255  52 147  89 ]
  Expected C:
    C[0]=[   77740   53239   66207  111118 ]
    C[1]=[   69294   36945   45317   61341 ]
    C[2]=[   73621   35946   44204   45811 ]
    C[3]=[   34944   33656   58715   55054 ]
UVM_INFO mm_coverage.sv(204) @ 3275000: uvm_test_top.env.cov [COV_CLASS] Running cov: mode=100.0%  A=100.0%  B=100.0%  result=100.0%
UVM_INFO mm_scoreboard.sv(66) @ 3275000: uvm_test_top.env.scb [SCB_CLASS] Checking transaction (corner_mode=x) — queue depth after pop: 0
UVM_INFO mm_scoreboard.sv(81) @ 3275000: uvm_test_top.env.scb [SCB_CLASS] --- Comparing transaction (corner_mode=x) ---
UVM_ERROR mm_scoreboard.sv(99) @ 3275000: uvm_test_top.env.scb [COMPARE] C[0][0]  MISMATCH   exp=   77740   got= 1414803   <<< ERROR
UVM_ERROR mm_scoreboard.sv(99) @ 3275000: uvm_test_top.env.scb [COMPARE] C[0][1]  MISMATCH   exp=   53239   got= 1363433   <<< ERROR
UVM_ERROR mm_scoreboard.sv(99) @ 3275000: uvm_test_top.env.scb [COMPARE] C[0][2]  MISMATCH   exp=   66207   got= 1444610   <<< ERROR
UVM_ERROR mm_scoreboard.sv(99) @ 3275000: uvm_test_top.env.scb [COMPARE] C[0][3]  MISMATCH   exp=  111118   got= 1449532   <<< ERROR
UVM_ERROR mm_scoreboard.sv(99) @ 3275000: uvm_test_top.env.scb [COMPARE] C[1][0]  MISMATCH   exp=   69294   got= 1448409   <<< ERROR
UVM_ERROR mm_scoreboard.sv(99) @ 3275000: uvm_test_top.env.scb [COMPARE] C[1][1]  MISMATCH   exp=   36945   got= 1413413   <<< ERROR
UVM_ERROR mm_scoreboard.sv(99) @ 3275000: uvm_test_top.env.scb [COMPARE] C[1][2]  MISMATCH   exp=   45317   got= 1364512   <<< ERROR
UVM_ERROR mm_scoreboard.sv(99) @ 3275000: uvm_test_top.env.scb [COMPARE] C[1][3]  MISMATCH   exp=   61341   got= 1432904   <<< ERROR
UVM_ERROR mm_scoreboard.sv(99) @ 3275000: uvm_test_top.env.scb [COMPARE] C[2][0]  MISMATCH   exp=   73621   got= 1293954   <<< ERROR
UVM_ERROR mm_scoreboard.sv(99) @ 3275000: uvm_test_top.env.scb [COMPARE] C[2][1]  MISMATCH   exp=   35946   got= 1273523   <<< ERROR
UVM_ERROR mm_scoreboard.sv(99) @ 3275000: uvm_test_top.env.scb [COMPARE] C[2][2]  MISMATCH   exp=   44204   got= 1246604   <<< ERROR
UVM_ERROR mm_scoreboard.sv(99) @ 3275000: uvm_test_top.env.scb [COMPARE] C[2][3]  MISMATCH   exp=   45811   got= 1378822   <<< ERROR
UVM_ERROR mm_scoreboard.sv(99) @ 3275000: uvm_test_top.env.scb [COMPARE] C[3][0]  MISMATCH   exp=   34944   got= 1432500   <<< ERROR
UVM_ERROR mm_scoreboard.sv(99) @ 3275000: uvm_test_top.env.scb [COMPARE] C[3][1]  MISMATCH   exp=   33656   got= 1333332   <<< ERROR
UVM_ERROR mm_scoreboard.sv(99) @ 3275000: uvm_test_top.env.scb [COMPARE] C[3][2]  MISMATCH   exp=   58715   got= 1338668   <<< ERROR
UVM_ERROR mm_scoreboard.sv(99) @ 3275000: uvm_test_top.env.scb [COMPARE] C[3][3]  MISMATCH   exp=   55054   got= 1339435   <<< ERROR
UVM_ERROR mm_scoreboard.sv(117) @ 3275000: uvm_test_top.env.scb [SCB_CLASS] Transaction FAILED   (corner_mode=x)   [fail_cnt=288]
UVM_INFO mm_sequence.sv(60) @ 3276000: uvm_test_top.env.agnt.seqr@@test_seq [TEST_SEQ] Sending transaction (corner_mode=0):
  [SEQ_ITEM] corner_mode=0
    A[0]=[ 101  18 170 137 ]  B[0]=[ 101  50  10 160 ]
    A[1]=[ 111  56   3 204 ]  B[1]=[ 207 159 205 193 ]
    A[2]=[  82  43 222 232 ]  B[2]=[ 226 244 102   5 ]
    A[3]=[ 204 198  27 128 ]  B[3]=[ 215  54 227  46 ]
  Expected C:
    C[0]=[   81802   56790   53139   26786 ]
    C[1]=[   67341   26202   59204   37967 ]
    C[2]=[  117235   77633   84943   33201 ]
    C[3]=[   95212   55182   74440   76877 ]
UVM_INFO mm_driver.sv(44) @ 3276000: uvm_test_top.env.agnt.drv [DRIVER_CLASS] Received seq_item — corner_mode=0  Driving DUT...
UVM_INFO mm_monitor.sv(64) @ 3295000: uvm_test_top.env.agnt.mon [MONITOR_CLASS] start=1 detected — new transaction beginning
UVM_INFO mm_driver.sv(123) @ 3346000: uvm_test_top.env.agnt.drv [DRIVER_CLASS] valid_in_upstream=0 — data phase done, waiting for result_valid
UVM_INFO mm_driver.sv(129) @ 3425000: uvm_test_top.env.agnt.drv [DRIVER_CLASS] result_valid=1 — DUT in DONE state, transaction complete
UVM_INFO mm_monitor.sv(101) @ 3435000: uvm_test_top.env.agnt.mon [MONITOR_CLASS] result_valid=1 — capturing DUT result bus
UVM_INFO mm_monitor.sv(110) @ 3435000: uvm_test_top.env.agnt.mon [MONITOR_CLASS] Transaction observed and packaged:
  [SEQ_ITEM] corner_mode=x
    A[0]=[ 101  18 170 137 ]  B[0]=[ 101  50  10 160 ]
    A[1]=[ 111  56   3 204 ]  B[1]=[ 207 159 205 193 ]
    A[2]=[  82  43 222 232 ]  B[2]=[ 226 244 102   5 ]
    A[3]=[ 204 198  27 128 ]  B[3]=[ 215  54 227  46 ]
  Expected C:
    C[0]=[   81802   56790   53139   26786 ]
    C[1]=[   67341   26202   59204   37967 ]
    C[2]=[  117235   77633   84943   33201 ]
    C[3]=[   95212   55182   74440   76877 ]
UVM_INFO mm_coverage.sv(204) @ 3435000: uvm_test_top.env.cov [COV_CLASS] Running cov: mode=100.0%  A=100.0%  B=100.0%  result=100.0%
UVM_INFO mm_scoreboard.sv(66) @ 3435000: uvm_test_top.env.scb [SCB_CLASS] Checking transaction (corner_mode=x) — queue depth after pop: 0
UVM_INFO mm_scoreboard.sv(81) @ 3435000: uvm_test_top.env.scb [SCB_CLASS] --- Comparing transaction (corner_mode=x) ---
UVM_ERROR mm_scoreboard.sv(99) @ 3435000: uvm_test_top.env.scb [COMPARE] C[0][0]  MISMATCH   exp=   81802   got= 1496605   <<< ERROR
UVM_ERROR mm_scoreboard.sv(99) @ 3435000: uvm_test_top.env.scb [COMPARE] C[0][1]  MISMATCH   exp=   56790   got= 1420223   <<< ERROR
UVM_ERROR mm_scoreboard.sv(99) @ 3435000: uvm_test_top.env.scb [COMPARE] C[0][2]  MISMATCH   exp=   53139   got= 1497749   <<< ERROR
UVM_ERROR mm_scoreboard.sv(99) @ 3435000: uvm_test_top.env.scb [COMPARE] C[0][3]  MISMATCH   exp=   26786   got= 1476318   <<< ERROR
UVM_ERROR mm_scoreboard.sv(99) @ 3435000: uvm_test_top.env.scb [COMPARE] C[1][0]  MISMATCH   exp=   67341   got= 1515750   <<< ERROR
UVM_ERROR mm_scoreboard.sv(99) @ 3435000: uvm_test_top.env.scb [COMPARE] C[1][1]  MISMATCH   exp=   26202   got= 1439615   <<< ERROR
UVM_ERROR mm_scoreboard.sv(99) @ 3435000: uvm_test_top.env.scb [COMPARE] C[1][2]  MISMATCH   exp=   59204   got= 1423716   <<< ERROR
UVM_ERROR mm_scoreboard.sv(99) @ 3435000: uvm_test_top.env.scb [COMPARE] C[1][3]  MISMATCH   exp=   37967   got= 1470871   <<< ERROR
UVM_ERROR mm_scoreboard.sv(99) @ 3435000: uvm_test_top.env.scb [COMPARE] C[2][0]  MISMATCH   exp=  117235   got= 1411189   <<< ERROR
UVM_ERROR mm_scoreboard.sv(99) @ 3435000: uvm_test_top.env.scb [COMPARE] C[2][1]  MISMATCH   exp=   77633   got= 1351156   <<< ERROR
UVM_ERROR mm_scoreboard.sv(99) @ 3435000: uvm_test_top.env.scb [COMPARE] C[2][2]  MISMATCH   exp=   84943   got= 1331547   <<< ERROR
UVM_ERROR mm_scoreboard.sv(99) @ 3435000: uvm_test_top.env.scb [COMPARE] C[2][3]  MISMATCH   exp=   33201   got= 1412023   <<< ERROR
UVM_ERROR mm_scoreboard.sv(99) @ 3435000: uvm_test_top.env.scb [COMPARE] C[3][0]  MISMATCH   exp=   95212   got= 1527712   <<< ERROR
UVM_ERROR mm_scoreboard.sv(99) @ 3435000: uvm_test_top.env.scb [COMPARE] C[3][1]  MISMATCH   exp=   55182   got= 1388514   <<< ERROR
UVM_ERROR mm_scoreboard.sv(99) @ 3435000: uvm_test_top.env.scb [COMPARE] C[3][2]  MISMATCH   exp=   74440   got= 1413108   <<< ERROR
UVM_ERROR mm_scoreboard.sv(99) @ 3435000: uvm_test_top.env.scb [COMPARE] C[3][3]  MISMATCH   exp=   76877   got= 1416312   <<< ERROR
UVM_ERROR mm_scoreboard.sv(117) @ 3435000: uvm_test_top.env.scb [SCB_CLASS] Transaction FAILED   (corner_mode=x)   [fail_cnt=304]
UVM_INFO mm_test.sv(194) @ 3436000: uvm_test_top [TEST_CLASS] --- Phase B complete: all random sequences done ---
UVM_INFO mm_test.sv(198) @ 3436000: uvm_test_top [TEST_CLASS] 
================================================
UVM_INFO mm_test.sv(201) @ 3436000: uvm_test_top [TEST_CLASS]   MM ACCELERATOR UVM TEST COMPLETE
UVM_INFO mm_test.sv(204) @ 3436000: uvm_test_top [TEST_CLASS]   Dropping objection — UVM will proceed to report_phase
UVM_INFO mm_test.sv(207) @ 3436000: uvm_test_top [TEST_CLASS] ================================================

UVM_INFO /pkgs/synopsys/2024/vcs/vcs/V-2023.12-SP2/etc/uvm-1.1/base/uvm_objection.svh(1274) @ 3436000: reporter [TEST_DONE] 'run' phase is ready to proceed to the 'extract' phase
UVM_INFO mm_coverage.sv(229) @ 3436000: uvm_test_top.env.cov [COV_CLASS] 
============================================================
UVM_INFO mm_coverage.sv(232) @ 3436000: uvm_test_top.env.cov [COV_CLASS]   FUNCTIONAL COVERAGE REPORT
UVM_INFO mm_coverage.sv(233) @ 3436000: uvm_test_top.env.cov [COV_CLASS] ------------------------------------------------------------
UVM_INFO mm_coverage.sv(236) @ 3436000: uvm_test_top.env.cov [COV_CLASS]   cg_corner_mode  : 100.00%  [4 bins : random/zero_a/identity_a/all_max]
UVM_INFO mm_coverage.sv(240) @ 3436000: uvm_test_top.env.cov [COV_CLASS]   cg_a_vals       : 100.00%  [6 bins : zero/low/mid_lo/mid_hi/high/max]
UVM_INFO mm_coverage.sv(244) @ 3436000: uvm_test_top.env.cov [COV_CLASS]   cg_b_vals       : 100.00%  [6 bins : zero/low/mid_lo/mid_hi/high/max]
UVM_INFO mm_coverage.sv(248) @ 3436000: uvm_test_top.env.cov [COV_CLASS]   cg_result_vals  : 100.00%  [4 bins : zero/lo_range/mid_range/hi_range]
UVM_INFO mm_coverage.sv(252) @ 3436000: uvm_test_top.env.cov [COV_CLASS]   cg_fsm_signals  : 100.00%  [ready/rv/start bins + ready×rv cross]
UVM_INFO mm_coverage.sv(256) @ 3436000: uvm_test_top.env.cov [COV_CLASS] ------------------------------------------------------------
UVM_INFO mm_coverage.sv(263) @ 3436000: uvm_test_top.env.cov [COV_CLASS]   *** FUNCTIONAL COVERAGE : 100%  — ALL BINS HIT ***
UVM_INFO mm_coverage.sv(271) @ 3436000: uvm_test_top.env.cov [COV_CLASS]   Code coverage (line/branch/cond/fsm/tgl) collected by VCS -cm flags.
UVM_INFO mm_coverage.sv(274) @ 3436000: uvm_test_top.env.cov [COV_CLASS]   View code + functional report with:  make cov
UVM_INFO mm_coverage.sv(277) @ 3436000: uvm_test_top.env.cov [COV_CLASS] ============================================================

UVM_INFO mm_scoreboard.sv(127) @ 3436000: uvm_test_top.env.scb [SCB_CLASS] 
======================================================
UVM_INFO mm_scoreboard.sv(130) @ 3436000: uvm_test_top.env.scb [SCB_CLASS]   SCOREBOARD FINAL REPORT
UVM_INFO mm_scoreboard.sv(131) @ 3436000: uvm_test_top.env.scb [SCB_CLASS]   Transactions : PASS=2   FAIL=19
UVM_INFO mm_scoreboard.sv(135) @ 3436000: uvm_test_top.env.scb [SCB_CLASS]   Elements     : PASS=32   FAIL=304
UVM_ERROR mm_scoreboard.sv(150) @ 3436000: uvm_test_top.env.scb [SCB_CLASS]   OVERALL: *** 304 ELEMENT FAILURE(S) DETECTED ***
UVM_INFO mm_scoreboard.sv(155) @ 3436000: uvm_test_top.env.scb [SCB_CLASS] ======================================================


--- UVM Report Summary ---

** Report counts by severity
UVM_INFO :  254
UVM_WARNING :    0
UVM_ERROR :  324
UVM_FATAL :    0
** Report counts by id
[COMPARE]   304
[COV_CLASS]    34
[DRIVER_CLASS]    65
[IDENTITY_SEQ]     1
[MAX_SEQ]     1
[MIDRANGE_SEQ]     1
[MONITOR_CLASS]    63
[PROJECT_INFO]     1
[RNTST]     1
[SCB_CLASS]    69
[TEST_CLASS]    18
[TEST_DONE]     1
[TEST_SEQ]    16
[UVMTOP]     1
[ZERO_B_SEQ]     1
[ZERO_SEQ]     1
$finish called from file "/pkgs/synopsys/2024/vcs/vcs/V-2023.12-SP2/etc/uvm-1.1/base/uvm_root.svh", line 437.
$finish at simulation time              3436000

---------------------------------------------------------------------------
VCS Coverage Metrics: during simulation line, cond, FSM, branch, tgl was monitored
---------------------------------------------------------------------------

 Coverage status: End of All Coverages ...

           V C S   S i m u l a t i o n   R e p o r t 
Time: 3436000 ps
CPU Time:      0.720 seconds;       Data structure size:   0.6Mb
Mon Jun  1 14:08:38 2026
