UVM_ERROR mm_scoreboard.sv(99) @ 555000: uvm_test_top.env.scb [COMPARE] C[0][0]  MISMATCH   exp=  260100   got=  260301   <<< ERROR
UVM_ERROR mm_scoreboard.sv(99) @ 555000: uvm_test_top.env.scb [COMPARE] C[0][1]  MISMATCH   exp=  260100   got=  260220   <<< ERROR
UVM_ERROR mm_scoreboard.sv(99) @ 555000: uvm_test_top.env.scb [COMPARE] C[0][2]  MISMATCH   exp=  260100   got=  260337   <<< ERROR
UVM_ERROR mm_scoreboard.sv(99) @ 555000: uvm_test_top.env.scb [COMPARE] C[0][3]  MISMATCH   exp=  260100   got=  260101   <<< ERROR
UVM_ERROR mm_scoreboard.sv(99) @ 555000: uvm_test_top.env.scb [COMPARE] C[1][0]  MISMATCH   exp=  260100   got=  260211   <<< ERROR
UVM_ERROR mm_scoreboard.sv(99) @ 555000: uvm_test_top.env.scb [COMPARE] C[1][1]  MISMATCH   exp=  260100   got=  260126   <<< ERROR
UVM_ERROR mm_scoreboard.sv(99) @ 555000: uvm_test_top.env.scb [COMPARE] C[1][2]  MISMATCH   exp=  260100   got=  260194   <<< ERROR
UVM_ERROR mm_scoreboard.sv(99) @ 555000: uvm_test_top.env.scb [COMPARE] C[1][3]  MISMATCH   exp=  260100   got=  260134   <<< ERROR
UVM_ERROR mm_scoreboard.sv(99) @ 555000: uvm_test_top.env.scb [COMPARE] C[2][0]  MISMATCH   exp=  260100   got=  260107   <<< ERROR
UVM_ERROR mm_scoreboard.sv(99) @ 555000: uvm_test_top.env.scb [COMPARE] C[2][1]  MISMATCH   exp=  260100   got=  260257   <<< ERROR
UVM_ERROR mm_scoreboard.sv(99) @ 555000: uvm_test_top.env.scb [COMPARE] C[2][2]  MISMATCH   exp=  260100   got=  260198   <<< ERROR
UVM_ERROR mm_scoreboard.sv(99) @ 555000: uvm_test_top.env.scb [COMPARE] C[2][3]  MISMATCH   exp=  260100   got=  260281   <<< ERROR
UVM_ERROR mm_scoreboard.sv(99) @ 555000: uvm_test_top.env.scb [COMPARE] C[3][0]  MISMATCH   exp=  260100   got=  260161   <<< ERROR
UVM_ERROR mm_scoreboard.sv(99) @ 555000: uvm_test_top.env.scb [COMPARE] C[3][1]  MISMATCH   exp=  260100   got=  260321   <<< ERROR
UVM_ERROR mm_scoreboard.sv(99) @ 555000: uvm_test_top.env.scb [COMPARE] C[3][2]  MISMATCH   exp=  260100   got=  260294   <<< ERROR
UVM_ERROR mm_scoreboard.sv(99) @ 555000: uvm_test_top.env.scb [COMPARE] C[3][3]  MISMATCH   exp=  260100   got=  260318   <<< ERROR
UVM_ERROR mm_scoreboard.sv(117) @ 555000: uvm_test_top.env.scb [SCB_CLASS] Transaction FAILED   (corner_mode=x)   [fail_cnt=16]
UVM_ERROR mm_scoreboard.sv(99) @ 715000: uvm_test_top.env.scb [COMPARE] C[0][0]  MISMATCH   exp=       0   got=  260301   <<< ERROR
UVM_ERROR mm_scoreboard.sv(99) @ 715000: uvm_test_top.env.scb [COMPARE] C[0][1]  MISMATCH   exp=       0   got=  260220   <<< ERROR
UVM_ERROR mm_scoreboard.sv(99) @ 715000: uvm_test_top.env.scb [COMPARE] C[0][2]  MISMATCH   exp=       0   got=  260337   <<< ERROR
UVM_ERROR mm_scoreboard.sv(99) @ 715000: uvm_test_top.env.scb [COMPARE] C[0][3]  MISMATCH   exp=       0   got=  260101   <<< ERROR
UVM_ERROR mm_scoreboard.sv(99) @ 715000: uvm_test_top.env.scb [COMPARE] C[1][0]  MISMATCH   exp=       0   got=  260211   <<< ERROR
UVM_ERROR mm_scoreboard.sv(99) @ 715000: uvm_test_top.env.scb [COMPARE] C[1][1]  MISMATCH   exp=       0   got=  260126   <<< ERROR
UVM_ERROR mm_scoreboard.sv(99) @ 715000: uvm_test_top.env.scb [COMPARE] C[1][2]  MISMATCH   exp=       0   got=  260194   <<< ERROR
UVM_ERROR mm_scoreboard.sv(99) @ 715000: uvm_test_top.env.scb [COMPARE] C[1][3]  MISMATCH   exp=       0   got=  260134   <<< ERROR
UVM_ERROR mm_scoreboard.sv(99) @ 715000: uvm_test_top.env.scb [COMPARE] C[2][0]  MISMATCH   exp=       0   got=  260107   <<< ERROR
UVM_ERROR mm_scoreboard.sv(99) @ 715000: uvm_test_top.env.scb [COMPARE] C[2][1]  MISMATCH   exp=       0   got=  260257   <<< ERROR
UVM_ERROR mm_scoreboard.sv(99) @ 715000: uvm_test_top.env.scb [COMPARE] C[2][2]  MISMATCH   exp=       0   got=  260198   <<< ERROR
UVM_ERROR mm_scoreboard.sv(99) @ 715000: uvm_test_top.env.scb [COMPARE] C[2][3]  MISMATCH   exp=       0   got=  260281   <<< ERROR
UVM_ERROR mm_scoreboard.sv(99) @ 715000: uvm_test_top.env.scb [COMPARE] C[3][0]  MISMATCH   exp=       0   got=  260161   <<< ERROR
UVM_ERROR mm_scoreboard.sv(99) @ 715000: uvm_test_top.env.scb [COMPARE] C[3][1]  MISMATCH   exp=       0   got=  260321   <<< ERROR
UVM_ERROR mm_scoreboard.sv(99) @ 715000: uvm_test_top.env.scb [COMPARE] C[3][2]  MISMATCH   exp=       0   got=  260294   <<< ERROR
UVM_ERROR mm_scoreboard.sv(99) @ 715000: uvm_test_top.env.scb [COMPARE] C[3][3]  MISMATCH   exp=       0   got=  260318   <<< ERROR
UVM_ERROR mm_scoreboard.sv(117) @ 715000: uvm_test_top.env.scb [SCB_CLASS] Transaction FAILED   (corner_mode=x)   [fail_cnt=32]
UVM_ERROR mm_scoreboard.sv(99) @ 875000: uvm_test_top.env.scb [COMPARE] C[0][0]  MISMATCH   exp=     256   got=  260557   <<< ERROR
UVM_ERROR mm_scoreboard.sv(99) @ 875000: uvm_test_top.env.scb [COMPARE] C[0][1]  MISMATCH   exp=       0   got=  260220   <<< ERROR
UVM_ERROR mm_scoreboard.sv(99) @ 875000: uvm_test_top.env.scb [COMPARE] C[0][2]  MISMATCH   exp=       0   got=  260337   <<< ERROR
UVM_ERROR mm_scoreboard.sv(99) @ 875000: uvm_test_top.env.scb [COMPARE] C[0][3]  MISMATCH   exp=       0   got=  260101   <<< ERROR
UVM_ERROR mm_scoreboard.sv(99) @ 875000: uvm_test_top.env.scb [COMPARE] C[1][0]  MISMATCH   exp=       0   got=  260211   <<< ERROR
UVM_ERROR mm_scoreboard.sv(99) @ 875000: uvm_test_top.env.scb [COMPARE] C[1][1]  MISMATCH   exp=       0   got=  260126   <<< ERROR
UVM_ERROR mm_scoreboard.sv(99) @ 875000: uvm_test_top.env.scb [COMPARE] C[1][2]  MISMATCH   exp=       0   got=  260194   <<< ERROR
UVM_ERROR mm_scoreboard.sv(99) @ 875000: uvm_test_top.env.scb [COMPARE] C[1][3]  MISMATCH   exp=       0   got=  260134   <<< ERROR
UVM_ERROR mm_scoreboard.sv(99) @ 875000: uvm_test_top.env.scb [COMPARE] C[2][0]  MISMATCH   exp=       0   got=  260107   <<< ERROR
UVM_ERROR mm_scoreboard.sv(99) @ 875000: uvm_test_top.env.scb [COMPARE] C[2][1]  MISMATCH   exp=       0   got=  260257   <<< ERROR
UVM_ERROR mm_scoreboard.sv(99) @ 875000: uvm_test_top.env.scb [COMPARE] C[2][2]  MISMATCH   exp=       0   got=  260198   <<< ERROR
UVM_ERROR mm_scoreboard.sv(99) @ 875000: uvm_test_top.env.scb [COMPARE] C[2][3]  MISMATCH   exp=       0   got=  260281   <<< ERROR
UVM_ERROR mm_scoreboard.sv(99) @ 875000: uvm_test_top.env.scb [COMPARE] C[3][0]  MISMATCH   exp=       0   got=  260161   <<< ERROR
UVM_ERROR mm_scoreboard.sv(99) @ 875000: uvm_test_top.env.scb [COMPARE] C[3][1]  MISMATCH   exp=       0   got=  260321   <<< ERROR
UVM_ERROR mm_scoreboard.sv(99) @ 875000: uvm_test_top.env.scb [COMPARE] C[3][2]  MISMATCH   exp=       0   got=  260294   <<< ERROR
UVM_ERROR mm_scoreboard.sv(99) @ 875000: uvm_test_top.env.scb [COMPARE] C[3][3]  MISMATCH   exp=       0   got=  260318   <<< ERROR
UVM_ERROR mm_scoreboard.sv(117) @ 875000: uvm_test_top.env.scb [SCB_CLASS] Transaction FAILED   (corner_mode=x)   [fail_cnt=48]
UVM_ERROR mm_scoreboard.sv(99) @ 1035000: uvm_test_top.env.scb [COMPARE] C[0][0]  MISMATCH   exp=   33238   got=  293795   <<< ERROR
UVM_ERROR mm_scoreboard.sv(99) @ 1035000: uvm_test_top.env.scb [COMPARE] C[0][1]  MISMATCH   exp=  101305   got=  361525   <<< ERROR
UVM_ERROR mm_scoreboard.sv(99) @ 1035000: uvm_test_top.env.scb [COMPARE] C[0][2]  MISMATCH   exp=  125404   got=  385741   <<< ERROR
UVM_ERROR mm_scoreboard.sv(99) @ 1035000: uvm_test_top.env.scb [COMPARE] C[0][3]  MISMATCH   exp=   75829   got=  335930   <<< ERROR
UVM_ERROR mm_scoreboard.sv(99) @ 1035000: uvm_test_top.env.scb [COMPARE] C[1][0]  MISMATCH   exp=   37276   got=  297487   <<< ERROR
UVM_ERROR mm_scoreboard.sv(99) @ 1035000: uvm_test_top.env.scb [COMPARE] C[1][1]  MISMATCH   exp=   82744   got=  342870   <<< ERROR
UVM_ERROR mm_scoreboard.sv(99) @ 1035000: uvm_test_top.env.scb [COMPARE] C[1][2]  MISMATCH   exp=  107720   got=  367914   <<< ERROR
UVM_ERROR mm_scoreboard.sv(99) @ 1035000: uvm_test_top.env.scb [COMPARE] C[1][3]  MISMATCH   exp=   59906   got=  320040   <<< ERROR
UVM_ERROR mm_scoreboard.sv(99) @ 1035000: uvm_test_top.env.scb [COMPARE] C[2][0]  MISMATCH   exp=   41631   got=  301738   <<< ERROR
UVM_ERROR mm_scoreboard.sv(99) @ 1035000: uvm_test_top.env.scb [COMPARE] C[2][1]  MISMATCH   exp=   85278   got=  345535   <<< ERROR
UVM_ERROR mm_scoreboard.sv(99) @ 1035000: uvm_test_top.env.scb [COMPARE] C[2][2]  MISMATCH   exp=  123210   got=  383408   <<< ERROR
UVM_ERROR mm_scoreboard.sv(99) @ 1035000: uvm_test_top.env.scb [COMPARE] C[2][3]  MISMATCH   exp=   65399   got=  325680   <<< ERROR
UVM_ERROR mm_scoreboard.sv(99) @ 1035000: uvm_test_top.env.scb [COMPARE] C[3][0]  MISMATCH   exp=   45731   got=  305892   <<< ERROR
UVM_ERROR mm_scoreboard.sv(99) @ 1035000: uvm_test_top.env.scb [COMPARE] C[3][1]  MISMATCH   exp=   69442   got=  329763   <<< ERROR
UVM_ERROR mm_scoreboard.sv(99) @ 1035000: uvm_test_top.env.scb [COMPARE] C[3][2]  MISMATCH   exp=  102040   got=  362334   <<< ERROR
UVM_ERROR mm_scoreboard.sv(99) @ 1035000: uvm_test_top.env.scb [COMPARE] C[3][3]  MISMATCH   exp=   49098   got=  309416   <<< ERROR
UVM_ERROR mm_scoreboard.sv(117) @ 1035000: uvm_test_top.env.scb [SCB_CLASS] Transaction FAILED   (corner_mode=x)   [fail_cnt=64]
UVM_ERROR mm_scoreboard.sv(99) @ 1195000: uvm_test_top.env.scb [COMPARE] C[0][0]  MISMATCH   exp=   35110   got=  328905   <<< ERROR
UVM_ERROR mm_scoreboard.sv(99) @ 1195000: uvm_test_top.env.scb [COMPARE] C[0][1]  MISMATCH   exp=   54137   got=  415662   <<< ERROR
UVM_ERROR mm_scoreboard.sv(99) @ 1195000: uvm_test_top.env.scb [COMPARE] C[0][2]  MISMATCH   exp=   38541   got=  424282   <<< ERROR
UVM_ERROR mm_scoreboard.sv(99) @ 1195000: uvm_test_top.env.scb [COMPARE] C[0][3]  MISMATCH   exp=   65142   got=  401072   <<< ERROR
UVM_ERROR mm_scoreboard.sv(99) @ 1195000: uvm_test_top.env.scb [COMPARE] C[1][0]  MISMATCH   exp=   40006   got=  337493   <<< ERROR
UVM_ERROR mm_scoreboard.sv(99) @ 1195000: uvm_test_top.env.scb [COMPARE] C[1][1]  MISMATCH   exp=   38154   got=  381024   <<< ERROR
UVM_ERROR mm_scoreboard.sv(99) @ 1195000: uvm_test_top.env.scb [COMPARE] C[1][2]  MISMATCH   exp=   42074   got=  409988   <<< ERROR
UVM_ERROR mm_scoreboard.sv(99) @ 1195000: uvm_test_top.env.scb [COMPARE] C[1][3]  MISMATCH   exp=   29127   got=  349167   <<< ERROR
UVM_ERROR mm_scoreboard.sv(99) @ 1195000: uvm_test_top.env.scb [COMPARE] C[2][0]  MISMATCH   exp=   45266   got=  347004   <<< ERROR
UVM_ERROR mm_scoreboard.sv(99) @ 1195000: uvm_test_top.env.scb [COMPARE] C[2][1]  MISMATCH   exp=   69642   got=  415177   <<< ERROR
UVM_ERROR mm_scoreboard.sv(99) @ 1195000: uvm_test_top.env.scb [COMPARE] C[2][2]  MISMATCH   exp=   25558   got=  408966   <<< ERROR
UVM_ERROR mm_scoreboard.sv(99) @ 1195000: uvm_test_top.env.scb [COMPARE] C[2][3]  MISMATCH   exp=   56631   got=  382311   <<< ERROR
UVM_ERROR mm_scoreboard.sv(99) @ 1195000: uvm_test_top.env.scb [COMPARE] C[3][0]  MISMATCH   exp=   48622   got=  354514   <<< ERROR
UVM_ERROR mm_scoreboard.sv(99) @ 1195000: uvm_test_top.env.scb [COMPARE] C[3][1]  MISMATCH   exp=   74566   got=  404329   <<< ERROR
UVM_ERROR mm_scoreboard.sv(99) @ 1195000: uvm_test_top.env.scb [COMPARE] C[3][2]  MISMATCH   exp=   28420   got=  390754   <<< ERROR
UVM_ERROR mm_scoreboard.sv(99) @ 1195000: uvm_test_top.env.scb [COMPARE] C[3][3]  MISMATCH   exp=   55878   got=  365294   <<< ERROR
UVM_ERROR mm_scoreboard.sv(117) @ 1195000: uvm_test_top.env.scb [SCB_CLASS] Transaction FAILED   (corner_mode=x)   [fail_cnt=80]
UVM_ERROR mm_scoreboard.sv(99) @ 1355000: uvm_test_top.env.scb [COMPARE] C[0][0]  MISMATCH   exp=  108464   got=  437369   <<< ERROR
UVM_ERROR mm_scoreboard.sv(99) @ 1355000: uvm_test_top.env.scb [COMPARE] C[0][1]  MISMATCH   exp=   45036   got=  460698   <<< ERROR
UVM_ERROR mm_scoreboard.sv(99) @ 1355000: uvm_test_top.env.scb [COMPARE] C[0][2]  MISMATCH   exp=  113877   got=  538159   <<< ERROR
UVM_ERROR mm_scoreboard.sv(99) @ 1355000: uvm_test_top.env.scb [COMPARE] C[0][3]  MISMATCH   exp=   72267   got=  473339   <<< ERROR
UVM_ERROR mm_scoreboard.sv(99) @ 1355000: uvm_test_top.env.scb [COMPARE] C[1][0]  MISMATCH   exp=  101261   got=  438754   <<< ERROR
UVM_ERROR mm_scoreboard.sv(99) @ 1355000: uvm_test_top.env.scb [COMPARE] C[1][1]  MISMATCH   exp=   46135   got=  427159   <<< ERROR
UVM_ERROR mm_scoreboard.sv(99) @ 1355000: uvm_test_top.env.scb [COMPARE] C[1][2]  MISMATCH   exp=  110155   got=  520143   <<< ERROR
UVM_ERROR mm_scoreboard.sv(99) @ 1355000: uvm_test_top.env.scb [COMPARE] C[1][3]  MISMATCH   exp=   76814   got=  425981   <<< ERROR
UVM_ERROR mm_scoreboard.sv(99) @ 1355000: uvm_test_top.env.scb [COMPARE] C[2][0]  MISMATCH   exp=   44789   got=  391793   <<< ERROR
UVM_ERROR mm_scoreboard.sv(99) @ 1355000: uvm_test_top.env.scb [COMPARE] C[2][1]  MISMATCH   exp=   15077   got=  430254   <<< ERROR
UVM_ERROR mm_scoreboard.sv(99) @ 1355000: uvm_test_top.env.scb [COMPARE] C[2][2]  MISMATCH   exp=   41108   got=  450074   <<< ERROR
UVM_ERROR mm_scoreboard.sv(99) @ 1355000: uvm_test_top.env.scb [COMPARE] C[2][3]  MISMATCH   exp=   24463   got=  406774   <<< ERROR
UVM_ERROR mm_scoreboard.sv(99) @ 1355000: uvm_test_top.env.scb [COMPARE] C[3][0]  MISMATCH   exp=  116138   got=  470652   <<< ERROR
UVM_ERROR mm_scoreboard.sv(99) @ 1355000: uvm_test_top.env.scb [COMPARE] C[3][1]  MISMATCH   exp=   41731   got=  446060   <<< ERROR
UVM_ERROR mm_scoreboard.sv(99) @ 1355000: uvm_test_top.env.scb [COMPARE] C[3][2]  MISMATCH   exp=  113677   got=  504431   <<< ERROR
UVM_ERROR mm_scoreboard.sv(99) @ 1355000: uvm_test_top.env.scb [COMPARE] C[3][3]  MISMATCH   exp=   77536   got=  442830   <<< ERROR
UVM_ERROR mm_scoreboard.sv(117) @ 1355000: uvm_test_top.env.scb [SCB_CLASS] Transaction FAILED   (corner_mode=x)   [fail_cnt=96]
UVM_ERROR mm_scoreboard.sv(99) @ 1515000: uvm_test_top.env.scb [COMPARE] C[0][0]  MISMATCH   exp=   63353   got=  500722   <<< ERROR
UVM_ERROR mm_scoreboard.sv(99) @ 1515000: uvm_test_top.env.scb [COMPARE] C[0][1]  MISMATCH   exp=   81883   got=  542581   <<< ERROR
UVM_ERROR mm_scoreboard.sv(99) @ 1515000: uvm_test_top.env.scb [COMPARE] C[0][2]  MISMATCH   exp=   44182   got=  582341   <<< ERROR
UVM_ERROR mm_scoreboard.sv(99) @ 1515000: uvm_test_top.env.scb [COMPARE] C[0][3]  MISMATCH   exp=   40136   got=  513475   <<< ERROR
UVM_ERROR mm_scoreboard.sv(99) @ 1515000: uvm_test_top.env.scb [COMPARE] C[1][0]  MISMATCH   exp=  136961   got=  575715   <<< ERROR
UVM_ERROR mm_scoreboard.sv(99) @ 1515000: uvm_test_top.env.scb [COMPARE] C[1][1]  MISMATCH   exp=  187824   got=  614983   <<< ERROR
UVM_ERROR mm_scoreboard.sv(99) @ 1515000: uvm_test_top.env.scb [COMPARE] C[1][2]  MISMATCH   exp=  106747   got=  626890   <<< ERROR
UVM_ERROR mm_scoreboard.sv(99) @ 1515000: uvm_test_top.env.scb [COMPARE] C[1][3]  MISMATCH   exp=  121121   got=  547102   <<< ERROR
UVM_ERROR mm_scoreboard.sv(99) @ 1515000: uvm_test_top.env.scb [COMPARE] C[2][0]  MISMATCH   exp=   83374   got=  475167   <<< ERROR
UVM_ERROR mm_scoreboard.sv(99) @ 1515000: uvm_test_top.env.scb [COMPARE] C[2][1]  MISMATCH   exp=  111001   got=  541255   <<< ERROR
UVM_ERROR mm_scoreboard.sv(99) @ 1515000: uvm_test_top.env.scb [COMPARE] C[2][2]  MISMATCH   exp=   40813   got=  490887   <<< ERROR
UVM_ERROR mm_scoreboard.sv(99) @ 1515000: uvm_test_top.env.scb [COMPARE] C[2][3]  MISMATCH   exp=   86236   got=  493010   <<< ERROR
UVM_ERROR mm_scoreboard.sv(99) @ 1515000: uvm_test_top.env.scb [COMPARE] C[3][0]  MISMATCH   exp=  109027   got=  579679   <<< ERROR
UVM_ERROR mm_scoreboard.sv(99) @ 1515000: uvm_test_top.env.scb [COMPARE] C[3][1]  MISMATCH   exp=  137230   got=  583290   <<< ERROR
UVM_ERROR mm_scoreboard.sv(99) @ 1515000: uvm_test_top.env.scb [COMPARE] C[3][2]  MISMATCH   exp=   59446   got=  563877   <<< ERROR
UVM_ERROR mm_scoreboard.sv(99) @ 1515000: uvm_test_top.env.scb [COMPARE] C[3][3]  MISMATCH   exp=   81114   got=  523944   <<< ERROR
UVM_ERROR mm_scoreboard.sv(117) @ 1515000: uvm_test_top.env.scb [SCB_CLASS] Transaction FAILED   (corner_mode=x)   [fail_cnt=112]
UVM_ERROR mm_scoreboard.sv(99) @ 1675000: uvm_test_top.env.scb [COMPARE] C[0][0]  MISMATCH   exp=       4   got=  500726   <<< ERROR
UVM_ERROR mm_scoreboard.sv(99) @ 1675000: uvm_test_top.env.scb [COMPARE] C[0][1]  MISMATCH   exp=      91   got=  542672   <<< ERROR
UVM_ERROR mm_scoreboard.sv(99) @ 1675000: uvm_test_top.env.scb [COMPARE] C[0][2]  MISMATCH   exp=     159   got=  582500   <<< ERROR
UVM_ERROR mm_scoreboard.sv(99) @ 1675000: uvm_test_top.env.scb [COMPARE] C[0][3]  MISMATCH   exp=      15   got=  513490   <<< ERROR
UVM_ERROR mm_scoreboard.sv(99) @ 1675000: uvm_test_top.env.scb [COMPARE] C[1][0]  MISMATCH   exp=      37   got=  575752   <<< ERROR
UVM_ERROR mm_scoreboard.sv(99) @ 1675000: uvm_test_top.env.scb [COMPARE] C[1][1]  MISMATCH   exp=     236   got=  615219   <<< ERROR
UVM_ERROR mm_scoreboard.sv(99) @ 1675000: uvm_test_top.env.scb [COMPARE] C[1][2]  MISMATCH   exp=     194   got=  627084   <<< ERROR
UVM_ERROR mm_scoreboard.sv(99) @ 1675000: uvm_test_top.env.scb [COMPARE] C[1][3]  MISMATCH   exp=     126   got=  547228   <<< ERROR
UVM_ERROR mm_scoreboard.sv(99) @ 1675000: uvm_test_top.env.scb [COMPARE] C[2][0]  MISMATCH   exp=       3   got=  475170   <<< ERROR
UVM_ERROR mm_scoreboard.sv(99) @ 1675000: uvm_test_top.env.scb [COMPARE] C[2][1]  MISMATCH   exp=      48   got=  541303   <<< ERROR
UVM_ERROR mm_scoreboard.sv(99) @ 1675000: uvm_test_top.env.scb [COMPARE] C[2][2]  MISMATCH   exp=     136   got=  491023   <<< ERROR
UVM_ERROR mm_scoreboard.sv(99) @ 1675000: uvm_test_top.env.scb [COMPARE] C[2][3]  MISMATCH   exp=     136   got=  493146   <<< ERROR
UVM_ERROR mm_scoreboard.sv(99) @ 1675000: uvm_test_top.env.scb [COMPARE] C[3][0]  MISMATCH   exp=      47   got=  579726   <<< ERROR
UVM_ERROR mm_scoreboard.sv(99) @ 1675000: uvm_test_top.env.scb [COMPARE] C[3][1]  MISMATCH   exp=     139   got=  583429   <<< ERROR
UVM_ERROR mm_scoreboard.sv(99) @ 1675000: uvm_test_top.env.scb [COMPARE] C[3][2]  MISMATCH   exp=       7   got=  563884   <<< ERROR
UVM_ERROR mm_scoreboard.sv(99) @ 1675000: uvm_test_top.env.scb [COMPARE] C[3][3]  MISMATCH   exp=     217   got=  524161   <<< ERROR
UVM_ERROR mm_scoreboard.sv(117) @ 1675000: uvm_test_top.env.scb [SCB_CLASS] Transaction FAILED   (corner_mode=x)   [fail_cnt=128]
UVM_ERROR mm_scoreboard.sv(99) @ 1835000: uvm_test_top.env.scb [COMPARE] C[0][0]  MISMATCH   exp=   40544   got=  541270   <<< ERROR
UVM_ERROR mm_scoreboard.sv(99) @ 1835000: uvm_test_top.env.scb [COMPARE] C[0][1]  MISMATCH   exp=   37074   got=  579746   <<< ERROR
UVM_ERROR mm_scoreboard.sv(99) @ 1835000: uvm_test_top.env.scb [COMPARE] C[0][2]  MISMATCH   exp=   40867   got=  623367   <<< ERROR
UVM_ERROR mm_scoreboard.sv(99) @ 1835000: uvm_test_top.env.scb [COMPARE] C[0][3]  MISMATCH   exp=   43629   got=  557119   <<< ERROR
UVM_ERROR mm_scoreboard.sv(99) @ 1835000: uvm_test_top.env.scb [COMPARE] C[1][0]  MISMATCH   exp=   55370   got=  631122   <<< ERROR
UVM_ERROR mm_scoreboard.sv(99) @ 1835000: uvm_test_top.env.scb [COMPARE] C[1][1]  MISMATCH   exp=   45016   got=  660235   <<< ERROR
UVM_ERROR mm_scoreboard.sv(99) @ 1835000: uvm_test_top.env.scb [COMPARE] C[1][2]  MISMATCH   exp=   71255   got=  698339   <<< ERROR
UVM_ERROR mm_scoreboard.sv(99) @ 1835000: uvm_test_top.env.scb [COMPARE] C[1][3]  MISMATCH   exp=   56305   got=  603533   <<< ERROR
UVM_ERROR mm_scoreboard.sv(99) @ 1835000: uvm_test_top.env.scb [COMPARE] C[2][0]  MISMATCH   exp=   86240   got=  561410   <<< ERROR
UVM_ERROR mm_scoreboard.sv(99) @ 1835000: uvm_test_top.env.scb [COMPARE] C[2][1]  MISMATCH   exp=   69136   got=  610439   <<< ERROR
UVM_ERROR mm_scoreboard.sv(99) @ 1835000: uvm_test_top.env.scb [COMPARE] C[2][2]  MISMATCH   exp=   98395   got=  589418   <<< ERROR
UVM_ERROR mm_scoreboard.sv(99) @ 1835000: uvm_test_top.env.scb [COMPARE] C[2][3]  MISMATCH   exp=  102908   got=  596054   <<< ERROR
UVM_ERROR mm_scoreboard.sv(99) @ 1835000: uvm_test_top.env.scb [COMPARE] C[3][0]  MISMATCH   exp=  106280   got=  686006   <<< ERROR
UVM_ERROR mm_scoreboard.sv(99) @ 1835000: uvm_test_top.env.scb [COMPARE] C[3][1]  MISMATCH   exp=   68395   got=  651824   <<< ERROR
UVM_ERROR mm_scoreboard.sv(99) @ 1835000: uvm_test_top.env.scb [COMPARE] C[3][2]  MISMATCH   exp=  117720   got=  681604   <<< ERROR
UVM_ERROR mm_scoreboard.sv(99) @ 1835000: uvm_test_top.env.scb [COMPARE] C[3][3]  MISMATCH   exp=   92118   got=  616279   <<< ERROR
UVM_ERROR mm_scoreboard.sv(117) @ 1835000: uvm_test_top.env.scb [SCB_CLASS] Transaction FAILED   (corner_mode=x)   [fail_cnt=144]
UVM_ERROR mm_scoreboard.sv(99) @ 1995000: uvm_test_top.env.scb [COMPARE] C[0][0]  MISMATCH   exp=   72600   got=  613870   <<< ERROR
UVM_ERROR mm_scoreboard.sv(99) @ 1995000: uvm_test_top.env.scb [COMPARE] C[0][1]  MISMATCH   exp=   53164   got=  632910   <<< ERROR
UVM_ERROR mm_scoreboard.sv(99) @ 1995000: uvm_test_top.env.scb [COMPARE] C[0][2]  MISMATCH   exp=   29964   got=  653331   <<< ERROR
UVM_ERROR mm_scoreboard.sv(99) @ 1995000: uvm_test_top.env.scb [COMPARE] C[0][3]  MISMATCH   exp=   62469   got=  619588   <<< ERROR
UVM_ERROR mm_scoreboard.sv(99) @ 1995000: uvm_test_top.env.scb [COMPARE] C[1][0]  MISMATCH   exp=   84978   got=  716100   <<< ERROR
UVM_ERROR mm_scoreboard.sv(99) @ 1995000: uvm_test_top.env.scb [COMPARE] C[1][1]  MISMATCH   exp=  103802   got=  764037   <<< ERROR
UVM_ERROR mm_scoreboard.sv(99) @ 1995000: uvm_test_top.env.scb [COMPARE] C[1][2]  MISMATCH   exp=   15609   got=  713948   <<< ERROR
UVM_ERROR mm_scoreboard.sv(99) @ 1995000: uvm_test_top.env.scb [COMPARE] C[1][3]  MISMATCH   exp=   53589   got=  657122   <<< ERROR
UVM_ERROR mm_scoreboard.sv(99) @ 1995000: uvm_test_top.env.scb [COMPARE] C[2][0]  MISMATCH   exp=   94168   got=  655578   <<< ERROR
UVM_ERROR mm_scoreboard.sv(99) @ 1995000: uvm_test_top.env.scb [COMPARE] C[2][1]  MISMATCH   exp=   86804   got=  697243   <<< ERROR
UVM_ERROR mm_scoreboard.sv(99) @ 1995000: uvm_test_top.env.scb [COMPARE] C[2][2]  MISMATCH   exp=   33530   got=  622948   <<< ERROR
UVM_ERROR mm_scoreboard.sv(99) @ 1995000: uvm_test_top.env.scb [COMPARE] C[2][3]  MISMATCH   exp=   59914   got=  655968   <<< ERROR
UVM_ERROR mm_scoreboard.sv(99) @ 1995000: uvm_test_top.env.scb [COMPARE] C[3][0]  MISMATCH   exp=  103550   got=  789556   <<< ERROR
UVM_ERROR mm_scoreboard.sv(99) @ 1995000: uvm_test_top.env.scb [COMPARE] C[3][1]  MISMATCH   exp=   95952   got=  747776   <<< ERROR
UVM_ERROR mm_scoreboard.sv(99) @ 1995000: uvm_test_top.env.scb [COMPARE] C[3][2]  MISMATCH   exp=   27419   got=  709023   <<< ERROR
UVM_ERROR mm_scoreboard.sv(99) @ 1995000: uvm_test_top.env.scb [COMPARE] C[3][3]  MISMATCH   exp=   71252   got=  687531   <<< ERROR
UVM_ERROR mm_scoreboard.sv(117) @ 1995000: uvm_test_top.env.scb [SCB_CLASS] Transaction FAILED   (corner_mode=x)   [fail_cnt=160]
UVM_ERROR mm_scoreboard.sv(99) @ 2155000: uvm_test_top.env.scb [COMPARE] C[0][0]  MISMATCH   exp=   62434   got=  676304   <<< ERROR
UVM_ERROR mm_scoreboard.sv(99) @ 2155000: uvm_test_top.env.scb [COMPARE] C[0][1]  MISMATCH   exp=   69192   got=  702102   <<< ERROR
UVM_ERROR mm_scoreboard.sv(99) @ 2155000: uvm_test_top.env.scb [COMPARE] C[0][2]  MISMATCH   exp=   90229   got=  743560   <<< ERROR
UVM_ERROR mm_scoreboard.sv(99) @ 2155000: uvm_test_top.env.scb [COMPARE] C[0][3]  MISMATCH   exp=   42737   got=  662325   <<< ERROR
UVM_ERROR mm_scoreboard.sv(99) @ 2155000: uvm_test_top.env.scb [COMPARE] C[1][0]  MISMATCH   exp=   51510   got=  767610   <<< ERROR
UVM_ERROR mm_scoreboard.sv(99) @ 2155000: uvm_test_top.env.scb [COMPARE] C[1][1]  MISMATCH   exp=   52028   got=  816065   <<< ERROR
UVM_ERROR mm_scoreboard.sv(99) @ 2155000: uvm_test_top.env.scb [COMPARE] C[1][2]  MISMATCH   exp=   64986   got=  778934   <<< ERROR
UVM_ERROR mm_scoreboard.sv(99) @ 2155000: uvm_test_top.env.scb [COMPARE] C[1][3]  MISMATCH   exp=   62009   got=  719131   <<< ERROR
UVM_ERROR mm_scoreboard.sv(99) @ 2155000: uvm_test_top.env.scb [COMPARE] C[2][0]  MISMATCH   exp=   58418   got=  713996   <<< ERROR
UVM_ERROR mm_scoreboard.sv(99) @ 2155000: uvm_test_top.env.scb [COMPARE] C[2][1]  MISMATCH   exp=   43584   got=  740827   <<< ERROR
UVM_ERROR mm_scoreboard.sv(99) @ 2155000: uvm_test_top.env.scb [COMPARE] C[2][2]  MISMATCH   exp=   50015   got=  672963   <<< ERROR
UVM_ERROR mm_scoreboard.sv(99) @ 2155000: uvm_test_top.env.scb [COMPARE] C[2][3]  MISMATCH   exp=   54490   got=  710458   <<< ERROR
UVM_ERROR mm_scoreboard.sv(99) @ 2155000: uvm_test_top.env.scb [COMPARE] C[3][0]  MISMATCH   exp=   60616   got=  850172   <<< ERROR
UVM_ERROR mm_scoreboard.sv(99) @ 2155000: uvm_test_top.env.scb [COMPARE] C[3][1]  MISMATCH   exp=   50076   got=  797852   <<< ERROR
UVM_ERROR mm_scoreboard.sv(99) @ 2155000: uvm_test_top.env.scb [COMPARE] C[3][2]  MISMATCH   exp=   68228   got=  777251   <<< ERROR
UVM_ERROR mm_scoreboard.sv(99) @ 2155000: uvm_test_top.env.scb [COMPARE] C[3][3]  MISMATCH   exp=   51658   got=  739189   <<< ERROR
UVM_ERROR mm_scoreboard.sv(117) @ 2155000: uvm_test_top.env.scb [SCB_CLASS] Transaction FAILED   (corner_mode=x)   [fail_cnt=176]
UVM_ERROR mm_scoreboard.sv(99) @ 2315000: uvm_test_top.env.scb [COMPARE] C[0][0]  MISMATCH   exp=   41622   got=  717926   <<< ERROR
UVM_ERROR mm_scoreboard.sv(99) @ 2315000: uvm_test_top.env.scb [COMPARE] C[0][1]  MISMATCH   exp=   24922   got=  727024   <<< ERROR
UVM_ERROR mm_scoreboard.sv(99) @ 2315000: uvm_test_top.env.scb [COMPARE] C[0][2]  MISMATCH   exp=   84124   got=  827684   <<< ERROR
UVM_ERROR mm_scoreboard.sv(99) @ 2315000: uvm_test_top.env.scb [COMPARE] C[0][3]  MISMATCH   exp=  141434   got=  803759   <<< ERROR
UVM_ERROR mm_scoreboard.sv(99) @ 2315000: uvm_test_top.env.scb [COMPARE] C[1][0]  MISMATCH   exp=   33863   got=  801473   <<< ERROR
UVM_ERROR mm_scoreboard.sv(99) @ 2315000: uvm_test_top.env.scb [COMPARE] C[1][1]  MISMATCH   exp=   18434   got=  834499   <<< ERROR
UVM_ERROR mm_scoreboard.sv(99) @ 2315000: uvm_test_top.env.scb [COMPARE] C[1][2]  MISMATCH   exp=   66350   got=  845284   <<< ERROR
UVM_ERROR mm_scoreboard.sv(99) @ 2315000: uvm_test_top.env.scb [COMPARE] C[1][3]  MISMATCH   exp=  126664   got=  845795   <<< ERROR
UVM_ERROR mm_scoreboard.sv(99) @ 2315000: uvm_test_top.env.scb [COMPARE] C[2][0]  MISMATCH   exp=   46435   got=  760431   <<< ERROR
UVM_ERROR mm_scoreboard.sv(99) @ 2315000: uvm_test_top.env.scb [COMPARE] C[2][1]  MISMATCH   exp=   25910   got=  766737   <<< ERROR
UVM_ERROR mm_scoreboard.sv(99) @ 2315000: uvm_test_top.env.scb [COMPARE] C[2][2]  MISMATCH   exp=   83039   got=  756002   <<< ERROR
UVM_ERROR mm_scoreboard.sv(99) @ 2315000: uvm_test_top.env.scb [COMPARE] C[2][3]  MISMATCH   exp=  143560   got=  854018   <<< ERROR
UVM_ERROR mm_scoreboard.sv(99) @ 2315000: uvm_test_top.env.scb [COMPARE] C[3][0]  MISMATCH   exp=   30727   got=  880899   <<< ERROR
UVM_ERROR mm_scoreboard.sv(99) @ 2315000: uvm_test_top.env.scb [COMPARE] C[3][1]  MISMATCH   exp=   14367   got=  812219   <<< ERROR
UVM_ERROR mm_scoreboard.sv(99) @ 2315000: uvm_test_top.env.scb [COMPARE] C[3][2]  MISMATCH   exp=   35945   got=  813196   <<< ERROR
UVM_ERROR mm_scoreboard.sv(99) @ 2315000: uvm_test_top.env.scb [COMPARE] C[3][3]  MISMATCH   exp=   81659   got=  820848   <<< ERROR
UVM_ERROR mm_scoreboard.sv(117) @ 2315000: uvm_test_top.env.scb [SCB_CLASS] Transaction FAILED   (corner_mode=x)   [fail_cnt=192]
UVM_ERROR mm_scoreboard.sv(99) @ 2475000: uvm_test_top.env.scb [COMPARE] C[0][0]  MISMATCH   exp=  118606   got=  836532   <<< ERROR
UVM_ERROR mm_scoreboard.sv(99) @ 2475000: uvm_test_top.env.scb [COMPARE] C[0][1]  MISMATCH   exp=   86223   got=  813247   <<< ERROR
UVM_ERROR mm_scoreboard.sv(99) @ 2475000: uvm_test_top.env.scb [COMPARE] C[0][2]  MISMATCH   exp=   88879   got=  916563   <<< ERROR
UVM_ERROR mm_scoreboard.sv(99) @ 2475000: uvm_test_top.env.scb [COMPARE] C[0][3]  MISMATCH   exp=   82655   got=  886414   <<< ERROR
UVM_ERROR mm_scoreboard.sv(99) @ 2475000: uvm_test_top.env.scb [COMPARE] C[1][0]  MISMATCH   exp=  106063   got=  907536   <<< ERROR
UVM_ERROR mm_scoreboard.sv(99) @ 2475000: uvm_test_top.env.scb [COMPARE] C[1][1]  MISMATCH   exp=   74139   got=  908638   <<< ERROR
UVM_ERROR mm_scoreboard.sv(99) @ 2475000: uvm_test_top.env.scb [COMPARE] C[1][2]  MISMATCH   exp=  102901   got=  948185   <<< ERROR
UVM_ERROR mm_scoreboard.sv(99) @ 2475000: uvm_test_top.env.scb [COMPARE] C[1][3]  MISMATCH   exp=   78160   got=  923955   <<< ERROR
UVM_ERROR mm_scoreboard.sv(99) @ 2475000: uvm_test_top.env.scb [COMPARE] C[2][0]  MISMATCH   exp=   80195   got=  840626   <<< ERROR
UVM_ERROR mm_scoreboard.sv(99) @ 2475000: uvm_test_top.env.scb [COMPARE] C[2][1]  MISMATCH   exp=   53595   got=  820332   <<< ERROR
UVM_ERROR mm_scoreboard.sv(99) @ 2475000: uvm_test_top.env.scb [COMPARE] C[2][2]  MISMATCH   exp=   88051   got=  844053   <<< ERROR
UVM_ERROR mm_scoreboard.sv(99) @ 2475000: uvm_test_top.env.scb [COMPARE] C[2][3]  MISMATCH   exp=   59954   got=  913972   <<< ERROR
UVM_ERROR mm_scoreboard.sv(99) @ 2475000: uvm_test_top.env.scb [COMPARE] C[3][0]  MISMATCH   exp=   59518   got=  940417   <<< ERROR
UVM_ERROR mm_scoreboard.sv(99) @ 2475000: uvm_test_top.env.scb [COMPARE] C[3][1]  MISMATCH   exp=   54519   got=  866738   <<< ERROR
UVM_ERROR mm_scoreboard.sv(99) @ 2475000: uvm_test_top.env.scb [COMPARE] C[3][2]  MISMATCH   exp=   49253   got=  862449   <<< ERROR
UVM_ERROR mm_scoreboard.sv(99) @ 2475000: uvm_test_top.env.scb [COMPARE] C[3][3]  MISMATCH   exp=   47611   got=  868459   <<< ERROR
UVM_ERROR mm_scoreboard.sv(117) @ 2475000: uvm_test_top.env.scb [SCB_CLASS] Transaction FAILED   (corner_mode=x)   [fail_cnt=208]
UVM_ERROR mm_scoreboard.sv(99) @ 2635000: uvm_test_top.env.scb [COMPARE] C[0][0]  MISMATCH   exp=   18758   got=  855290   <<< ERROR
UVM_ERROR mm_scoreboard.sv(99) @ 2635000: uvm_test_top.env.scb [COMPARE] C[0][1]  MISMATCH   exp=   35533   got=  848780   <<< ERROR
UVM_ERROR mm_scoreboard.sv(99) @ 2635000: uvm_test_top.env.scb [COMPARE] C[0][2]  MISMATCH   exp=   21819   got=  938382   <<< ERROR
UVM_ERROR mm_scoreboard.sv(99) @ 2635000: uvm_test_top.env.scb [COMPARE] C[0][3]  MISMATCH   exp=   52599   got=  939013   <<< ERROR
UVM_ERROR mm_scoreboard.sv(99) @ 2635000: uvm_test_top.env.scb [COMPARE] C[1][0]  MISMATCH   exp=   44390   got=  951926   <<< ERROR
UVM_ERROR mm_scoreboard.sv(99) @ 2635000: uvm_test_top.env.scb [COMPARE] C[1][1]  MISMATCH   exp=   42295   got=  950933   <<< ERROR
UVM_ERROR mm_scoreboard.sv(99) @ 2635000: uvm_test_top.env.scb [COMPARE] C[1][2]  MISMATCH   exp=   24243   got=  972428   <<< ERROR
UVM_ERROR mm_scoreboard.sv(99) @ 2635000: uvm_test_top.env.scb [COMPARE] C[1][3]  MISMATCH   exp=   61290   got=  985245   <<< ERROR
UVM_ERROR mm_scoreboard.sv(99) @ 2635000: uvm_test_top.env.scb [COMPARE] C[2][0]  MISMATCH   exp=   45965   got=  886591   <<< ERROR
UVM_ERROR mm_scoreboard.sv(99) @ 2635000: uvm_test_top.env.scb [COMPARE] C[2][1]  MISMATCH   exp=   70788   got=  891120   <<< ERROR
UVM_ERROR mm_scoreboard.sv(99) @ 2635000: uvm_test_top.env.scb [COMPARE] C[2][2]  MISMATCH   exp=   32773   got=  876826   <<< ERROR
UVM_ERROR mm_scoreboard.sv(99) @ 2635000: uvm_test_top.env.scb [COMPARE] C[2][3]  MISMATCH   exp=  105371   got= 1019343   <<< ERROR
UVM_ERROR mm_scoreboard.sv(99) @ 2635000: uvm_test_top.env.scb [COMPARE] C[3][0]  MISMATCH   exp=   54719   got=  995136   <<< ERROR
UVM_ERROR mm_scoreboard.sv(99) @ 2635000: uvm_test_top.env.scb [COMPARE] C[3][1]  MISMATCH   exp=   32321   got=  899059   <<< ERROR
UVM_ERROR mm_scoreboard.sv(99) @ 2635000: uvm_test_top.env.scb [COMPARE] C[3][2]  MISMATCH   exp=   45860   got=  908309   <<< ERROR
UVM_ERROR mm_scoreboard.sv(99) @ 2635000: uvm_test_top.env.scb [COMPARE] C[3][3]  MISMATCH   exp=   73738   got=  942197   <<< ERROR
UVM_ERROR mm_scoreboard.sv(117) @ 2635000: uvm_test_top.env.scb [SCB_CLASS] Transaction FAILED   (corner_mode=x)   [fail_cnt=224]
UVM_ERROR mm_scoreboard.sv(99) @ 2795000: uvm_test_top.env.scb [COMPARE] C[0][0]  MISMATCH   exp=  106864   got=  962154   <<< ERROR
UVM_ERROR mm_scoreboard.sv(99) @ 2795000: uvm_test_top.env.scb [COMPARE] C[0][1]  MISMATCH   exp=   73789   got=  922569   <<< ERROR
UVM_ERROR mm_scoreboard.sv(99) @ 2795000: uvm_test_top.env.scb [COMPARE] C[0][2]  MISMATCH   exp=   61430   got=  999812   <<< ERROR
UVM_ERROR mm_scoreboard.sv(99) @ 2795000: uvm_test_top.env.scb [COMPARE] C[0][3]  MISMATCH   exp=   80730   got= 1019743   <<< ERROR
UVM_ERROR mm_scoreboard.sv(99) @ 2795000: uvm_test_top.env.scb [COMPARE] C[1][0]  MISMATCH   exp=   83938   got= 1035864   <<< ERROR
UVM_ERROR mm_scoreboard.sv(99) @ 2795000: uvm_test_top.env.scb [COMPARE] C[1][1]  MISMATCH   exp=   75978   got= 1026911   <<< ERROR
UVM_ERROR mm_scoreboard.sv(99) @ 2795000: uvm_test_top.env.scb [COMPARE] C[1][2]  MISMATCH   exp=   47106   got= 1019534   <<< ERROR
UVM_ERROR mm_scoreboard.sv(99) @ 2795000: uvm_test_top.env.scb [COMPARE] C[1][3]  MISMATCH   exp=   57722   got= 1042967   <<< ERROR
UVM_ERROR mm_scoreboard.sv(99) @ 2795000: uvm_test_top.env.scb [COMPARE] C[2][0]  MISMATCH   exp=   39296   got=  925887   <<< ERROR
UVM_ERROR mm_scoreboard.sv(99) @ 2795000: uvm_test_top.env.scb [COMPARE] C[2][1]  MISMATCH   exp=   35822   got=  926942   <<< ERROR
UVM_ERROR mm_scoreboard.sv(99) @ 2795000: uvm_test_top.env.scb [COMPARE] C[2][2]  MISMATCH   exp=   21630   got=  898456   <<< ERROR
UVM_ERROR mm_scoreboard.sv(99) @ 2795000: uvm_test_top.env.scb [COMPARE] C[2][3]  MISMATCH   exp=   29037   got= 1048380   <<< ERROR
UVM_ERROR mm_scoreboard.sv(99) @ 2795000: uvm_test_top.env.scb [COMPARE] C[3][0]  MISMATCH   exp=   54930   got= 1050066   <<< ERROR
UVM_ERROR mm_scoreboard.sv(99) @ 2795000: uvm_test_top.env.scb [COMPARE] C[3][1]  MISMATCH   exp=   51920   got=  950979   <<< ERROR
UVM_ERROR mm_scoreboard.sv(99) @ 2795000: uvm_test_top.env.scb [COMPARE] C[3][2]  MISMATCH   exp=   29182   got=  937491   <<< ERROR
UVM_ERROR mm_scoreboard.sv(99) @ 2795000: uvm_test_top.env.scb [COMPARE] C[3][3]  MISMATCH   exp=   41636   got=  983833   <<< ERROR
UVM_ERROR mm_scoreboard.sv(117) @ 2795000: uvm_test_top.env.scb [SCB_CLASS] Transaction FAILED   (corner_mode=x)   [fail_cnt=240]
UVM_ERROR mm_scoreboard.sv(99) @ 2955000: uvm_test_top.env.scb [COMPARE] C[0][0]  MISMATCH   exp=  260100   got= 1222254   <<< ERROR
UVM_ERROR mm_scoreboard.sv(99) @ 2955000: uvm_test_top.env.scb [COMPARE] C[0][1]  MISMATCH   exp=  260100   got= 1182669   <<< ERROR
UVM_ERROR mm_scoreboard.sv(99) @ 2955000: uvm_test_top.env.scb [COMPARE] C[0][2]  MISMATCH   exp=  260100   got= 1259912   <<< ERROR
UVM_ERROR mm_scoreboard.sv(99) @ 2955000: uvm_test_top.env.scb [COMPARE] C[0][3]  MISMATCH   exp=  260100   got= 1279843   <<< ERROR
UVM_ERROR mm_scoreboard.sv(99) @ 2955000: uvm_test_top.env.scb [COMPARE] C[1][0]  MISMATCH   exp=  260100   got= 1295964   <<< ERROR
UVM_ERROR mm_scoreboard.sv(99) @ 2955000: uvm_test_top.env.scb [COMPARE] C[1][1]  MISMATCH   exp=  260100   got= 1287011   <<< ERROR
UVM_ERROR mm_scoreboard.sv(99) @ 2955000: uvm_test_top.env.scb [COMPARE] C[1][2]  MISMATCH   exp=  260100   got= 1279634   <<< ERROR
UVM_ERROR mm_scoreboard.sv(99) @ 2955000: uvm_test_top.env.scb [COMPARE] C[1][3]  MISMATCH   exp=  260100   got= 1303067   <<< ERROR
UVM_ERROR mm_scoreboard.sv(99) @ 2955000: uvm_test_top.env.scb [COMPARE] C[2][0]  MISMATCH   exp=  260100   got= 1185987   <<< ERROR
UVM_ERROR mm_scoreboard.sv(99) @ 2955000: uvm_test_top.env.scb [COMPARE] C[2][1]  MISMATCH   exp=  260100   got= 1187042   <<< ERROR
UVM_ERROR mm_scoreboard.sv(99) @ 2955000: uvm_test_top.env.scb [COMPARE] C[2][2]  MISMATCH   exp=  260100   got= 1158556   <<< ERROR
UVM_ERROR mm_scoreboard.sv(99) @ 2955000: uvm_test_top.env.scb [COMPARE] C[2][3]  MISMATCH   exp=  260100   got= 1308480   <<< ERROR
UVM_ERROR mm_scoreboard.sv(99) @ 2955000: uvm_test_top.env.scb [COMPARE] C[3][0]  MISMATCH   exp=  260100   got= 1310166   <<< ERROR
UVM_ERROR mm_scoreboard.sv(99) @ 2955000: uvm_test_top.env.scb [COMPARE] C[3][1]  MISMATCH   exp=  260100   got= 1211079   <<< ERROR
UVM_ERROR mm_scoreboard.sv(99) @ 2955000: uvm_test_top.env.scb [COMPARE] C[3][2]  MISMATCH   exp=  260100   got= 1197591   <<< ERROR
UVM_ERROR mm_scoreboard.sv(99) @ 2955000: uvm_test_top.env.scb [COMPARE] C[3][3]  MISMATCH   exp=  260100   got= 1243933   <<< ERROR
UVM_ERROR mm_scoreboard.sv(117) @ 2955000: uvm_test_top.env.scb [SCB_CLASS] Transaction FAILED   (corner_mode=x)   [fail_cnt=256]
UVM_ERROR mm_scoreboard.sv(99) @ 3115000: uvm_test_top.env.scb [COMPARE] C[0][0]  MISMATCH   exp=  114809   got= 1337063   <<< ERROR
UVM_ERROR mm_scoreboard.sv(99) @ 3115000: uvm_test_top.env.scb [COMPARE] C[0][1]  MISMATCH   exp=  127525   got= 1310194   <<< ERROR
UVM_ERROR mm_scoreboard.sv(99) @ 3115000: uvm_test_top.env.scb [COMPARE] C[0][2]  MISMATCH   exp=  118491   got= 1378403   <<< ERROR
UVM_ERROR mm_scoreboard.sv(99) @ 3115000: uvm_test_top.env.scb [COMPARE] C[0][3]  MISMATCH   exp=   58571   got= 1338414   <<< ERROR
UVM_ERROR mm_scoreboard.sv(99) @ 3115000: uvm_test_top.env.scb [COMPARE] C[1][0]  MISMATCH   exp=   83151   got= 1379115   <<< ERROR
UVM_ERROR mm_scoreboard.sv(99) @ 3115000: uvm_test_top.env.scb [COMPARE] C[1][1]  MISMATCH   exp=   89457   got= 1376468   <<< ERROR
UVM_ERROR mm_scoreboard.sv(99) @ 3115000: uvm_test_top.env.scb [COMPARE] C[1][2]  MISMATCH   exp=   39561   got= 1319195   <<< ERROR
UVM_ERROR mm_scoreboard.sv(99) @ 3115000: uvm_test_top.env.scb [COMPARE] C[1][3]  MISMATCH   exp=   68496   got= 1371563   <<< ERROR
UVM_ERROR mm_scoreboard.sv(99) @ 3115000: uvm_test_top.env.scb [COMPARE] C[2][0]  MISMATCH   exp=   34346   got= 1220333   <<< ERROR
UVM_ERROR mm_scoreboard.sv(99) @ 3115000: uvm_test_top.env.scb [COMPARE] C[2][1]  MISMATCH   exp=   50535   got= 1237577   <<< ERROR
UVM_ERROR mm_scoreboard.sv(99) @ 3115000: uvm_test_top.env.scb [COMPARE] C[2][2]  MISMATCH   exp=   43844   got= 1202400   <<< ERROR
UVM_ERROR mm_scoreboard.sv(99) @ 3115000: uvm_test_top.env.scb [COMPARE] C[2][3]  MISMATCH   exp=   24531   got= 1333011   <<< ERROR
UVM_ERROR mm_scoreboard.sv(99) @ 3115000: uvm_test_top.env.scb [COMPARE] C[3][0]  MISMATCH   exp=   87390   got= 1397556   <<< ERROR
UVM_ERROR mm_scoreboard.sv(99) @ 3115000: uvm_test_top.env.scb [COMPARE] C[3][1]  MISMATCH   exp=   88597   got= 1299676   <<< ERROR
UVM_ERROR mm_scoreboard.sv(99) @ 3115000: uvm_test_top.env.scb [COMPARE] C[3][2]  MISMATCH   exp=   82362   got= 1279953   <<< ERROR
UVM_ERROR mm_scoreboard.sv(99) @ 3115000: uvm_test_top.env.scb [COMPARE] C[3][3]  MISMATCH   exp=   40448   got= 1284381   <<< ERROR
UVM_ERROR mm_scoreboard.sv(117) @ 3115000: uvm_test_top.env.scb [SCB_CLASS] Transaction FAILED   (corner_mode=x)   [fail_cnt=272]
UVM_ERROR mm_scoreboard.sv(99) @ 3275000: uvm_test_top.env.scb [COMPARE] C[0][0]  MISMATCH   exp=   77740   got= 1414803   <<< ERROR
UVM_ERROR mm_scoreboard.sv(99) @ 3275000: uvm_test_top.env.scb [COMPARE] C[0][1]  MISMATCH   exp=   53239   got= 1363433   <<< ERROR
UVM_ERROR mm_scoreboard.sv(99) @ 3275000: uvm_test_top.env.scb [COMPARE] C[0][2]  MISMATCH   exp=   66207   got= 1444610   <<< ERROR
UVM_ERROR mm_scoreboard.sv(99) @ 3275000: uvm_test_top.env.scb [COMPARE] C[0][3]  MISMATCH   exp=  111118   got= 1449532   <<< ERROR
UVM_ERROR mm_scoreboard.sv(99) @ 3275000: uvm_test_top.env.scb [COMPARE] C[1][0]  MISMATCH   exp=   69294   got= 1448409   <<< ERROR
UVM_ERROR mm_scoreboard.sv(99) @ 3275000: uvm_test_top.env.scb [COMPARE] C[1][1]  MISMATCH   exp=   36945   got= 1413413   <<< ERROR
UVM_ERROR mm_scoreboard.sv(99) @ 3275000: uvm_test_top.env.scb [COMPARE] C[1][2]  MISMATCH   exp=   45317   got= 1364512   <<< ERROR
UVM_ERROR mm_scoreboard.sv(99) @ 3275000: uvm_test_top.env.scb [COMPARE] C[1][3]  MISMATCH   exp=   61341   got= 1432904   <<< ERROR
UVM_ERROR mm_scoreboard.sv(99) @ 3275000: uvm_test_top.env.scb [COMPARE] C[2][0]  MISMATCH   exp=   73621   got= 1293954   <<< ERROR
UVM_ERROR mm_scoreboard.sv(99) @ 3275000: uvm_test_top.env.scb [COMPARE] C[2][1]  MISMATCH   exp=   35946   got= 1273523   <<< ERROR
UVM_ERROR mm_scoreboard.sv(99) @ 3275000: uvm_test_top.env.scb [COMPARE] C[2][2]  MISMATCH   exp=   44204   got= 1246604   <<< ERROR
UVM_ERROR mm_scoreboard.sv(99) @ 3275000: uvm_test_top.env.scb [COMPARE] C[2][3]  MISMATCH   exp=   45811   got= 1378822   <<< ERROR
UVM_ERROR mm_scoreboard.sv(99) @ 3275000: uvm_test_top.env.scb [COMPARE] C[3][0]  MISMATCH   exp=   34944   got= 1432500   <<< ERROR
UVM_ERROR mm_scoreboard.sv(99) @ 3275000: uvm_test_top.env.scb [COMPARE] C[3][1]  MISMATCH   exp=   33656   got= 1333332   <<< ERROR
UVM_ERROR mm_scoreboard.sv(99) @ 3275000: uvm_test_top.env.scb [COMPARE] C[3][2]  MISMATCH   exp=   58715   got= 1338668   <<< ERROR
UVM_ERROR mm_scoreboard.sv(99) @ 3275000: uvm_test_top.env.scb [COMPARE] C[3][3]  MISMATCH   exp=   55054   got= 1339435   <<< ERROR
UVM_ERROR mm_scoreboard.sv(117) @ 3275000: uvm_test_top.env.scb [SCB_CLASS] Transaction FAILED   (corner_mode=x)   [fail_cnt=288]
UVM_ERROR mm_scoreboard.sv(99) @ 3435000: uvm_test_top.env.scb [COMPARE] C[0][0]  MISMATCH   exp=   81802   got= 1496605   <<< ERROR
UVM_ERROR mm_scoreboard.sv(99) @ 3435000: uvm_test_top.env.scb [COMPARE] C[0][1]  MISMATCH   exp=   56790   got= 1420223   <<< ERROR
UVM_ERROR mm_scoreboard.sv(99) @ 3435000: uvm_test_top.env.scb [COMPARE] C[0][2]  MISMATCH   exp=   53139   got= 1497749   <<< ERROR
UVM_ERROR mm_scoreboard.sv(99) @ 3435000: uvm_test_top.env.scb [COMPARE] C[0][3]  MISMATCH   exp=   26786   got= 1476318   <<< ERROR
UVM_ERROR mm_scoreboard.sv(99) @ 3435000: uvm_test_top.env.scb [COMPARE] C[1][0]  MISMATCH   exp=   67341   got= 1515750   <<< ERROR
UVM_ERROR mm_scoreboard.sv(99) @ 3435000: uvm_test_top.env.scb [COMPARE] C[1][1]  MISMATCH   exp=   26202   got= 1439615   <<< ERROR
UVM_ERROR mm_scoreboard.sv(99) @ 3435000: uvm_test_top.env.scb [COMPARE] C[1][2]  MISMATCH   exp=   59204   got= 1423716   <<< ERROR
UVM_ERROR mm_scoreboard.sv(99) @ 3435000: uvm_test_top.env.scb [COMPARE] C[1][3]  MISMATCH   exp=   37967   got= 1470871   <<< ERROR
UVM_ERROR mm_scoreboard.sv(99) @ 3435000: uvm_test_top.env.scb [COMPARE] C[2][0]  MISMATCH   exp=  117235   got= 1411189   <<< ERROR
UVM_ERROR mm_scoreboard.sv(99) @ 3435000: uvm_test_top.env.scb [COMPARE] C[2][1]  MISMATCH   exp=   77633   got= 1351156   <<< ERROR
UVM_ERROR mm_scoreboard.sv(99) @ 3435000: uvm_test_top.env.scb [COMPARE] C[2][2]  MISMATCH   exp=   84943   got= 1331547   <<< ERROR
UVM_ERROR mm_scoreboard.sv(99) @ 3435000: uvm_test_top.env.scb [COMPARE] C[2][3]  MISMATCH   exp=   33201   got= 1412023   <<< ERROR
UVM_ERROR mm_scoreboard.sv(99) @ 3435000: uvm_test_top.env.scb [COMPARE] C[3][0]  MISMATCH   exp=   95212   got= 1527712   <<< ERROR
UVM_ERROR mm_scoreboard.sv(99) @ 3435000: uvm_test_top.env.scb [COMPARE] C[3][1]  MISMATCH   exp=   55182   got= 1388514   <<< ERROR
UVM_ERROR mm_scoreboard.sv(99) @ 3435000: uvm_test_top.env.scb [COMPARE] C[3][2]  MISMATCH   exp=   74440   got= 1413108   <<< ERROR
UVM_ERROR mm_scoreboard.sv(99) @ 3435000: uvm_test_top.env.scb [COMPARE] C[3][3]  MISMATCH   exp=   76877   got= 1416312   <<< ERROR
UVM_ERROR mm_scoreboard.sv(117) @ 3435000: uvm_test_top.env.scb [SCB_CLASS] Transaction FAILED   (corner_mode=x)   [fail_cnt=304]
UVM_ERROR mm_scoreboard.sv(150) @ 3436000: uvm_test_top.env.scb [SCB_CLASS]   OVERALL: *** 304 ELEMENT FAILURE(S) DETECTED ***
