Info: [VCS_SAVE_RESTORE_INFO] ASLR (Address Space Layout Randomization) is detected on the machine. To enable $save functionality, ASLR will be switched off and simv re-executed.
Please use '-no_save' simv switch to avoid re-execution or '-suppress=ASLR_DETECTED_INFO' to suppress this message.
Chronologic VCS simulator copyright 1991-2023
Contains Synopsys proprietary information.
Compiler version V-2023.12-SP2_Full64; Runtime version V-2023.12-SP2_Full64;  May 15 22:09 2026
----------------------------------------------------------------
UVM-1.1d.Synopsys
(C) 2007-2013 Mentor Graphics Corporation
(C) 2007-2013 Cadence Design Systems, Inc.
(C) 2006-2013 Synopsys, Inc.
(C) 2011-2013 Cypress Semiconductor Corp.
----------------------------------------------------------------

  ***********       IMPORTANT RELEASE NOTES         ************

  You are using a version of the UVM library that has been compiled
  with `UVM_NO_DEPRECATED undefined.
  See http://www.eda.org/svdb/view.php?id=3313 for more details.

  You are using a version of the UVM library that has been compiled
  with `UVM_OBJECT_MUST_HAVE_CONSTRUCTOR undefined.
  See http://www.eda.org/svdb/view.php?id=3770 for more details.

      (Specify +UVM_NO_RELNOTES to turn off this notice)


 VCS Coverage Metrics Release V-2023.12-SP2_Full64 Copyright (c) 1991-2023 by Synopsys Inc.
*Verdi* Loading libsscore_vcs202312.so
FSDB Dumper for VCS, Release Verdi_X-2025.06-SP2-1, Linux x86_64/64bit, 01/19/2026
(C) 1996 - 2026 by Synopsys, Inc.
*Verdi* : Create FSDB file 'novas_uvm.fsdb'
*Verdi* : Begin traversing the scope (tb_top), layer (0).
*Verdi* : End of traversing.
[TB_TOP] FSDB waveform dump enabled: novas_uvm.fsdb
UVM_INFO @ 0: reporter [RNTST] Running test mm_test...
UVM_INFO mm_test.sv(62) @ 0: uvm_test_top [TEST_CLASS] End of Elaboration Phase — UVM Testbench Topology:
UVM_INFO @ 0: reporter [UVMTOP] UVM testbench topology:
--------------------------------------------------------------
Name                       Type                    Size  Value
--------------------------------------------------------------
uvm_test_top               mm_test                 -     @461 
  env                      mm_env                  -     @469 
    agnt                   mm_agent                -     @477 
      drv                  mm_driver               -     @620 
        rsp_port           uvm_analysis_port       -     @637 
        seq_item_port      uvm_seq_item_pull_port  -     @628 
      mon                  mm_monitor              -     @646 
        monitor_port       uvm_analysis_port       -     @655 
      seqr                 mm_sequencer            -     @497 
        rsp_export         uvm_analysis_export     -     @505 
        seq_item_export    uvm_seq_item_pull_imp   -     @611 
        arbitration_queue  array                   0     -    
        lock_queue         array                   0     -    
        num_last_reqs      integral                32    'd1  
        num_last_rsps      integral                32    'd1  
    scb                    mm_scoreboard           -     @485 
      scoreboard_port      uvm_analysis_imp        -     @670 
--------------------------------------------------------------

UVM_INFO mm_driver.sv(83) @ 0: uvm_test_top.env.agnt.drv [DRIVER_CLASS] Asserting reset (5 cycles)...
UVM_INFO mm_test.sv(81) @ 0: uvm_test_top [TEST_CLASS] 
================================================
UVM_INFO mm_test.sv(84) @ 0: uvm_test_top [TEST_CLASS]   MM ACCELERATOR UVM TEST STARTING
UVM_INFO mm_test.sv(87) @ 0: uvm_test_top [TEST_CLASS]   Plan: 3 corner + 17 random = 20 total transactions
UVM_INFO mm_test.sv(91) @ 0: uvm_test_top [TEST_CLASS] ================================================

UVM_INFO mm_test.sv(97) @ 0: uvm_test_top [TEST_CLASS] --- Phase A: Corner Sequences (1/3) zero-A ---
UVM_INFO mm_driver.sv(98) @ 75000: uvm_test_top.env.agnt.drv [DRIVER_CLASS] Reset released — DUT initialised
UVM_INFO mm_sequence.sv(116) @ 75000: uvm_test_top.env.agnt.seqr@@zero_seq [ZERO_SEQ] Sending zero-A corner:
  [SEQ_ITEM] corner_mode=1
    A[0]=[   0   0   0   0 ]  B[0]=[  29 118 114 243 ]
    A[1]=[   0   0   0   0 ]  B[1]=[  19 102  68 157 ]
    A[2]=[   0   0   0   0 ]  B[2]=[  43 245  39  40 ]
    A[3]=[   0   0   0   0 ]  B[3]=[ 146  53  74  96 ]
  Expected C:
    C[0]=[       0       0       0       0 ]
    C[1]=[       0       0       0       0 ]
    C[2]=[       0       0       0       0 ]
    C[3]=[       0       0       0       0 ]
UVM_INFO mm_driver.sv(63) @ 75000: uvm_test_top.env.agnt.drv [DRIVER_CLASS] Received seq_item — corner_mode=1  Driving DUT...
UVM_INFO mm_monitor.sv(85) @ 95000: uvm_test_top.env.agnt.mon [MONITOR_CLASS] start=1 detected — new transaction beginning
UVM_INFO mm_driver.sv(144) @ 146000: uvm_test_top.env.agnt.drv [DRIVER_CLASS] valid_in_upstream=0 — data phase done, waiting for result_valid
UVM_INFO mm_driver.sv(150) @ 225000: uvm_test_top.env.agnt.drv [DRIVER_CLASS] result_valid=1 — DUT in DONE state, transaction complete
UVM_INFO mm_monitor.sv(124) @ 235000: uvm_test_top.env.agnt.mon [MONITOR_CLASS] result_valid=1 — capturing DUT result bus
UVM_INFO mm_monitor.sv(133) @ 235000: uvm_test_top.env.agnt.mon [MONITOR_CLASS] Transaction observed and packaged:
  [SEQ_ITEM] corner_mode=x
    A[0]=[   0   0   0   0 ]  B[0]=[  29 118 114 243 ]
    A[1]=[   0   0   0   0 ]  B[1]=[  19 102  68 157 ]
    A[2]=[   0   0   0   0 ]  B[2]=[  43 245  39  40 ]
    A[3]=[   0   0   0   0 ]  B[3]=[ 146  53  74  96 ]
  Expected C:
    C[0]=[       0       0       0       0 ]
    C[1]=[       0       0       0       0 ]
    C[2]=[       0       0       0       0 ]
    C[3]=[       0       0       0       0 ]
UVM_INFO mm_scoreboard.sv(94) @ 235000: uvm_test_top.env.scb [SCB_CLASS] Checking transaction (corner_mode=x) — queue depth after pop: 0
UVM_INFO mm_scoreboard.sv(109) @ 235000: uvm_test_top.env.scb [SCB_CLASS] --- Comparing transaction (corner_mode=x) ---
UVM_INFO mm_scoreboard.sv(139) @ 235000: uvm_test_top.env.scb [SCB_CLASS] Transaction PASSED   (corner_mode=x)   [pass_cnt=16]
UVM_INFO mm_test.sv(105) @ 236000: uvm_test_top [TEST_CLASS] --- Phase A: Corner Sequences (2/3) identity-A ---
UVM_INFO mm_sequence.sv(149) @ 236000: uvm_test_top.env.agnt.seqr@@id_seq [IDENTITY_SEQ] Sending identity-A corner:
  [SEQ_ITEM] corner_mode=2
    A[0]=[   1   0   0   0 ]  B[0]=[ 244 120 237   1 ]
    A[1]=[   0   1   0   0 ]  B[1]=[ 111  26  94  34 ]
    A[2]=[   0   0   1   0 ]  B[2]=[   7 157  98 181 ]
    A[3]=[   0   0   0   1 ]  B[3]=[  61 221 194 218 ]
  Expected C:
    C[0]=[     244     120     237       1 ]
    C[1]=[     111      26      94      34 ]
    C[2]=[       7     157      98     181 ]
    C[3]=[      61     221     194     218 ]
UVM_INFO mm_driver.sv(63) @ 236000: uvm_test_top.env.agnt.drv [DRIVER_CLASS] Received seq_item — corner_mode=2  Driving DUT...
UVM_INFO mm_monitor.sv(85) @ 255000: uvm_test_top.env.agnt.mon [MONITOR_CLASS] start=1 detected — new transaction beginning
UVM_INFO mm_driver.sv(144) @ 306000: uvm_test_top.env.agnt.drv [DRIVER_CLASS] valid_in_upstream=0 — data phase done, waiting for result_valid
UVM_INFO mm_driver.sv(150) @ 385000: uvm_test_top.env.agnt.drv [DRIVER_CLASS] result_valid=1 — DUT in DONE state, transaction complete
UVM_INFO mm_monitor.sv(124) @ 395000: uvm_test_top.env.agnt.mon [MONITOR_CLASS] result_valid=1 — capturing DUT result bus
UVM_INFO mm_monitor.sv(133) @ 395000: uvm_test_top.env.agnt.mon [MONITOR_CLASS] Transaction observed and packaged:
  [SEQ_ITEM] corner_mode=x
    A[0]=[   1   0   0   0 ]  B[0]=[ 244 120 237   1 ]
    A[1]=[   0   1   0   0 ]  B[1]=[ 111  26  94  34 ]
    A[2]=[   0   0   1   0 ]  B[2]=[   7 157  98 181 ]
    A[3]=[   0   0   0   1 ]  B[3]=[  61 221 194 218 ]
  Expected C:
    C[0]=[     244     120     237       1 ]
    C[1]=[     111      26      94      34 ]
    C[2]=[       7     157      98     181 ]
    C[3]=[      61     221     194     218 ]
UVM_INFO mm_scoreboard.sv(94) @ 395000: uvm_test_top.env.scb [SCB_CLASS] Checking transaction (corner_mode=x) — queue depth after pop: 0
UVM_INFO mm_scoreboard.sv(109) @ 395000: uvm_test_top.env.scb [SCB_CLASS] --- Comparing transaction (corner_mode=x) ---
UVM_INFO mm_scoreboard.sv(139) @ 395000: uvm_test_top.env.scb [SCB_CLASS] Transaction PASSED   (corner_mode=x)   [pass_cnt=32]
UVM_INFO mm_test.sv(113) @ 396000: uvm_test_top [TEST_CLASS] --- Phase A: Corner Sequences (3/3) all-max ---
UVM_INFO mm_sequence.sv(182) @ 396000: uvm_test_top.env.agnt.seqr@@max_seq [MAX_SEQ] Sending all-max corner:
  [SEQ_ITEM] corner_mode=3
    A[0]=[ 255 255 255 255 ]  B[0]=[ 255 255 255 255 ]
    A[1]=[ 255 255 255 255 ]  B[1]=[ 255 255 255 255 ]
    A[2]=[ 255 255 255 255 ]  B[2]=[ 255 255 255 255 ]
    A[3]=[ 255 255 255 255 ]  B[3]=[ 255 255 255 255 ]
  Expected C:
    C[0]=[  260100  260100  260100  260100 ]
    C[1]=[  260100  260100  260100  260100 ]
    C[2]=[  260100  260100  260100  260100 ]
    C[3]=[  260100  260100  260100  260100 ]
UVM_INFO mm_driver.sv(63) @ 396000: uvm_test_top.env.agnt.drv [DRIVER_CLASS] Received seq_item — corner_mode=3  Driving DUT...
UVM_INFO mm_monitor.sv(85) @ 415000: uvm_test_top.env.agnt.mon [MONITOR_CLASS] start=1 detected — new transaction beginning
UVM_INFO mm_driver.sv(144) @ 466000: uvm_test_top.env.agnt.drv [DRIVER_CLASS] valid_in_upstream=0 — data phase done, waiting for result_valid
UVM_INFO mm_driver.sv(150) @ 545000: uvm_test_top.env.agnt.drv [DRIVER_CLASS] result_valid=1 — DUT in DONE state, transaction complete
UVM_INFO mm_monitor.sv(124) @ 555000: uvm_test_top.env.agnt.mon [MONITOR_CLASS] result_valid=1 — capturing DUT result bus
UVM_INFO mm_monitor.sv(133) @ 555000: uvm_test_top.env.agnt.mon [MONITOR_CLASS] Transaction observed and packaged:
  [SEQ_ITEM] corner_mode=x
    A[0]=[ 255 255 255 255 ]  B[0]=[ 255 255 255 255 ]
    A[1]=[ 255 255 255 255 ]  B[1]=[ 255 255 255 255 ]
    A[2]=[ 255 255 255 255 ]  B[2]=[ 255 255 255 255 ]
    A[3]=[ 255 255 255 255 ]  B[3]=[ 255 255 255 255 ]
  Expected C:
    C[0]=[  260100  260100  260100  260100 ]
    C[1]=[  260100  260100  260100  260100 ]
    C[2]=[  260100  260100  260100  260100 ]
    C[3]=[  260100  260100  260100  260100 ]
UVM_INFO mm_scoreboard.sv(94) @ 555000: uvm_test_top.env.scb [SCB_CLASS] Checking transaction (corner_mode=x) — queue depth after pop: 0
UVM_INFO mm_scoreboard.sv(109) @ 555000: uvm_test_top.env.scb [SCB_CLASS] --- Comparing transaction (corner_mode=x) ---
UVM_INFO mm_scoreboard.sv(139) @ 555000: uvm_test_top.env.scb [SCB_CLASS] Transaction PASSED   (corner_mode=x)   [pass_cnt=48]
UVM_INFO mm_test.sv(121) @ 556000: uvm_test_top [TEST_CLASS] --- Phase A complete: 3 corner transactions done ---
UVM_INFO mm_test.sv(127) @ 556000: uvm_test_top [TEST_CLASS] --- Phase B: 17 Random Sequences starting ---
UVM_INFO mm_sequence.sv(82) @ 556000: uvm_test_top.env.agnt.seqr@@test_seq [TEST_SEQ] Sending transaction (corner_mode=0):
  [SEQ_ITEM] corner_mode=0
    A[0]=[ 129 222 137 235 ]  B[0]=[  29  72 166  84 ]
    A[1]=[  76 158 172 192 ]  B[1]=[   6 188 152 131 ]
    A[2]=[ 165  83 180 254 ]  B[2]=[ 185 108 228  58 ]
    A[3]=[  72  90 223 154 ]  B[3]=[  12 151 166 119 ]
  Expected C:
    C[0]=[   33238  101305  125404   75829 ]
    C[1]=[   37276   82744  107720   59906 ]
    C[2]=[   41631   85278  123210   65399 ]
    C[3]=[   45731   69442  102040   49098 ]
UVM_INFO mm_driver.sv(63) @ 556000: uvm_test_top.env.agnt.drv [DRIVER_CLASS] Received seq_item — corner_mode=0  Driving DUT...
UVM_INFO mm_monitor.sv(85) @ 575000: uvm_test_top.env.agnt.mon [MONITOR_CLASS] start=1 detected — new transaction beginning
UVM_INFO mm_driver.sv(144) @ 626000: uvm_test_top.env.agnt.drv [DRIVER_CLASS] valid_in_upstream=0 — data phase done, waiting for result_valid
UVM_INFO mm_driver.sv(150) @ 705000: uvm_test_top.env.agnt.drv [DRIVER_CLASS] result_valid=1 — DUT in DONE state, transaction complete
UVM_INFO mm_monitor.sv(124) @ 715000: uvm_test_top.env.agnt.mon [MONITOR_CLASS] result_valid=1 — capturing DUT result bus
UVM_INFO mm_monitor.sv(133) @ 715000: uvm_test_top.env.agnt.mon [MONITOR_CLASS] Transaction observed and packaged:
  [SEQ_ITEM] corner_mode=x
    A[0]=[ 129 222 137 235 ]  B[0]=[  29  72 166  84 ]
    A[1]=[  76 158 172 192 ]  B[1]=[   6 188 152 131 ]
    A[2]=[ 165  83 180 254 ]  B[2]=[ 185 108 228  58 ]
    A[3]=[  72  90 223 154 ]  B[3]=[  12 151 166 119 ]
  Expected C:
    C[0]=[   33238  101305  125404   75829 ]
    C[1]=[   37276   82744  107720   59906 ]
    C[2]=[   41631   85278  123210   65399 ]
    C[3]=[   45731   69442  102040   49098 ]
UVM_INFO mm_scoreboard.sv(94) @ 715000: uvm_test_top.env.scb [SCB_CLASS] Checking transaction (corner_mode=x) — queue depth after pop: 0
UVM_INFO mm_scoreboard.sv(109) @ 715000: uvm_test_top.env.scb [SCB_CLASS] --- Comparing transaction (corner_mode=x) ---
UVM_INFO mm_scoreboard.sv(139) @ 715000: uvm_test_top.env.scb [SCB_CLASS] Transaction PASSED   (corner_mode=x)   [pass_cnt=64]
UVM_INFO mm_sequence.sv(82) @ 716000: uvm_test_top.env.agnt.seqr@@test_seq [TEST_SEQ] Sending transaction (corner_mode=0):
  [SEQ_ITEM] corner_mode=0
    A[0]=[  42  31 116 214 ]  B[0]=[ 167 117 250  84 ]
    A[1]=[ 126 121  19  54 ]  B[1]=[ 110 111  31  34 ]
    A[2]=[   4 201 183 144 ]  B[2]=[  56 153   1  83 ]
    A[3]=[  29 192 224 119 ]  B[3]=[  85 131 126 238 ]
  Expected C:
    C[0]=[   35110   54137   38541   65142 ]
    C[1]=[   40006   38154   42074   29127 ]
    C[2]=[   45266   69642   25558   56631 ]
    C[3]=[   48622   74566   28420   55878 ]
UVM_INFO mm_driver.sv(63) @ 716000: uvm_test_top.env.agnt.drv [DRIVER_CLASS] Received seq_item — corner_mode=0  Driving DUT...
UVM_INFO mm_monitor.sv(85) @ 735000: uvm_test_top.env.agnt.mon [MONITOR_CLASS] start=1 detected — new transaction beginning
UVM_INFO mm_driver.sv(144) @ 786000: uvm_test_top.env.agnt.drv [DRIVER_CLASS] valid_in_upstream=0 — data phase done, waiting for result_valid
UVM_INFO mm_driver.sv(150) @ 865000: uvm_test_top.env.agnt.drv [DRIVER_CLASS] result_valid=1 — DUT in DONE state, transaction complete
UVM_INFO mm_monitor.sv(124) @ 875000: uvm_test_top.env.agnt.mon [MONITOR_CLASS] result_valid=1 — capturing DUT result bus
UVM_INFO mm_monitor.sv(133) @ 875000: uvm_test_top.env.agnt.mon [MONITOR_CLASS] Transaction observed and packaged:
  [SEQ_ITEM] corner_mode=x
    A[0]=[  42  31 116 214 ]  B[0]=[ 167 117 250  84 ]
    A[1]=[ 126 121  19  54 ]  B[1]=[ 110 111  31  34 ]
    A[2]=[   4 201 183 144 ]  B[2]=[  56 153   1  83 ]
    A[3]=[  29 192 224 119 ]  B[3]=[  85 131 126 238 ]
  Expected C:
    C[0]=[   35110   54137   38541   65142 ]
    C[1]=[   40006   38154   42074   29127 ]
    C[2]=[   45266   69642   25558   56631 ]
    C[3]=[   48622   74566   28420   55878 ]
UVM_INFO mm_scoreboard.sv(94) @ 875000: uvm_test_top.env.scb [SCB_CLASS] Checking transaction (corner_mode=x) — queue depth after pop: 0
UVM_INFO mm_scoreboard.sv(109) @ 875000: uvm_test_top.env.scb [SCB_CLASS] --- Comparing transaction (corner_mode=x) ---
UVM_INFO mm_scoreboard.sv(139) @ 875000: uvm_test_top.env.scb [SCB_CLASS] Transaction PASSED   (corner_mode=x)   [pass_cnt=80]
UVM_INFO mm_sequence.sv(82) @ 876000: uvm_test_top.env.agnt.seqr@@test_seq [TEST_SEQ] Sending transaction (corner_mode=0):
  [SEQ_ITEM] corner_mode=0
    A[0]=[ 235 143 135 163 ]  B[0]=[ 171  82 232 200 ]
    A[1]=[ 251 193  17 246 ]  B[1]=[ 167  36 120 112 ]
    A[2]=[  48  92  84  31 ]  B[2]=[ 219  67 187  48 ]
    A[3]=[ 207 248 143  88 ]  B[3]=[  91  71 104  17 ]
  Expected C:
    C[0]=[  108464   45036  113877   72267 ]
    C[1]=[  101261   46135  110155   76814 ]
    C[2]=[   44789   15077   41108   24463 ]
    C[3]=[  116138   41731  113677   77536 ]
UVM_INFO mm_driver.sv(63) @ 876000: uvm_test_top.env.agnt.drv [DRIVER_CLASS] Received seq_item — corner_mode=0  Driving DUT...
UVM_INFO mm_monitor.sv(85) @ 895000: uvm_test_top.env.agnt.mon [MONITOR_CLASS] start=1 detected — new transaction beginning
UVM_INFO mm_driver.sv(144) @ 946000: uvm_test_top.env.agnt.drv [DRIVER_CLASS] valid_in_upstream=0 — data phase done, waiting for result_valid
UVM_INFO mm_driver.sv(150) @ 1025000: uvm_test_top.env.agnt.drv [DRIVER_CLASS] result_valid=1 — DUT in DONE state, transaction complete
UVM_INFO mm_monitor.sv(124) @ 1035000: uvm_test_top.env.agnt.mon [MONITOR_CLASS] result_valid=1 — capturing DUT result bus
UVM_INFO mm_monitor.sv(133) @ 1035000: uvm_test_top.env.agnt.mon [MONITOR_CLASS] Transaction observed and packaged:
  [SEQ_ITEM] corner_mode=x
    A[0]=[ 235 143 135 163 ]  B[0]=[ 171  82 232 200 ]
    A[1]=[ 251 193  17 246 ]  B[1]=[ 167  36 120 112 ]
    A[2]=[  48  92  84  31 ]  B[2]=[ 219  67 187  48 ]
    A[3]=[ 207 248 143  88 ]  B[3]=[  91  71 104  17 ]
  Expected C:
    C[0]=[  108464   45036  113877   72267 ]
    C[1]=[  101261   46135  110155   76814 ]
    C[2]=[   44789   15077   41108   24463 ]
    C[3]=[  116138   41731  113677   77536 ]
UVM_INFO mm_scoreboard.sv(94) @ 1035000: uvm_test_top.env.scb [SCB_CLASS] Checking transaction (corner_mode=x) — queue depth after pop: 0
UVM_INFO mm_scoreboard.sv(109) @ 1035000: uvm_test_top.env.scb [SCB_CLASS] --- Comparing transaction (corner_mode=x) ---
UVM_INFO mm_scoreboard.sv(139) @ 1035000: uvm_test_top.env.scb [SCB_CLASS] Transaction PASSED   (corner_mode=x)   [pass_cnt=96]
UVM_INFO mm_sequence.sv(82) @ 1036000: uvm_test_top.env.agnt.seqr@@test_seq [TEST_SEQ] Sending transaction (corner_mode=0):
  [SEQ_ITEM] corner_mode=0
    A[0]=[ 176  68   4  91 ]  B[0]=[ 164 253 205  54 ]
    A[1]=[ 253 147 193 218 ]  B[1]=[ 161 252  30 187 ]
    A[2]=[  37 202  96 144 ]  B[2]=[  84 209 196 202 ]
    A[3]=[ 200 180  13 181 ]  B[3]=[ 255 213  58 188 ]
  Expected C:
    C[0]=[   63353   81883   44182   40136 ]
    C[1]=[  136961  187824  106747  121121 ]
    C[2]=[   83374  111001   40813   86236 ]
    C[3]=[  109027  137230   59446   81114 ]
UVM_INFO mm_driver.sv(63) @ 1036000: uvm_test_top.env.agnt.drv [DRIVER_CLASS] Received seq_item — corner_mode=0  Driving DUT...
UVM_INFO mm_monitor.sv(85) @ 1055000: uvm_test_top.env.agnt.mon [MONITOR_CLASS] start=1 detected — new transaction beginning
UVM_INFO mm_driver.sv(144) @ 1106000: uvm_test_top.env.agnt.drv [DRIVER_CLASS] valid_in_upstream=0 — data phase done, waiting for result_valid
UVM_INFO mm_driver.sv(150) @ 1185000: uvm_test_top.env.agnt.drv [DRIVER_CLASS] result_valid=1 — DUT in DONE state, transaction complete
UVM_INFO mm_monitor.sv(124) @ 1195000: uvm_test_top.env.agnt.mon [MONITOR_CLASS] result_valid=1 — capturing DUT result bus
UVM_INFO mm_monitor.sv(133) @ 1195000: uvm_test_top.env.agnt.mon [MONITOR_CLASS] Transaction observed and packaged:
  [SEQ_ITEM] corner_mode=x
    A[0]=[ 176  68   4  91 ]  B[0]=[ 164 253 205  54 ]
    A[1]=[ 253 147 193 218 ]  B[1]=[ 161 252  30 187 ]
    A[2]=[  37 202  96 144 ]  B[2]=[  84 209 196 202 ]
    A[3]=[ 200 180  13 181 ]  B[3]=[ 255 213  58 188 ]
  Expected C:
    C[0]=[   63353   81883   44182   40136 ]
    C[1]=[  136961  187824  106747  121121 ]
    C[2]=[   83374  111001   40813   86236 ]
    C[3]=[  109027  137230   59446   81114 ]
UVM_INFO mm_scoreboard.sv(94) @ 1195000: uvm_test_top.env.scb [SCB_CLASS] Checking transaction (corner_mode=x) — queue depth after pop: 0
UVM_INFO mm_scoreboard.sv(109) @ 1195000: uvm_test_top.env.scb [SCB_CLASS] --- Comparing transaction (corner_mode=x) ---
UVM_INFO mm_scoreboard.sv(139) @ 1195000: uvm_test_top.env.scb [SCB_CLASS] Transaction PASSED   (corner_mode=x)   [pass_cnt=112]
UVM_INFO mm_sequence.sv(82) @ 1196000: uvm_test_top.env.agnt.seqr@@test_seq [TEST_SEQ] Sending transaction (corner_mode=2):
  [SEQ_ITEM] corner_mode=2
    A[0]=[   1   0   0   0 ]  B[0]=[   4  91 159  15 ]
    A[1]=[   0   1   0   0 ]  B[1]=[  37 236 194 126 ]
    A[2]=[   0   0   1   0 ]  B[2]=[   3  48 136 136 ]
    A[3]=[   0   0   0   1 ]  B[3]=[  47 139   7 217 ]
  Expected C:
    C[0]=[       4      91     159      15 ]
    C[1]=[      37     236     194     126 ]
    C[2]=[       3      48     136     136 ]
    C[3]=[      47     139       7     217 ]
UVM_INFO mm_driver.sv(63) @ 1196000: uvm_test_top.env.agnt.drv [DRIVER_CLASS] Received seq_item — corner_mode=2  Driving DUT...
UVM_INFO mm_monitor.sv(85) @ 1215000: uvm_test_top.env.agnt.mon [MONITOR_CLASS] start=1 detected — new transaction beginning
UVM_INFO mm_driver.sv(144) @ 1266000: uvm_test_top.env.agnt.drv [DRIVER_CLASS] valid_in_upstream=0 — data phase done, waiting for result_valid
UVM_INFO mm_driver.sv(150) @ 1345000: uvm_test_top.env.agnt.drv [DRIVER_CLASS] result_valid=1 — DUT in DONE state, transaction complete
UVM_INFO mm_monitor.sv(124) @ 1355000: uvm_test_top.env.agnt.mon [MONITOR_CLASS] result_valid=1 — capturing DUT result bus
UVM_INFO mm_monitor.sv(133) @ 1355000: uvm_test_top.env.agnt.mon [MONITOR_CLASS] Transaction observed and packaged:
  [SEQ_ITEM] corner_mode=x
    A[0]=[   1   0   0   0 ]  B[0]=[   4  91 159  15 ]
    A[1]=[   0   1   0   0 ]  B[1]=[  37 236 194 126 ]
    A[2]=[   0   0   1   0 ]  B[2]=[   3  48 136 136 ]
    A[3]=[   0   0   0   1 ]  B[3]=[  47 139   7 217 ]
  Expected C:
    C[0]=[       4      91     159      15 ]
    C[1]=[      37     236     194     126 ]
    C[2]=[       3      48     136     136 ]
    C[3]=[      47     139       7     217 ]
UVM_INFO mm_scoreboard.sv(94) @ 1355000: uvm_test_top.env.scb [SCB_CLASS] Checking transaction (corner_mode=x) — queue depth after pop: 0
UVM_INFO mm_scoreboard.sv(109) @ 1355000: uvm_test_top.env.scb [SCB_CLASS] --- Comparing transaction (corner_mode=x) ---
UVM_INFO mm_scoreboard.sv(139) @ 1355000: uvm_test_top.env.scb [SCB_CLASS] Transaction PASSED   (corner_mode=x)   [pass_cnt=128]
UVM_INFO mm_sequence.sv(82) @ 1356000: uvm_test_top.env.agnt.seqr@@test_seq [TEST_SEQ] Sending transaction (corner_mode=0):
  [SEQ_ITEM] corner_mode=0
    A[0]=[  11  77  44 208 ]  B[0]=[ 230  49 205   2 ]
    A[1]=[  83  31 195 108 ]  B[1]=[ 190  83 180 219 ]
    A[2]=[  28 213 180 225 ]  B[2]=[ 106 132 208 206 ]
    A[3]=[ 165 167 195 177 ]  B[3]=[  90 117  75  85 ]
  Expected C:
    C[0]=[   40544   37074   40867   43629 ]
    C[1]=[   55370   45016   71255   56305 ]
    C[2]=[   86240   69136   98395  102908 ]
    C[3]=[  106280   68395  117720   92118 ]
UVM_INFO mm_driver.sv(63) @ 1356000: uvm_test_top.env.agnt.drv [DRIVER_CLASS] Received seq_item — corner_mode=0  Driving DUT...
UVM_INFO mm_monitor.sv(85) @ 1375000: uvm_test_top.env.agnt.mon [MONITOR_CLASS] start=1 detected — new transaction beginning
UVM_INFO mm_driver.sv(144) @ 1426000: uvm_test_top.env.agnt.drv [DRIVER_CLASS] valid_in_upstream=0 — data phase done, waiting for result_valid
UVM_INFO mm_driver.sv(150) @ 1505000: uvm_test_top.env.agnt.drv [DRIVER_CLASS] result_valid=1 — DUT in DONE state, transaction complete
UVM_INFO mm_monitor.sv(124) @ 1515000: uvm_test_top.env.agnt.mon [MONITOR_CLASS] result_valid=1 — capturing DUT result bus
UVM_INFO mm_monitor.sv(133) @ 1515000: uvm_test_top.env.agnt.mon [MONITOR_CLASS] Transaction observed and packaged:
  [SEQ_ITEM] corner_mode=x
    A[0]=[  11  77  44 208 ]  B[0]=[ 230  49 205   2 ]
    A[1]=[  83  31 195 108 ]  B[1]=[ 190  83 180 219 ]
    A[2]=[  28 213 180 225 ]  B[2]=[ 106 132 208 206 ]
    A[3]=[ 165 167 195 177 ]  B[3]=[  90 117  75  85 ]
  Expected C:
    C[0]=[   40544   37074   40867   43629 ]
    C[1]=[   55370   45016   71255   56305 ]
    C[2]=[   86240   69136   98395  102908 ]
    C[3]=[  106280   68395  117720   92118 ]
UVM_INFO mm_scoreboard.sv(94) @ 1515000: uvm_test_top.env.scb [SCB_CLASS] Checking transaction (corner_mode=x) — queue depth after pop: 0
UVM_INFO mm_scoreboard.sv(109) @ 1515000: uvm_test_top.env.scb [SCB_CLASS] --- Comparing transaction (corner_mode=x) ---
UVM_INFO mm_scoreboard.sv(139) @ 1515000: uvm_test_top.env.scb [SCB_CLASS] Transaction PASSED   (corner_mode=x)   [pass_cnt=144]
UVM_INFO mm_sequence.sv(82) @ 1516000: uvm_test_top.env.agnt.seqr@@test_seq [TEST_SEQ] Sending transaction (corner_mode=0):
  [SEQ_ITEM] corner_mode=0
    A[0]=[  37  21 216 207 ]  B[0]=[ 210 235   9  87 ]
    A[1]=[ 166 134 205   1 ]  B[1]=[ 145 234  16  13 ]
    A[2]=[   8 212 186 238 ]  B[2]=[ 149 163  58 182 ]
    A[3]=[ 209  43 205 160 ]  B[3]=[ 143  21  81  95 ]
  Expected C:
    C[0]=[   72600   53164   29964   62469 ]
    C[1]=[   84978  103802   15609   53589 ]
    C[2]=[   94168   86804   33530   59914 ]
    C[3]=[  103550   95952   27419   71252 ]
UVM_INFO mm_driver.sv(63) @ 1516000: uvm_test_top.env.agnt.drv [DRIVER_CLASS] Received seq_item — corner_mode=0  Driving DUT...
UVM_INFO mm_monitor.sv(85) @ 1535000: uvm_test_top.env.agnt.mon [MONITOR_CLASS] start=1 detected — new transaction beginning
UVM_INFO mm_driver.sv(144) @ 1586000: uvm_test_top.env.agnt.drv [DRIVER_CLASS] valid_in_upstream=0 — data phase done, waiting for result_valid
UVM_INFO mm_driver.sv(150) @ 1665000: uvm_test_top.env.agnt.drv [DRIVER_CLASS] result_valid=1 — DUT in DONE state, transaction complete
UVM_INFO mm_monitor.sv(124) @ 1675000: uvm_test_top.env.agnt.mon [MONITOR_CLASS] result_valid=1 — capturing DUT result bus
UVM_INFO mm_monitor.sv(133) @ 1675000: uvm_test_top.env.agnt.mon [MONITOR_CLASS] Transaction observed and packaged:
  [SEQ_ITEM] corner_mode=x
    A[0]=[  37  21 216 207 ]  B[0]=[ 210 235   9  87 ]
    A[1]=[ 166 134 205   1 ]  B[1]=[ 145 234  16  13 ]
    A[2]=[   8 212 186 238 ]  B[2]=[ 149 163  58 182 ]
    A[3]=[ 209  43 205 160 ]  B[3]=[ 143  21  81  95 ]
  Expected C:
    C[0]=[   72600   53164   29964   62469 ]
    C[1]=[   84978  103802   15609   53589 ]
    C[2]=[   94168   86804   33530   59914 ]
    C[3]=[  103550   95952   27419   71252 ]
UVM_INFO mm_scoreboard.sv(94) @ 1675000: uvm_test_top.env.scb [SCB_CLASS] Checking transaction (corner_mode=x) — queue depth after pop: 0
UVM_INFO mm_scoreboard.sv(109) @ 1675000: uvm_test_top.env.scb [SCB_CLASS] --- Comparing transaction (corner_mode=x) ---
UVM_INFO mm_scoreboard.sv(139) @ 1675000: uvm_test_top.env.scb [SCB_CLASS] Transaction PASSED   (corner_mode=x)   [pass_cnt=160]
UVM_INFO mm_sequence.sv(82) @ 1676000: uvm_test_top.env.agnt.seqr@@test_seq [TEST_SEQ] Sending transaction (corner_mode=0):
  [SEQ_ITEM] corner_mode=0
    A[0]=[ 122  16 159 171 ]  B[0]=[ 178 169 137  23 ]
    A[1]=[  57 161 106 105 ]  B[1]=[  95  76  66 235 ]
    A[2]=[  97 189  97   2 ]  B[2]=[ 239 129 246  78 ]
    A[3]=[  58 122 160  66 ]  B[3]=[   7 157 195 139 ]
  Expected C:
    C[0]=[   62434   69192   90229   42737 ]
    C[1]=[   51510   52028   64986   62009 ]
    C[2]=[   58418   43584   50015   54490 ]
    C[3]=[   60616   50076   68228   51658 ]
UVM_INFO mm_driver.sv(63) @ 1676000: uvm_test_top.env.agnt.drv [DRIVER_CLASS] Received seq_item — corner_mode=0  Driving DUT...
UVM_INFO mm_monitor.sv(85) @ 1695000: uvm_test_top.env.agnt.mon [MONITOR_CLASS] start=1 detected — new transaction beginning
UVM_INFO mm_driver.sv(144) @ 1746000: uvm_test_top.env.agnt.drv [DRIVER_CLASS] valid_in_upstream=0 — data phase done, waiting for result_valid
UVM_INFO mm_driver.sv(150) @ 1825000: uvm_test_top.env.agnt.drv [DRIVER_CLASS] result_valid=1 — DUT in DONE state, transaction complete
UVM_INFO mm_monitor.sv(124) @ 1835000: uvm_test_top.env.agnt.mon [MONITOR_CLASS] result_valid=1 — capturing DUT result bus
UVM_INFO mm_monitor.sv(133) @ 1835000: uvm_test_top.env.agnt.mon [MONITOR_CLASS] Transaction observed and packaged:
  [SEQ_ITEM] corner_mode=x
    A[0]=[ 122  16 159 171 ]  B[0]=[ 178 169 137  23 ]
    A[1]=[  57 161 106 105 ]  B[1]=[  95  76  66 235 ]
    A[2]=[  97 189  97   2 ]  B[2]=[ 239 129 246  78 ]
    A[3]=[  58 122 160  66 ]  B[3]=[   7 157 195 139 ]
  Expected C:
    C[0]=[   62434   69192   90229   42737 ]
    C[1]=[   51510   52028   64986   62009 ]
    C[2]=[   58418   43584   50015   54490 ]
    C[3]=[   60616   50076   68228   51658 ]
UVM_INFO mm_scoreboard.sv(94) @ 1835000: uvm_test_top.env.scb [SCB_CLASS] Checking transaction (corner_mode=x) — queue depth after pop: 0
UVM_INFO mm_scoreboard.sv(109) @ 1835000: uvm_test_top.env.scb [SCB_CLASS] --- Comparing transaction (corner_mode=x) ---
UVM_INFO mm_scoreboard.sv(139) @ 1835000: uvm_test_top.env.scb [SCB_CLASS] Transaction PASSED   (corner_mode=x)   [pass_cnt=176]
UVM_INFO mm_sequence.sv(82) @ 1836000: uvm_test_top.env.agnt.seqr@@test_seq [TEST_SEQ] Sending transaction (corner_mode=0):
  [SEQ_ITEM] corner_mode=0
    A[0]=[ 157 130 171 255 ]  B[0]=[  36   9  52 131 ]
    A[1]=[ 221  94 203 160 ]  B[1]=[ 153  67 117 243 ]
    A[2]=[ 194 165 145 227 ]  B[2]=[  15   9  60 197 ]
    A[3]=[  32 169 156  26 ]  B[3]=[  53  52 198 218 ]
  Expected C:
    C[0]=[   41622   24922   84124  141434 ]
    C[1]=[   33863   18434   66350  126664 ]
    C[2]=[   46435   25910   83039  143560 ]
    C[3]=[   30727   14367   35945   81659 ]
UVM_INFO mm_driver.sv(63) @ 1836000: uvm_test_top.env.agnt.drv [DRIVER_CLASS] Received seq_item — corner_mode=0  Driving DUT...
UVM_INFO mm_monitor.sv(85) @ 1855000: uvm_test_top.env.agnt.mon [MONITOR_CLASS] start=1 detected — new transaction beginning
UVM_INFO mm_driver.sv(144) @ 1906000: uvm_test_top.env.agnt.drv [DRIVER_CLASS] valid_in_upstream=0 — data phase done, waiting for result_valid
UVM_INFO mm_driver.sv(150) @ 1985000: uvm_test_top.env.agnt.drv [DRIVER_CLASS] result_valid=1 — DUT in DONE state, transaction complete
UVM_INFO mm_monitor.sv(124) @ 1995000: uvm_test_top.env.agnt.mon [MONITOR_CLASS] result_valid=1 — capturing DUT result bus
UVM_INFO mm_monitor.sv(133) @ 1995000: uvm_test_top.env.agnt.mon [MONITOR_CLASS] Transaction observed and packaged:
  [SEQ_ITEM] corner_mode=x
    A[0]=[ 157 130 171 255 ]  B[0]=[  36   9  52 131 ]
    A[1]=[ 221  94 203 160 ]  B[1]=[ 153  67 117 243 ]
    A[2]=[ 194 165 145 227 ]  B[2]=[  15   9  60 197 ]
    A[3]=[  32 169 156  26 ]  B[3]=[  53  52 198 218 ]
  Expected C:
    C[0]=[   41622   24922   84124  141434 ]
    C[1]=[   33863   18434   66350  126664 ]
    C[2]=[   46435   25910   83039  143560 ]
    C[3]=[   30727   14367   35945   81659 ]
UVM_INFO mm_scoreboard.sv(94) @ 1995000: uvm_test_top.env.scb [SCB_CLASS] Checking transaction (corner_mode=x) — queue depth after pop: 0
UVM_INFO mm_scoreboard.sv(109) @ 1995000: uvm_test_top.env.scb [SCB_CLASS] --- Comparing transaction (corner_mode=x) ---
UVM_INFO mm_scoreboard.sv(139) @ 1995000: uvm_test_top.env.scb [SCB_CLASS] Transaction PASSED   (corner_mode=x)   [pass_cnt=192]
UVM_INFO mm_sequence.sv(82) @ 1996000: uvm_test_top.env.agnt.seqr@@test_seq [TEST_SEQ] Sending transaction (corner_mode=0):
  [SEQ_ITEM] corner_mode=0
    A[0]=[ 181 212 251 148 ]  B[0]=[ 229  87 167 127 ]
    A[1]=[ 252 133 120 252 ]  B[1]=[ 139  87  85  76 ]
    A[2]=[ 226 109  24 238 ]  B[2]=[ 167 156  64 124 ]
    A[3]=[  25 114 195 138 ]  B[3]=[  39  87 166  84 ]
  Expected C:
    C[0]=[  118606   86223   88879   82655 ]
    C[1]=[  106063   74139  102901   78160 ]
    C[2]=[   80195   53595   88051   59954 ]
    C[3]=[   59518   54519   49253   47611 ]
UVM_INFO mm_driver.sv(63) @ 1996000: uvm_test_top.env.agnt.drv [DRIVER_CLASS] Received seq_item — corner_mode=0  Driving DUT...
UVM_INFO mm_monitor.sv(85) @ 2015000: uvm_test_top.env.agnt.mon [MONITOR_CLASS] start=1 detected — new transaction beginning
UVM_INFO mm_driver.sv(144) @ 2066000: uvm_test_top.env.agnt.drv [DRIVER_CLASS] valid_in_upstream=0 — data phase done, waiting for result_valid
UVM_INFO mm_driver.sv(150) @ 2145000: uvm_test_top.env.agnt.drv [DRIVER_CLASS] result_valid=1 — DUT in DONE state, transaction complete
UVM_INFO mm_monitor.sv(124) @ 2155000: uvm_test_top.env.agnt.mon [MONITOR_CLASS] result_valid=1 — capturing DUT result bus
UVM_INFO mm_monitor.sv(133) @ 2155000: uvm_test_top.env.agnt.mon [MONITOR_CLASS] Transaction observed and packaged:
  [SEQ_ITEM] corner_mode=x
    A[0]=[ 181 212 251 148 ]  B[0]=[ 229  87 167 127 ]
    A[1]=[ 252 133 120 252 ]  B[1]=[ 139  87  85  76 ]
    A[2]=[ 226 109  24 238 ]  B[2]=[ 167 156  64 124 ]
    A[3]=[  25 114 195 138 ]  B[3]=[  39  87 166  84 ]
  Expected C:
    C[0]=[  118606   86223   88879   82655 ]
    C[1]=[  106063   74139  102901   78160 ]
    C[2]=[   80195   53595   88051   59954 ]
    C[3]=[   59518   54519   49253   47611 ]
UVM_INFO mm_scoreboard.sv(94) @ 2155000: uvm_test_top.env.scb [SCB_CLASS] Checking transaction (corner_mode=x) — queue depth after pop: 0
UVM_INFO mm_scoreboard.sv(109) @ 2155000: uvm_test_top.env.scb [SCB_CLASS] --- Comparing transaction (corner_mode=x) ---
UVM_INFO mm_scoreboard.sv(139) @ 2155000: uvm_test_top.env.scb [SCB_CLASS] Transaction PASSED   (corner_mode=x)   [pass_cnt=208]
UVM_INFO mm_sequence.sv(82) @ 2156000: uvm_test_top.env.agnt.seqr@@test_seq [TEST_SEQ] Sending transaction (corner_mode=0):
  [SEQ_ITEM] corner_mode=0
    A[0]=[  47 100 191   0 ]  B[0]=[ 190  66 134 133 ]
    A[1]=[  79 104  85 173 ]  B[1]=[  83  55  96 219 ]
    A[2]=[   3 245 247 199 ]  B[2]=[   8 141  31 128 ]
    A[3]=[ 203 175  58  10 ]  B[3]=[ 116 112   6  99 ]
  Expected C:
    C[0]=[   18758   35533   21819   52599 ]
    C[1]=[   44390   42295   24243   61290 ]
    C[2]=[   45965   70788   32773  105371 ]
    C[3]=[   54719   32321   45860   73738 ]
UVM_INFO mm_driver.sv(63) @ 2156000: uvm_test_top.env.agnt.drv [DRIVER_CLASS] Received seq_item — corner_mode=0  Driving DUT...
UVM_INFO mm_monitor.sv(85) @ 2175000: uvm_test_top.env.agnt.mon [MONITOR_CLASS] start=1 detected — new transaction beginning
UVM_INFO mm_driver.sv(144) @ 2226000: uvm_test_top.env.agnt.drv [DRIVER_CLASS] valid_in_upstream=0 — data phase done, waiting for result_valid
UVM_INFO mm_driver.sv(150) @ 2305000: uvm_test_top.env.agnt.drv [DRIVER_CLASS] result_valid=1 — DUT in DONE state, transaction complete
UVM_INFO mm_monitor.sv(124) @ 2315000: uvm_test_top.env.agnt.mon [MONITOR_CLASS] result_valid=1 — capturing DUT result bus
UVM_INFO mm_monitor.sv(133) @ 2315000: uvm_test_top.env.agnt.mon [MONITOR_CLASS] Transaction observed and packaged:
  [SEQ_ITEM] corner_mode=x
    A[0]=[  47 100 191   0 ]  B[0]=[ 190  66 134 133 ]
    A[1]=[  79 104  85 173 ]  B[1]=[  83  55  96 219 ]
    A[2]=[   3 245 247 199 ]  B[2]=[   8 141  31 128 ]
    A[3]=[ 203 175  58  10 ]  B[3]=[ 116 112   6  99 ]
  Expected C:
    C[0]=[   18758   35533   21819   52599 ]
    C[1]=[   44390   42295   24243   61290 ]
    C[2]=[   45965   70788   32773  105371 ]
    C[3]=[   54719   32321   45860   73738 ]
UVM_INFO mm_scoreboard.sv(94) @ 2315000: uvm_test_top.env.scb [SCB_CLASS] Checking transaction (corner_mode=x) — queue depth after pop: 0
UVM_INFO mm_scoreboard.sv(109) @ 2315000: uvm_test_top.env.scb [SCB_CLASS] --- Comparing transaction (corner_mode=x) ---
UVM_INFO mm_scoreboard.sv(139) @ 2315000: uvm_test_top.env.scb [SCB_CLASS] Transaction PASSED   (corner_mode=x)   [pass_cnt=224]
UVM_INFO mm_sequence.sv(82) @ 2316000: uvm_test_top.env.agnt.seqr@@test_seq [TEST_SEQ] Sending transaction (corner_mode=0):
  [SEQ_ITEM] corner_mode=0
    A[0]=[ 175 127 179  96 ]  B[0]=[ 222  68 232 201 ]
    A[1]=[  95 208 179   2 ]  B[1]=[ 166 223 108 128 ]
    A[2]=[  36 104  57  26 ]  B[2]=[ 156 128  14  65 ]
    A[3]=[  37 159  63  53 ]  B[3]=[ 198 111  48 184 ]
  Expected C:
    C[0]=[  106864   73789   61430   80730 ]
    C[1]=[   83938   75978   47106   57722 ]
    C[2]=[   39296   35822   21630   29037 ]
    C[3]=[   54930   51920   29182   41636 ]
UVM_INFO mm_driver.sv(63) @ 2316000: uvm_test_top.env.agnt.drv [DRIVER_CLASS] Received seq_item — corner_mode=0  Driving DUT...
UVM_INFO mm_monitor.sv(85) @ 2335000: uvm_test_top.env.agnt.mon [MONITOR_CLASS] start=1 detected — new transaction beginning
UVM_INFO mm_driver.sv(144) @ 2386000: uvm_test_top.env.agnt.drv [DRIVER_CLASS] valid_in_upstream=0 — data phase done, waiting for result_valid
UVM_INFO mm_driver.sv(150) @ 2465000: uvm_test_top.env.agnt.drv [DRIVER_CLASS] result_valid=1 — DUT in DONE state, transaction complete
UVM_INFO mm_monitor.sv(124) @ 2475000: uvm_test_top.env.agnt.mon [MONITOR_CLASS] result_valid=1 — capturing DUT result bus
UVM_INFO mm_monitor.sv(133) @ 2475000: uvm_test_top.env.agnt.mon [MONITOR_CLASS] Transaction observed and packaged:
  [SEQ_ITEM] corner_mode=x
    A[0]=[ 175 127 179  96 ]  B[0]=[ 222  68 232 201 ]
    A[1]=[  95 208 179   2 ]  B[1]=[ 166 223 108 128 ]
    A[2]=[  36 104  57  26 ]  B[2]=[ 156 128  14  65 ]
    A[3]=[  37 159  63  53 ]  B[3]=[ 198 111  48 184 ]
  Expected C:
    C[0]=[  106864   73789   61430   80730 ]
    C[1]=[   83938   75978   47106   57722 ]
    C[2]=[   39296   35822   21630   29037 ]
    C[3]=[   54930   51920   29182   41636 ]
UVM_INFO mm_scoreboard.sv(94) @ 2475000: uvm_test_top.env.scb [SCB_CLASS] Checking transaction (corner_mode=x) — queue depth after pop: 0
UVM_INFO mm_scoreboard.sv(109) @ 2475000: uvm_test_top.env.scb [SCB_CLASS] --- Comparing transaction (corner_mode=x) ---
UVM_INFO mm_scoreboard.sv(139) @ 2475000: uvm_test_top.env.scb [SCB_CLASS] Transaction PASSED   (corner_mode=x)   [pass_cnt=240]
UVM_INFO mm_sequence.sv(82) @ 2476000: uvm_test_top.env.agnt.seqr@@test_seq [TEST_SEQ] Sending transaction (corner_mode=3):
  [SEQ_ITEM] corner_mode=3
    A[0]=[ 255 255 255 255 ]  B[0]=[ 255 255 255 255 ]
    A[1]=[ 255 255 255 255 ]  B[1]=[ 255 255 255 255 ]
    A[2]=[ 255 255 255 255 ]  B[2]=[ 255 255 255 255 ]
    A[3]=[ 255 255 255 255 ]  B[3]=[ 255 255 255 255 ]
  Expected C:
    C[0]=[  260100  260100  260100  260100 ]
    C[1]=[  260100  260100  260100  260100 ]
    C[2]=[  260100  260100  260100  260100 ]
    C[3]=[  260100  260100  260100  260100 ]
UVM_INFO mm_driver.sv(63) @ 2476000: uvm_test_top.env.agnt.drv [DRIVER_CLASS] Received seq_item — corner_mode=3  Driving DUT...
UVM_INFO mm_monitor.sv(85) @ 2495000: uvm_test_top.env.agnt.mon [MONITOR_CLASS] start=1 detected — new transaction beginning
UVM_INFO mm_driver.sv(144) @ 2546000: uvm_test_top.env.agnt.drv [DRIVER_CLASS] valid_in_upstream=0 — data phase done, waiting for result_valid
UVM_INFO mm_driver.sv(150) @ 2625000: uvm_test_top.env.agnt.drv [DRIVER_CLASS] result_valid=1 — DUT in DONE state, transaction complete
UVM_INFO mm_monitor.sv(124) @ 2635000: uvm_test_top.env.agnt.mon [MONITOR_CLASS] result_valid=1 — capturing DUT result bus
UVM_INFO mm_monitor.sv(133) @ 2635000: uvm_test_top.env.agnt.mon [MONITOR_CLASS] Transaction observed and packaged:
  [SEQ_ITEM] corner_mode=x
    A[0]=[ 255 255 255 255 ]  B[0]=[ 255 255 255 255 ]
    A[1]=[ 255 255 255 255 ]  B[1]=[ 255 255 255 255 ]
    A[2]=[ 255 255 255 255 ]  B[2]=[ 255 255 255 255 ]
    A[3]=[ 255 255 255 255 ]  B[3]=[ 255 255 255 255 ]
  Expected C:
    C[0]=[  260100  260100  260100  260100 ]
    C[1]=[  260100  260100  260100  260100 ]
    C[2]=[  260100  260100  260100  260100 ]
    C[3]=[  260100  260100  260100  260100 ]
UVM_INFO mm_scoreboard.sv(94) @ 2635000: uvm_test_top.env.scb [SCB_CLASS] Checking transaction (corner_mode=x) — queue depth after pop: 0
UVM_INFO mm_scoreboard.sv(109) @ 2635000: uvm_test_top.env.scb [SCB_CLASS] --- Comparing transaction (corner_mode=x) ---
UVM_INFO mm_scoreboard.sv(139) @ 2635000: uvm_test_top.env.scb [SCB_CLASS] Transaction PASSED   (corner_mode=x)   [pass_cnt=256]
UVM_INFO mm_sequence.sv(82) @ 2636000: uvm_test_top.env.agnt.seqr@@test_seq [TEST_SEQ] Sending transaction (corner_mode=0):
  [SEQ_ITEM] corner_mode=0
    A[0]=[ 231  97 136 161 ]  B[0]=[ 239 231 212 117 ]
    A[1]=[  69 249  37  42 ]  B[1]=[ 228 241  29 233 ]
    A[2]=[  10  66 156  33 ]  B[2]=[  72 171 204  48 ]
    A[3]=[ 178  70  19 160 ]  B[3]=[ 172 171 242  15 ]
  Expected C:
    C[0]=[  114809  127525  118491   58571 ]
    C[1]=[   83151   89457   39561   68496 ]
    C[2]=[   34346   50535   43844   24531 ]
    C[3]=[   87390   88597   82362   40448 ]
UVM_INFO mm_driver.sv(63) @ 2636000: uvm_test_top.env.agnt.drv [DRIVER_CLASS] Received seq_item — corner_mode=0  Driving DUT...
UVM_INFO mm_monitor.sv(85) @ 2655000: uvm_test_top.env.agnt.mon [MONITOR_CLASS] start=1 detected — new transaction beginning
UVM_INFO mm_driver.sv(144) @ 2706000: uvm_test_top.env.agnt.drv [DRIVER_CLASS] valid_in_upstream=0 — data phase done, waiting for result_valid
UVM_INFO mm_driver.sv(150) @ 2785000: uvm_test_top.env.agnt.drv [DRIVER_CLASS] result_valid=1 — DUT in DONE state, transaction complete
UVM_INFO mm_monitor.sv(124) @ 2795000: uvm_test_top.env.agnt.mon [MONITOR_CLASS] result_valid=1 — capturing DUT result bus
UVM_INFO mm_monitor.sv(133) @ 2795000: uvm_test_top.env.agnt.mon [MONITOR_CLASS] Transaction observed and packaged:
  [SEQ_ITEM] corner_mode=x
    A[0]=[ 231  97 136 161 ]  B[0]=[ 239 231 212 117 ]
    A[1]=[  69 249  37  42 ]  B[1]=[ 228 241  29 233 ]
    A[2]=[  10  66 156  33 ]  B[2]=[  72 171 204  48 ]
    A[3]=[ 178  70  19 160 ]  B[3]=[ 172 171 242  15 ]
  Expected C:
    C[0]=[  114809  127525  118491   58571 ]
    C[1]=[   83151   89457   39561   68496 ]
    C[2]=[   34346   50535   43844   24531 ]
    C[3]=[   87390   88597   82362   40448 ]
UVM_INFO mm_scoreboard.sv(94) @ 2795000: uvm_test_top.env.scb [SCB_CLASS] Checking transaction (corner_mode=x) — queue depth after pop: 0
UVM_INFO mm_scoreboard.sv(109) @ 2795000: uvm_test_top.env.scb [SCB_CLASS] --- Comparing transaction (corner_mode=x) ---
UVM_INFO mm_scoreboard.sv(139) @ 2795000: uvm_test_top.env.scb [SCB_CLASS] Transaction PASSED   (corner_mode=x)   [pass_cnt=272]
UVM_INFO mm_sequence.sv(82) @ 2796000: uvm_test_top.env.agnt.seqr@@test_seq [TEST_SEQ] Sending transaction (corner_mode=0):
  [SEQ_ITEM] corner_mode=0
    A[0]=[ 239 139 197 115 ]  B[0]=[  84  46  65 246 ]
    A[1]=[  94  49 168 173 ]  B[1]=[  99 105 216 188 ]
    A[2]=[  21  36 182 215 ]  B[2]=[  74 110  19  81 ]
    A[3]=[   7 250  54  22 ]  B[3]=[ 255  52 147  89 ]
  Expected C:
    C[0]=[   77740   53239   66207  111118 ]
    C[1]=[   69294   36945   45317   61341 ]
    C[2]=[   73621   35946   44204   45811 ]
    C[3]=[   34944   33656   58715   55054 ]
UVM_INFO mm_driver.sv(63) @ 2796000: uvm_test_top.env.agnt.drv [DRIVER_CLASS] Received seq_item — corner_mode=0  Driving DUT...
UVM_INFO mm_monitor.sv(85) @ 2815000: uvm_test_top.env.agnt.mon [MONITOR_CLASS] start=1 detected — new transaction beginning
UVM_INFO mm_driver.sv(144) @ 2866000: uvm_test_top.env.agnt.drv [DRIVER_CLASS] valid_in_upstream=0 — data phase done, waiting for result_valid
UVM_INFO mm_driver.sv(150) @ 2945000: uvm_test_top.env.agnt.drv [DRIVER_CLASS] result_valid=1 — DUT in DONE state, transaction complete
UVM_INFO mm_monitor.sv(124) @ 2955000: uvm_test_top.env.agnt.mon [MONITOR_CLASS] result_valid=1 — capturing DUT result bus
UVM_INFO mm_monitor.sv(133) @ 2955000: uvm_test_top.env.agnt.mon [MONITOR_CLASS] Transaction observed and packaged:
  [SEQ_ITEM] corner_mode=x
    A[0]=[ 239 139 197 115 ]  B[0]=[  84  46  65 246 ]
    A[1]=[  94  49 168 173 ]  B[1]=[  99 105 216 188 ]
    A[2]=[  21  36 182 215 ]  B[2]=[  74 110  19  81 ]
    A[3]=[   7 250  54  22 ]  B[3]=[ 255  52 147  89 ]
  Expected C:
    C[0]=[   77740   53239   66207  111118 ]
    C[1]=[   69294   36945   45317   61341 ]
    C[2]=[   73621   35946   44204   45811 ]
    C[3]=[   34944   33656   58715   55054 ]
UVM_INFO mm_scoreboard.sv(94) @ 2955000: uvm_test_top.env.scb [SCB_CLASS] Checking transaction (corner_mode=x) — queue depth after pop: 0
UVM_INFO mm_scoreboard.sv(109) @ 2955000: uvm_test_top.env.scb [SCB_CLASS] --- Comparing transaction (corner_mode=x) ---
UVM_INFO mm_scoreboard.sv(139) @ 2955000: uvm_test_top.env.scb [SCB_CLASS] Transaction PASSED   (corner_mode=x)   [pass_cnt=288]
UVM_INFO mm_sequence.sv(82) @ 2956000: uvm_test_top.env.agnt.seqr@@test_seq [TEST_SEQ] Sending transaction (corner_mode=0):
  [SEQ_ITEM] corner_mode=0
    A[0]=[ 101  18 170 137 ]  B[0]=[ 101  50  10 160 ]
    A[1]=[ 111  56   3 204 ]  B[1]=[ 207 159 205 193 ]
    A[2]=[  82  43 222 232 ]  B[2]=[ 226 244 102   5 ]
    A[3]=[ 204 198  27 128 ]  B[3]=[ 215  54 227  46 ]
  Expected C:
    C[0]=[   81802   56790   53139   26786 ]
    C[1]=[   67341   26202   59204   37967 ]
    C[2]=[  117235   77633   84943   33201 ]
    C[3]=[   95212   55182   74440   76877 ]
UVM_INFO mm_driver.sv(63) @ 2956000: uvm_test_top.env.agnt.drv [DRIVER_CLASS] Received seq_item — corner_mode=0  Driving DUT...
UVM_INFO mm_monitor.sv(85) @ 2975000: uvm_test_top.env.agnt.mon [MONITOR_CLASS] start=1 detected — new transaction beginning
UVM_INFO mm_driver.sv(144) @ 3026000: uvm_test_top.env.agnt.drv [DRIVER_CLASS] valid_in_upstream=0 — data phase done, waiting for result_valid
UVM_INFO mm_driver.sv(150) @ 3105000: uvm_test_top.env.agnt.drv [DRIVER_CLASS] result_valid=1 — DUT in DONE state, transaction complete
UVM_INFO mm_monitor.sv(124) @ 3115000: uvm_test_top.env.agnt.mon [MONITOR_CLASS] result_valid=1 — capturing DUT result bus
UVM_INFO mm_monitor.sv(133) @ 3115000: uvm_test_top.env.agnt.mon [MONITOR_CLASS] Transaction observed and packaged:
  [SEQ_ITEM] corner_mode=x
    A[0]=[ 101  18 170 137 ]  B[0]=[ 101  50  10 160 ]
    A[1]=[ 111  56   3 204 ]  B[1]=[ 207 159 205 193 ]
    A[2]=[  82  43 222 232 ]  B[2]=[ 226 244 102   5 ]
    A[3]=[ 204 198  27 128 ]  B[3]=[ 215  54 227  46 ]
  Expected C:
    C[0]=[   81802   56790   53139   26786 ]
    C[1]=[   67341   26202   59204   37967 ]
    C[2]=[  117235   77633   84943   33201 ]
    C[3]=[   95212   55182   74440   76877 ]
UVM_INFO mm_scoreboard.sv(94) @ 3115000: uvm_test_top.env.scb [SCB_CLASS] Checking transaction (corner_mode=x) — queue depth after pop: 0
UVM_INFO mm_scoreboard.sv(109) @ 3115000: uvm_test_top.env.scb [SCB_CLASS] --- Comparing transaction (corner_mode=x) ---
UVM_INFO mm_scoreboard.sv(139) @ 3115000: uvm_test_top.env.scb [SCB_CLASS] Transaction PASSED   (corner_mode=x)   [pass_cnt=304]
UVM_INFO mm_sequence.sv(82) @ 3116000: uvm_test_top.env.agnt.seqr@@test_seq [TEST_SEQ] Sending transaction (corner_mode=0):
  [SEQ_ITEM] corner_mode=0
    A[0]=[  11  37 220  88 ]  B[0]=[ 112  42 158  36 ]
    A[1]=[  66  38  66 105 ]  B[1]=[ 250 215 183   7 ]
    A[2]=[ 175 201  63 241 ]  B[2]=[ 203  74  78 216 ]
    A[3]=[ 160  53  43 229 ]  B[3]=[  36  58  28   8 ]
  Expected C:
    C[0]=[   58310   29801   28133   48879 ]
    C[1]=[   34070   21916   25470   17738 ]
    C[2]=[   91315   69205   76095   23243 ]
    C[3]=[   48143   34579   44745   17251 ]
UVM_INFO mm_driver.sv(63) @ 3116000: uvm_test_top.env.agnt.drv [DRIVER_CLASS] Received seq_item — corner_mode=0  Driving DUT...
UVM_INFO mm_monitor.sv(85) @ 3135000: uvm_test_top.env.agnt.mon [MONITOR_CLASS] start=1 detected — new transaction beginning
UVM_INFO mm_driver.sv(144) @ 3186000: uvm_test_top.env.agnt.drv [DRIVER_CLASS] valid_in_upstream=0 — data phase done, waiting for result_valid
UVM_INFO mm_driver.sv(150) @ 3265000: uvm_test_top.env.agnt.drv [DRIVER_CLASS] result_valid=1 — DUT in DONE state, transaction complete
UVM_INFO mm_monitor.sv(124) @ 3275000: uvm_test_top.env.agnt.mon [MONITOR_CLASS] result_valid=1 — capturing DUT result bus
UVM_INFO mm_monitor.sv(133) @ 3275000: uvm_test_top.env.agnt.mon [MONITOR_CLASS] Transaction observed and packaged:
  [SEQ_ITEM] corner_mode=x
    A[0]=[  11  37 220  88 ]  B[0]=[ 112  42 158  36 ]
    A[1]=[  66  38  66 105 ]  B[1]=[ 250 215 183   7 ]
    A[2]=[ 175 201  63 241 ]  B[2]=[ 203  74  78 216 ]
    A[3]=[ 160  53  43 229 ]  B[3]=[  36  58  28   8 ]
  Expected C:
    C[0]=[   58310   29801   28133   48879 ]
    C[1]=[   34070   21916   25470   17738 ]
    C[2]=[   91315   69205   76095   23243 ]
    C[3]=[   48143   34579   44745   17251 ]
UVM_INFO mm_scoreboard.sv(94) @ 3275000: uvm_test_top.env.scb [SCB_CLASS] Checking transaction (corner_mode=x) — queue depth after pop: 0
UVM_INFO mm_scoreboard.sv(109) @ 3275000: uvm_test_top.env.scb [SCB_CLASS] --- Comparing transaction (corner_mode=x) ---
UVM_INFO mm_scoreboard.sv(139) @ 3275000: uvm_test_top.env.scb [SCB_CLASS] Transaction PASSED   (corner_mode=x)   [pass_cnt=320]
UVM_INFO mm_test.sv(140) @ 3276000: uvm_test_top [TEST_CLASS] --- Phase B complete: all random sequences done ---
UVM_INFO mm_test.sv(144) @ 3276000: uvm_test_top [TEST_CLASS] 
================================================
UVM_INFO mm_test.sv(147) @ 3276000: uvm_test_top [TEST_CLASS]   MM ACCELERATOR UVM TEST COMPLETE
UVM_INFO mm_test.sv(150) @ 3276000: uvm_test_top [TEST_CLASS]   Dropping objection — UVM will proceed to report_phase
UVM_INFO mm_test.sv(153) @ 3276000: uvm_test_top [TEST_CLASS] ================================================

UVM_INFO /pkgs/synopsys/2024/vcs/vcs/V-2023.12-SP2/etc/uvm-1.1/base/uvm_objection.svh(1274) @ 3276000: reporter [TEST_DONE] 'run' phase is ready to proceed to the 'extract' phase
UVM_INFO mm_scoreboard.sv(157) @ 3276000: uvm_test_top.env.scb [SCB_CLASS] 
======================================================
UVM_INFO mm_scoreboard.sv(160) @ 3276000: uvm_test_top.env.scb [SCB_CLASS]   SCOREBOARD FINAL REPORT
UVM_INFO mm_scoreboard.sv(161) @ 3276000: uvm_test_top.env.scb [SCB_CLASS]   Transactions : PASS=20   FAIL=0
UVM_INFO mm_scoreboard.sv(165) @ 3276000: uvm_test_top.env.scb [SCB_CLASS]   Elements     : PASS=320   FAIL=0
UVM_INFO mm_scoreboard.sv(176) @ 3276000: uvm_test_top.env.scb [SCB_CLASS]   OVERALL: *** ALL TESTS PASSED ***
UVM_INFO mm_scoreboard.sv(185) @ 3276000: uvm_test_top.env.scb [SCB_CLASS] ======================================================


--- UVM Report Summary ---

** Report counts by severity
UVM_INFO :  226
UVM_WARNING :    0
UVM_ERROR :    0
UVM_FATAL :    0
** Report counts by id
[DRIVER_CLASS]    62
[IDENTITY_SEQ]     1
[MAX_SEQ]     1
[MONITOR_CLASS]    60
[RNTST]     1
[SCB_CLASS]    66
[TEST_CLASS]    15
[TEST_DONE]     1
[TEST_SEQ]    17
[UVMTOP]     1
[ZERO_SEQ]     1
$finish called from file "/pkgs/synopsys/2024/vcs/vcs/V-2023.12-SP2/etc/uvm-1.1/base/uvm_root.svh", line 437.
$finish at simulation time              3276000

---------------------------------------------------------------------------
VCS Coverage Metrics: during simulation line, cond, FSM, branch, tgl was monitored
---------------------------------------------------------------------------

 Coverage status: End of All Coverages ...

           V C S   S i m u l a t i o n   R e p o r t 
Time: 3276000 ps
CPU Time:      0.640 seconds;       Data structure size:   0.6Mb
Fri May 15 22:09:52 2026
