UVM_ERROR mm_scoreboard.sv(99) @ 235000: uvm_test_top.env.scb [COMPARE] C[0][0]  MISMATCH   exp=     237   got=       0   <<< ERROR
UVM_ERROR mm_scoreboard.sv(99) @ 235000: uvm_test_top.env.scb [COMPARE] C[0][1]  MISMATCH   exp=     518   got=       0   <<< ERROR
UVM_ERROR mm_scoreboard.sv(99) @ 235000: uvm_test_top.env.scb [COMPARE] C[0][2]  MISMATCH   exp=     295   got=       0   <<< ERROR
UVM_ERROR mm_scoreboard.sv(99) @ 235000: uvm_test_top.env.scb [COMPARE] C[0][3]  MISMATCH   exp=     536   got=       0   <<< ERROR
UVM_ERROR mm_scoreboard.sv(99) @ 235000: uvm_test_top.env.scb [COMPARE] C[1][0]  MISMATCH   exp=     237   got=       0   <<< ERROR
UVM_ERROR mm_scoreboard.sv(99) @ 235000: uvm_test_top.env.scb [COMPARE] C[1][1]  MISMATCH   exp=     518   got=       0   <<< ERROR
UVM_ERROR mm_scoreboard.sv(99) @ 235000: uvm_test_top.env.scb [COMPARE] C[1][2]  MISMATCH   exp=     295   got=       0   <<< ERROR
UVM_ERROR mm_scoreboard.sv(99) @ 235000: uvm_test_top.env.scb [COMPARE] C[1][3]  MISMATCH   exp=     536   got=       0   <<< ERROR
UVM_ERROR mm_scoreboard.sv(99) @ 235000: uvm_test_top.env.scb [COMPARE] C[2][0]  MISMATCH   exp=     237   got=       0   <<< ERROR
UVM_ERROR mm_scoreboard.sv(99) @ 235000: uvm_test_top.env.scb [COMPARE] C[2][1]  MISMATCH   exp=     518   got=       0   <<< ERROR
UVM_ERROR mm_scoreboard.sv(99) @ 235000: uvm_test_top.env.scb [COMPARE] C[2][2]  MISMATCH   exp=     295   got=       0   <<< ERROR
UVM_ERROR mm_scoreboard.sv(99) @ 235000: uvm_test_top.env.scb [COMPARE] C[2][3]  MISMATCH   exp=     536   got=       0   <<< ERROR
UVM_ERROR mm_scoreboard.sv(99) @ 235000: uvm_test_top.env.scb [COMPARE] C[3][0]  MISMATCH   exp=     237   got=       0   <<< ERROR
UVM_ERROR mm_scoreboard.sv(99) @ 235000: uvm_test_top.env.scb [COMPARE] C[3][1]  MISMATCH   exp=     518   got=       0   <<< ERROR
UVM_ERROR mm_scoreboard.sv(99) @ 235000: uvm_test_top.env.scb [COMPARE] C[3][2]  MISMATCH   exp=     295   got=       0   <<< ERROR
UVM_ERROR mm_scoreboard.sv(99) @ 235000: uvm_test_top.env.scb [COMPARE] C[3][3]  MISMATCH   exp=     536   got=       0   <<< ERROR
UVM_ERROR mm_scoreboard.sv(117) @ 235000: uvm_test_top.env.scb [SCB_CLASS] Transaction FAILED   (corner_mode=x)   [fail_cnt=16]
UVM_ERROR mm_scoreboard.sv(99) @ 395000: uvm_test_top.env.scb [COMPARE] C[0][0]  MISMATCH   exp=     381   got=     201   <<< ERROR
UVM_ERROR mm_scoreboard.sv(99) @ 395000: uvm_test_top.env.scb [COMPARE] C[0][1]  MISMATCH   exp=     525   got=     120   <<< ERROR
UVM_ERROR mm_scoreboard.sv(99) @ 395000: uvm_test_top.env.scb [COMPARE] C[0][2]  MISMATCH   exp=     624   got=     237   <<< ERROR
UVM_ERROR mm_scoreboard.sv(99) @ 395000: uvm_test_top.env.scb [COMPARE] C[0][3]  MISMATCH   exp=     435   got=       1   <<< ERROR
UVM_ERROR mm_scoreboard.sv(99) @ 395000: uvm_test_top.env.scb [COMPARE] C[1][0]  MISMATCH   exp=     381   got=     111   <<< ERROR
UVM_ERROR mm_scoreboard.sv(99) @ 395000: uvm_test_top.env.scb [COMPARE] C[1][1]  MISMATCH   exp=     525   got=      26   <<< ERROR
UVM_ERROR mm_scoreboard.sv(99) @ 395000: uvm_test_top.env.scb [COMPARE] C[1][2]  MISMATCH   exp=     624   got=      94   <<< ERROR
UVM_ERROR mm_scoreboard.sv(99) @ 395000: uvm_test_top.env.scb [COMPARE] C[1][3]  MISMATCH   exp=     435   got=      34   <<< ERROR
UVM_ERROR mm_scoreboard.sv(99) @ 395000: uvm_test_top.env.scb [COMPARE] C[2][0]  MISMATCH   exp=     381   got=       7   <<< ERROR
UVM_ERROR mm_scoreboard.sv(99) @ 395000: uvm_test_top.env.scb [COMPARE] C[2][1]  MISMATCH   exp=     525   got=     157   <<< ERROR
UVM_ERROR mm_scoreboard.sv(99) @ 395000: uvm_test_top.env.scb [COMPARE] C[2][2]  MISMATCH   exp=     624   got=      98   <<< ERROR
UVM_ERROR mm_scoreboard.sv(99) @ 395000: uvm_test_top.env.scb [COMPARE] C[2][3]  MISMATCH   exp=     435   got=     181   <<< ERROR
UVM_ERROR mm_scoreboard.sv(99) @ 395000: uvm_test_top.env.scb [COMPARE] C[3][0]  MISMATCH   exp=     381   got=      61   <<< ERROR
UVM_ERROR mm_scoreboard.sv(99) @ 395000: uvm_test_top.env.scb [COMPARE] C[3][1]  MISMATCH   exp=     525   got=     221   <<< ERROR
UVM_ERROR mm_scoreboard.sv(99) @ 395000: uvm_test_top.env.scb [COMPARE] C[3][2]  MISMATCH   exp=     624   got=     194   <<< ERROR
UVM_ERROR mm_scoreboard.sv(99) @ 395000: uvm_test_top.env.scb [COMPARE] C[3][3]  MISMATCH   exp=     435   got=     218   <<< ERROR
UVM_ERROR mm_scoreboard.sv(117) @ 395000: uvm_test_top.env.scb [SCB_CLASS] Transaction FAILED   (corner_mode=x)   [fail_cnt=32]
UVM_ERROR mm_scoreboard.sv(99) @ 555000: uvm_test_top.env.scb [COMPARE] C[0][0]  MISMATCH   exp=    2040   got=  260100   <<< ERROR
UVM_ERROR mm_scoreboard.sv(99) @ 555000: uvm_test_top.env.scb [COMPARE] C[0][1]  MISMATCH   exp=    2040   got=  260100   <<< ERROR
UVM_ERROR mm_scoreboard.sv(99) @ 555000: uvm_test_top.env.scb [COMPARE] C[0][2]  MISMATCH   exp=    2040   got=  260100   <<< ERROR
UVM_ERROR mm_scoreboard.sv(99) @ 555000: uvm_test_top.env.scb [COMPARE] C[0][3]  MISMATCH   exp=    2040   got=  260100   <<< ERROR
UVM_ERROR mm_scoreboard.sv(99) @ 555000: uvm_test_top.env.scb [COMPARE] C[1][0]  MISMATCH   exp=    2040   got=  260100   <<< ERROR
UVM_ERROR mm_scoreboard.sv(99) @ 555000: uvm_test_top.env.scb [COMPARE] C[1][1]  MISMATCH   exp=    2040   got=  260100   <<< ERROR
UVM_ERROR mm_scoreboard.sv(99) @ 555000: uvm_test_top.env.scb [COMPARE] C[1][2]  MISMATCH   exp=    2040   got=  260100   <<< ERROR
UVM_ERROR mm_scoreboard.sv(99) @ 555000: uvm_test_top.env.scb [COMPARE] C[1][3]  MISMATCH   exp=    2040   got=  260100   <<< ERROR
UVM_ERROR mm_scoreboard.sv(99) @ 555000: uvm_test_top.env.scb [COMPARE] C[2][0]  MISMATCH   exp=    2040   got=  260100   <<< ERROR
UVM_ERROR mm_scoreboard.sv(99) @ 555000: uvm_test_top.env.scb [COMPARE] C[2][1]  MISMATCH   exp=    2040   got=  260100   <<< ERROR
UVM_ERROR mm_scoreboard.sv(99) @ 555000: uvm_test_top.env.scb [COMPARE] C[2][2]  MISMATCH   exp=    2040   got=  260100   <<< ERROR
UVM_ERROR mm_scoreboard.sv(99) @ 555000: uvm_test_top.env.scb [COMPARE] C[2][3]  MISMATCH   exp=    2040   got=  260100   <<< ERROR
UVM_ERROR mm_scoreboard.sv(99) @ 555000: uvm_test_top.env.scb [COMPARE] C[3][0]  MISMATCH   exp=    2040   got=  260100   <<< ERROR
UVM_ERROR mm_scoreboard.sv(99) @ 555000: uvm_test_top.env.scb [COMPARE] C[3][1]  MISMATCH   exp=    2040   got=  260100   <<< ERROR
UVM_ERROR mm_scoreboard.sv(99) @ 555000: uvm_test_top.env.scb [COMPARE] C[3][2]  MISMATCH   exp=    2040   got=  260100   <<< ERROR
UVM_ERROR mm_scoreboard.sv(99) @ 555000: uvm_test_top.env.scb [COMPARE] C[3][3]  MISMATCH   exp=    2040   got=  260100   <<< ERROR
UVM_ERROR mm_scoreboard.sv(117) @ 555000: uvm_test_top.env.scb [SCB_CLASS] Transaction FAILED   (corner_mode=x)   [fail_cnt=48]
UVM_ERROR mm_scoreboard.sv(99) @ 715000: uvm_test_top.env.scb [COMPARE] C[0][0]  MISMATCH   exp=     595   got=       0   <<< ERROR
UVM_ERROR mm_scoreboard.sv(99) @ 715000: uvm_test_top.env.scb [COMPARE] C[0][1]  MISMATCH   exp=     595   got=       0   <<< ERROR
UVM_ERROR mm_scoreboard.sv(99) @ 715000: uvm_test_top.env.scb [COMPARE] C[0][2]  MISMATCH   exp=     595   got=       0   <<< ERROR
UVM_ERROR mm_scoreboard.sv(99) @ 715000: uvm_test_top.env.scb [COMPARE] C[0][3]  MISMATCH   exp=     595   got=       0   <<< ERROR
UVM_ERROR mm_scoreboard.sv(99) @ 715000: uvm_test_top.env.scb [COMPARE] C[1][0]  MISMATCH   exp=     476   got=       0   <<< ERROR
UVM_ERROR mm_scoreboard.sv(99) @ 715000: uvm_test_top.env.scb [COMPARE] C[1][1]  MISMATCH   exp=     476   got=       0   <<< ERROR
UVM_ERROR mm_scoreboard.sv(99) @ 715000: uvm_test_top.env.scb [COMPARE] C[1][2]  MISMATCH   exp=     476   got=       0   <<< ERROR
UVM_ERROR mm_scoreboard.sv(99) @ 715000: uvm_test_top.env.scb [COMPARE] C[1][3]  MISMATCH   exp=     476   got=       0   <<< ERROR
UVM_ERROR mm_scoreboard.sv(99) @ 715000: uvm_test_top.env.scb [COMPARE] C[2][0]  MISMATCH   exp=     349   got=       0   <<< ERROR
UVM_ERROR mm_scoreboard.sv(99) @ 715000: uvm_test_top.env.scb [COMPARE] C[2][1]  MISMATCH   exp=     349   got=       0   <<< ERROR
UVM_ERROR mm_scoreboard.sv(99) @ 715000: uvm_test_top.env.scb [COMPARE] C[2][2]  MISMATCH   exp=     349   got=       0   <<< ERROR
UVM_ERROR mm_scoreboard.sv(99) @ 715000: uvm_test_top.env.scb [COMPARE] C[2][3]  MISMATCH   exp=     349   got=       0   <<< ERROR
UVM_ERROR mm_scoreboard.sv(99) @ 715000: uvm_test_top.env.scb [COMPARE] C[3][0]  MISMATCH   exp=     389   got=       0   <<< ERROR
UVM_ERROR mm_scoreboard.sv(99) @ 715000: uvm_test_top.env.scb [COMPARE] C[3][1]  MISMATCH   exp=     389   got=       0   <<< ERROR
UVM_ERROR mm_scoreboard.sv(99) @ 715000: uvm_test_top.env.scb [COMPARE] C[3][2]  MISMATCH   exp=     389   got=       0   <<< ERROR
UVM_ERROR mm_scoreboard.sv(99) @ 715000: uvm_test_top.env.scb [COMPARE] C[3][3]  MISMATCH   exp=     389   got=       0   <<< ERROR
UVM_ERROR mm_scoreboard.sv(117) @ 715000: uvm_test_top.env.scb [SCB_CLASS] Transaction FAILED   (corner_mode=x)   [fail_cnt=64]
UVM_ERROR mm_scoreboard.sv(99) @ 875000: uvm_test_top.env.scb [COMPARE] C[0][0]  MISMATCH   exp=     130   got=     256   <<< ERROR
UVM_ERROR mm_scoreboard.sv(99) @ 875000: uvm_test_top.env.scb [COMPARE] C[0][1]  MISMATCH   exp=       2   got=       0   <<< ERROR
UVM_ERROR mm_scoreboard.sv(99) @ 875000: uvm_test_top.env.scb [COMPARE] C[0][2]  MISMATCH   exp=       2   got=       0   <<< ERROR
UVM_ERROR mm_scoreboard.sv(99) @ 875000: uvm_test_top.env.scb [COMPARE] C[0][3]  MISMATCH   exp=       2   got=       0   <<< ERROR
UVM_ERROR mm_scoreboard.sv(99) @ 875000: uvm_test_top.env.scb [COMPARE] C[1][0]  MISMATCH   exp=     128   got=       0   <<< ERROR
UVM_ERROR mm_scoreboard.sv(99) @ 875000: uvm_test_top.env.scb [COMPARE] C[2][0]  MISMATCH   exp=     128   got=       0   <<< ERROR
UVM_ERROR mm_scoreboard.sv(99) @ 875000: uvm_test_top.env.scb [COMPARE] C[3][0]  MISMATCH   exp=     128   got=       0   <<< ERROR
UVM_ERROR mm_scoreboard.sv(117) @ 875000: uvm_test_top.env.scb [SCB_CLASS] Transaction FAILED   (corner_mode=x)   [fail_cnt=71]
UVM_ERROR mm_scoreboard.sv(99) @ 1035000: uvm_test_top.env.scb [COMPARE] C[0][0]  MISMATCH   exp=     725   got=   35297   <<< ERROR
UVM_ERROR mm_scoreboard.sv(99) @ 1035000: uvm_test_top.env.scb [COMPARE] C[0][1]  MISMATCH   exp=     700   got=   22110   <<< ERROR
UVM_ERROR mm_scoreboard.sv(99) @ 1035000: uvm_test_top.env.scb [COMPARE] C[0][2]  MISMATCH   exp=     796   got=   31649   <<< ERROR
UVM_ERROR mm_scoreboard.sv(99) @ 1035000: uvm_test_top.env.scb [COMPARE] C[0][3]  MISMATCH   exp=     953   got=   45722   <<< ERROR
UVM_ERROR mm_scoreboard.sv(99) @ 1035000: uvm_test_top.env.scb [COMPARE] C[1][0]  MISMATCH   exp=     849   got=   40621   <<< ERROR
UVM_ERROR mm_scoreboard.sv(99) @ 1035000: uvm_test_top.env.scb [COMPARE] C[1][1]  MISMATCH   exp=     824   got=   47878   <<< ERROR
UVM_ERROR mm_scoreboard.sv(99) @ 1035000: uvm_test_top.env.scb [COMPARE] C[1][2]  MISMATCH   exp=     920   got=   60341   <<< ERROR
UVM_ERROR mm_scoreboard.sv(99) @ 1035000: uvm_test_top.env.scb [COMPARE] C[1][3]  MISMATCH   exp=    1077   got=   72649   <<< ERROR
UVM_ERROR mm_scoreboard.sv(99) @ 1035000: uvm_test_top.env.scb [COMPARE] C[2][0]  MISMATCH   exp=    1047   got=   64851   <<< ERROR
UVM_ERROR mm_scoreboard.sv(99) @ 1035000: uvm_test_top.env.scb [COMPARE] C[2][1]  MISMATCH   exp=    1022   got=   70245   <<< ERROR
UVM_ERROR mm_scoreboard.sv(99) @ 1035000: uvm_test_top.env.scb [COMPARE] C[2][2]  MISMATCH   exp=    1118   got=   90958   <<< ERROR
UVM_ERROR mm_scoreboard.sv(99) @ 1035000: uvm_test_top.env.scb [COMPARE] C[2][3]  MISMATCH   exp=    1275   got=  108488   <<< ERROR
UVM_ERROR mm_scoreboard.sv(99) @ 1035000: uvm_test_top.env.scb [COMPARE] C[3][0]  MISMATCH   exp=     876   got=   44393   <<< ERROR
UVM_ERROR mm_scoreboard.sv(99) @ 1035000: uvm_test_top.env.scb [COMPARE] C[3][1]  MISMATCH   exp=     851   got=   41073   <<< ERROR
UVM_ERROR mm_scoreboard.sv(99) @ 1035000: uvm_test_top.env.scb [COMPARE] C[3][2]  MISMATCH   exp=     947   got=   41375   <<< ERROR
UVM_ERROR mm_scoreboard.sv(99) @ 1035000: uvm_test_top.env.scb [COMPARE] C[3][3]  MISMATCH   exp=    1104   got=   65782   <<< ERROR
UVM_ERROR mm_scoreboard.sv(117) @ 1035000: uvm_test_top.env.scb [SCB_CLASS] Transaction FAILED   (corner_mode=x)   [fail_cnt=87]
UVM_ERROR mm_scoreboard.sv(99) @ 1195000: uvm_test_top.env.scb [COMPARE] C[0][0]  MISMATCH   exp=    1112   got=   82430   <<< ERROR
UVM_ERROR mm_scoreboard.sv(99) @ 1195000: uvm_test_top.env.scb [COMPARE] C[0][1]  MISMATCH   exp=    1170   got=   71818   <<< ERROR
UVM_ERROR mm_scoreboard.sv(99) @ 1195000: uvm_test_top.env.scb [COMPARE] C[0][2]  MISMATCH   exp=     920   got=   66490   <<< ERROR
UVM_ERROR mm_scoreboard.sv(99) @ 1195000: uvm_test_top.env.scb [COMPARE] C[0][3]  MISMATCH   exp=    1183   got=   93702   <<< ERROR
UVM_ERROR mm_scoreboard.sv(99) @ 1195000: uvm_test_top.env.scb [COMPARE] C[1][0]  MISMATCH   exp=     945   got=   53645   <<< ERROR
UVM_ERROR mm_scoreboard.sv(99) @ 1195000: uvm_test_top.env.scb [COMPARE] C[1][1]  MISMATCH   exp=    1003   got=   62841   <<< ERROR
UVM_ERROR mm_scoreboard.sv(99) @ 1195000: uvm_test_top.env.scb [COMPARE] C[1][2]  MISMATCH   exp=     753   got=   41630   <<< ERROR
UVM_ERROR mm_scoreboard.sv(99) @ 1195000: uvm_test_top.env.scb [COMPARE] C[1][3]  MISMATCH   exp=    1016   got=   65779   <<< ERROR
UVM_ERROR mm_scoreboard.sv(99) @ 1195000: uvm_test_top.env.scb [COMPARE] C[2][0]  MISMATCH   exp=    1025   got=   64652   <<< ERROR
UVM_ERROR mm_scoreboard.sv(99) @ 1195000: uvm_test_top.env.scb [COMPARE] C[2][1]  MISMATCH   exp=    1083   got=   63906   <<< ERROR
UVM_ERROR mm_scoreboard.sv(99) @ 1195000: uvm_test_top.env.scb [COMPARE] C[2][2]  MISMATCH   exp=     833   got=   46467   <<< ERROR
UVM_ERROR mm_scoreboard.sv(99) @ 1195000: uvm_test_top.env.scb [COMPARE] C[2][3]  MISMATCH   exp=    1096   got=   69925   <<< ERROR
UVM_ERROR mm_scoreboard.sv(99) @ 1195000: uvm_test_top.env.scb [COMPARE] C[3][0]  MISMATCH   exp=     996   got=   59250   <<< ERROR
UVM_ERROR mm_scoreboard.sv(99) @ 1195000: uvm_test_top.env.scb [COMPARE] C[3][1]  MISMATCH   exp=    1054   got=   73038   <<< ERROR
UVM_ERROR mm_scoreboard.sv(99) @ 1195000: uvm_test_top.env.scb [COMPARE] C[3][2]  MISMATCH   exp=     804   got=   35135   <<< ERROR
UVM_ERROR mm_scoreboard.sv(99) @ 1195000: uvm_test_top.env.scb [COMPARE] C[3][3]  MISMATCH   exp=    1067   got=   67359   <<< ERROR
UVM_ERROR mm_scoreboard.sv(117) @ 1195000: uvm_test_top.env.scb [SCB_CLASS] Transaction FAILED   (corner_mode=x)   [fail_cnt=103]
UVM_ERROR mm_scoreboard.sv(99) @ 1355000: uvm_test_top.env.scb [COMPARE] C[0][0]  MISMATCH   exp=     638   got=   20162   <<< ERROR
UVM_ERROR mm_scoreboard.sv(99) @ 1355000: uvm_test_top.env.scb [COMPARE] C[0][1]  MISMATCH   exp=     677   got=   55678   <<< ERROR
UVM_ERROR mm_scoreboard.sv(99) @ 1355000: uvm_test_top.env.scb [COMPARE] C[0][2]  MISMATCH   exp=     782   got=   34474   <<< ERROR
UVM_ERROR mm_scoreboard.sv(99) @ 1355000: uvm_test_top.env.scb [COMPARE] C[0][3]  MISMATCH   exp=    1015   got=   70605   <<< ERROR
UVM_ERROR mm_scoreboard.sv(99) @ 1355000: uvm_test_top.env.scb [COMPARE] C[1][0]  MISMATCH   exp=     511   got=   17282   <<< ERROR
UVM_ERROR mm_scoreboard.sv(99) @ 1355000: uvm_test_top.env.scb [COMPARE] C[1][1]  MISMATCH   exp=     550   got=   33256   <<< ERROR
UVM_ERROR mm_scoreboard.sv(99) @ 1355000: uvm_test_top.env.scb [COMPARE] C[1][2]  MISMATCH   exp=     655   got=   23425   <<< ERROR
UVM_ERROR mm_scoreboard.sv(99) @ 1355000: uvm_test_top.env.scb [COMPARE] C[1][3]  MISMATCH   exp=     888   got=   50235   <<< ERROR
UVM_ERROR mm_scoreboard.sv(99) @ 1355000: uvm_test_top.env.scb [COMPARE] C[2][0]  MISMATCH   exp=     640   got=   24277   <<< ERROR
UVM_ERROR mm_scoreboard.sv(99) @ 1355000: uvm_test_top.env.scb [COMPARE] C[2][1]  MISMATCH   exp=     679   got=   40998   <<< ERROR
UVM_ERROR mm_scoreboard.sv(99) @ 1355000: uvm_test_top.env.scb [COMPARE] C[2][2]  MISMATCH   exp=     784   got=   40497   <<< ERROR
UVM_ERROR mm_scoreboard.sv(99) @ 1355000: uvm_test_top.env.scb [COMPARE] C[2][3]  MISMATCH   exp=    1017   got=   70866   <<< ERROR
UVM_ERROR mm_scoreboard.sv(99) @ 1355000: uvm_test_top.env.scb [COMPARE] C[3][0]  MISMATCH   exp=     514   got=   13385   <<< ERROR
UVM_ERROR mm_scoreboard.sv(99) @ 1355000: uvm_test_top.env.scb [COMPARE] C[3][1]  MISMATCH   exp=     553   got=   26572   <<< ERROR
UVM_ERROR mm_scoreboard.sv(99) @ 1355000: uvm_test_top.env.scb [COMPARE] C[3][2]  MISMATCH   exp=     658   got=   29278   <<< ERROR
UVM_ERROR mm_scoreboard.sv(99) @ 1355000: uvm_test_top.env.scb [COMPARE] C[3][3]  MISMATCH   exp=     891   got=   44016   <<< ERROR
UVM_ERROR mm_scoreboard.sv(117) @ 1355000: uvm_test_top.env.scb [SCB_CLASS] Transaction FAILED   (corner_mode=x)   [fail_cnt=119]
UVM_ERROR mm_scoreboard.sv(99) @ 1515000: uvm_test_top.env.scb [COMPARE] C[0][0]  MISMATCH   exp=    1119   got=  100700   <<< ERROR
UVM_ERROR mm_scoreboard.sv(99) @ 1515000: uvm_test_top.env.scb [COMPARE] C[0][1]  MISMATCH   exp=     749   got=   33465   <<< ERROR
UVM_ERROR mm_scoreboard.sv(99) @ 1515000: uvm_test_top.env.scb [COMPARE] C[0][2]  MISMATCH   exp=     797   got=   30334   <<< ERROR
UVM_ERROR mm_scoreboard.sv(99) @ 1515000: uvm_test_top.env.scb [COMPARE] C[0][3]  MISMATCH   exp=     765   got=   38703   <<< ERROR
UVM_ERROR mm_scoreboard.sv(99) @ 1515000: uvm_test_top.env.scb [COMPARE] C[1][0]  MISMATCH   exp=    1417   got=  128124   <<< ERROR
UVM_ERROR mm_scoreboard.sv(99) @ 1515000: uvm_test_top.env.scb [COMPARE] C[1][1]  MISMATCH   exp=    1047   got=   48961   <<< ERROR
UVM_ERROR mm_scoreboard.sv(99) @ 1515000: uvm_test_top.env.scb [COMPARE] C[1][2]  MISMATCH   exp=    1095   got=   57904   <<< ERROR
UVM_ERROR mm_scoreboard.sv(99) @ 1515000: uvm_test_top.env.scb [COMPARE] C[1][3]  MISMATCH   exp=    1063   got=   51703   <<< ERROR
UVM_ERROR mm_scoreboard.sv(99) @ 1515000: uvm_test_top.env.scb [COMPARE] C[2][0]  MISMATCH   exp=    1132   got=   76881   <<< ERROR
UVM_ERROR mm_scoreboard.sv(99) @ 1515000: uvm_test_top.env.scb [COMPARE] C[2][1]  MISMATCH   exp=     762   got=   28807   <<< ERROR
UVM_ERROR mm_scoreboard.sv(99) @ 1515000: uvm_test_top.env.scb [COMPARE] C[2][2]  MISMATCH   exp=     810   got=   32702   <<< ERROR
UVM_ERROR mm_scoreboard.sv(99) @ 1515000: uvm_test_top.env.scb [COMPARE] C[2][3]  MISMATCH   exp=     778   got=   26585   <<< ERROR
UVM_ERROR mm_scoreboard.sv(99) @ 1515000: uvm_test_top.env.scb [COMPARE] C[3][0]  MISMATCH   exp=    1217   got=   99206   <<< ERROR
UVM_ERROR mm_scoreboard.sv(99) @ 1515000: uvm_test_top.env.scb [COMPARE] C[3][1]  MISMATCH   exp=     847   got=   37083   <<< ERROR
UVM_ERROR mm_scoreboard.sv(99) @ 1515000: uvm_test_top.env.scb [COMPARE] C[3][2]  MISMATCH   exp=     895   got=   38596   <<< ERROR
UVM_ERROR mm_scoreboard.sv(99) @ 1515000: uvm_test_top.env.scb [COMPARE] C[3][3]  MISMATCH   exp=     863   got=   36705   <<< ERROR
UVM_ERROR mm_scoreboard.sv(117) @ 1515000: uvm_test_top.env.scb [SCB_CLASS] Transaction FAILED   (corner_mode=x)   [fail_cnt=135]
UVM_ERROR mm_scoreboard.sv(99) @ 1675000: uvm_test_top.env.scb [COMPARE] C[0][0]  MISMATCH   exp=    1437   got=  131887   <<< ERROR
UVM_ERROR mm_scoreboard.sv(99) @ 1675000: uvm_test_top.env.scb [COMPARE] C[0][1]  MISMATCH   exp=    1192   got=   97354   <<< ERROR
UVM_ERROR mm_scoreboard.sv(99) @ 1675000: uvm_test_top.env.scb [COMPARE] C[0][2]  MISMATCH   exp=    1348   got=  100494   <<< ERROR
UVM_ERROR mm_scoreboard.sv(99) @ 1675000: uvm_test_top.env.scb [COMPARE] C[0][3]  MISMATCH   exp=    1248   got=   98124   <<< ERROR
UVM_ERROR mm_scoreboard.sv(99) @ 1675000: uvm_test_top.env.scb [COMPARE] C[1][0]  MISMATCH   exp=    1281   got=   94036   <<< ERROR
UVM_ERROR mm_scoreboard.sv(99) @ 1675000: uvm_test_top.env.scb [COMPARE] C[1][1]  MISMATCH   exp=    1036   got=   67771   <<< ERROR
UVM_ERROR mm_scoreboard.sv(99) @ 1675000: uvm_test_top.env.scb [COMPARE] C[1][2]  MISMATCH   exp=    1192   got=   80032   <<< ERROR
UVM_ERROR mm_scoreboard.sv(99) @ 1675000: uvm_test_top.env.scb [COMPARE] C[1][3]  MISMATCH   exp=    1092   got=   65266   <<< ERROR
UVM_ERROR mm_scoreboard.sv(99) @ 1675000: uvm_test_top.env.scb [COMPARE] C[2][0]  MISMATCH   exp=    1476   got=  137344   <<< ERROR
UVM_ERROR mm_scoreboard.sv(99) @ 1675000: uvm_test_top.env.scb [COMPARE] C[2][1]  MISMATCH   exp=    1231   got=   97947   <<< ERROR
UVM_ERROR mm_scoreboard.sv(99) @ 1675000: uvm_test_top.env.scb [COMPARE] C[2][2]  MISMATCH   exp=    1387   got=  117225   <<< ERROR
UVM_ERROR mm_scoreboard.sv(99) @ 1675000: uvm_test_top.env.scb [COMPARE] C[2][3]  MISMATCH   exp=    1287   got=  115203   <<< ERROR
UVM_ERROR mm_scoreboard.sv(99) @ 1675000: uvm_test_top.env.scb [COMPARE] C[3][0]  MISMATCH   exp=    1183   got=   65199   <<< ERROR
UVM_ERROR mm_scoreboard.sv(99) @ 1675000: uvm_test_top.env.scb [COMPARE] C[3][1]  MISMATCH   exp=     938   got=   36760   <<< ERROR
UVM_ERROR mm_scoreboard.sv(99) @ 1675000: uvm_test_top.env.scb [COMPARE] C[3][2]  MISMATCH   exp=    1094   got=   79172   <<< ERROR
UVM_ERROR mm_scoreboard.sv(99) @ 1675000: uvm_test_top.env.scb [COMPARE] C[3][3]  MISMATCH   exp=     994   got=   50332   <<< ERROR
UVM_ERROR mm_scoreboard.sv(117) @ 1675000: uvm_test_top.env.scb [SCB_CLASS] Transaction FAILED   (corner_mode=x)   [fail_cnt=151]
UVM_ERROR mm_scoreboard.sv(99) @ 1835000: uvm_test_top.env.scb [COMPARE] C[0][0]  MISMATCH   exp=    1089   got=   65380   <<< ERROR
UVM_ERROR mm_scoreboard.sv(99) @ 1835000: uvm_test_top.env.scb [COMPARE] C[0][1]  MISMATCH   exp=    1108   got=   73454   <<< ERROR
UVM_ERROR mm_scoreboard.sv(99) @ 1835000: uvm_test_top.env.scb [COMPARE] C[0][2]  MISMATCH   exp=    1117   got=   69329   <<< ERROR
UVM_ERROR mm_scoreboard.sv(99) @ 1835000: uvm_test_top.env.scb [COMPARE] C[0][3]  MISMATCH   exp=    1104   got=   57309   <<< ERROR
UVM_ERROR mm_scoreboard.sv(99) @ 1835000: uvm_test_top.env.scb [COMPARE] C[1][0]  MISMATCH   exp=    1063   got=   86901   <<< ERROR
UVM_ERROR mm_scoreboard.sv(99) @ 1835000: uvm_test_top.env.scb [COMPARE] C[1][1]  MISMATCH   exp=    1082   got=   64715   <<< ERROR
UVM_ERROR mm_scoreboard.sv(99) @ 1835000: uvm_test_top.env.scb [COMPARE] C[1][2]  MISMATCH   exp=    1091   got=   95339   <<< ERROR
UVM_ERROR mm_scoreboard.sv(99) @ 1835000: uvm_test_top.env.scb [COMPARE] C[1][3]  MISMATCH   exp=    1078   got=   67259   <<< ERROR
UVM_ERROR mm_scoreboard.sv(99) @ 1835000: uvm_test_top.env.scb [COMPARE] C[2][0]  MISMATCH   exp=    1234   got=   97449   <<< ERROR
UVM_ERROR mm_scoreboard.sv(99) @ 1835000: uvm_test_top.env.scb [COMPARE] C[2][1]  MISMATCH   exp=    1253   got=  101596   <<< ERROR
UVM_ERROR mm_scoreboard.sv(99) @ 1835000: uvm_test_top.env.scb [COMPARE] C[2][2]  MISMATCH   exp=    1262   got=   99332   <<< ERROR
UVM_ERROR mm_scoreboard.sv(99) @ 1835000: uvm_test_top.env.scb [COMPARE] C[2][3]  MISMATCH   exp=    1249   got=  105701   <<< ERROR
UVM_ERROR mm_scoreboard.sv(99) @ 1835000: uvm_test_top.env.scb [COMPARE] C[3][0]  MISMATCH   exp=    1259   got=  107934   <<< ERROR
UVM_ERROR mm_scoreboard.sv(99) @ 1835000: uvm_test_top.env.scb [COMPARE] C[3][1]  MISMATCH   exp=    1278   got=   92909   <<< ERROR
UVM_ERROR mm_scoreboard.sv(99) @ 1835000: uvm_test_top.env.scb [COMPARE] C[3][2]  MISMATCH   exp=    1287   got=  119505   <<< ERROR
UVM_ERROR mm_scoreboard.sv(99) @ 1835000: uvm_test_top.env.scb [COMPARE] C[3][3]  MISMATCH   exp=    1274   got=   90872   <<< ERROR
UVM_ERROR mm_scoreboard.sv(117) @ 1835000: uvm_test_top.env.scb [SCB_CLASS] Transaction FAILED   (corner_mode=x)   [fail_cnt=167]
UVM_ERROR mm_scoreboard.sv(99) @ 1995000: uvm_test_top.env.scb [COMPARE] C[0][0]  MISMATCH   exp=    1059   got=   62644   <<< ERROR
UVM_ERROR mm_scoreboard.sv(99) @ 1995000: uvm_test_top.env.scb [COMPARE] C[0][1]  MISMATCH   exp=     813   got=   32039   <<< ERROR
UVM_ERROR mm_scoreboard.sv(99) @ 1995000: uvm_test_top.env.scb [COMPARE] C[0][2]  MISMATCH   exp=     954   got=   44898   <<< ERROR
UVM_ERROR mm_scoreboard.sv(99) @ 1995000: uvm_test_top.env.scb [COMPARE] C[0][3]  MISMATCH   exp=     791   got=   53277   <<< ERROR
UVM_ERROR mm_scoreboard.sv(99) @ 1995000: uvm_test_top.env.scb [COMPARE] C[1][0]  MISMATCH   exp=     970   got=   41704   <<< ERROR
UVM_ERROR mm_scoreboard.sv(99) @ 1995000: uvm_test_top.env.scb [COMPARE] C[1][1]  MISMATCH   exp=     724   got=   29190   <<< ERROR
UVM_ERROR mm_scoreboard.sv(99) @ 1995000: uvm_test_top.env.scb [COMPARE] C[1][2]  MISMATCH   exp=     865   got=   39914   <<< ERROR
UVM_ERROR mm_scoreboard.sv(99) @ 1995000: uvm_test_top.env.scb [COMPARE] C[1][3]  MISMATCH   exp=     702   got=   26603   <<< ERROR
UVM_ERROR mm_scoreboard.sv(99) @ 1995000: uvm_test_top.env.scb [COMPARE] C[2][0]  MISMATCH   exp=    1134   got=   80582   <<< ERROR
UVM_ERROR mm_scoreboard.sv(99) @ 1995000: uvm_test_top.env.scb [COMPARE] C[2][1]  MISMATCH   exp=     888   got=   32260   <<< ERROR
UVM_ERROR mm_scoreboard.sv(99) @ 1995000: uvm_test_top.env.scb [COMPARE] C[2][2]  MISMATCH   exp=    1029   got=   57170   <<< ERROR
UVM_ERROR mm_scoreboard.sv(99) @ 1995000: uvm_test_top.env.scb [COMPARE] C[2][3]  MISMATCH   exp=     866   got=   69917   <<< ERROR
UVM_ERROR mm_scoreboard.sv(99) @ 1995000: uvm_test_top.env.scb [COMPARE] C[3][0]  MISMATCH   exp=    1092   got=   76068   <<< ERROR
UVM_ERROR mm_scoreboard.sv(99) @ 1995000: uvm_test_top.env.scb [COMPARE] C[3][1]  MISMATCH   exp=     846   got=   54982   <<< ERROR
UVM_ERROR mm_scoreboard.sv(99) @ 1995000: uvm_test_top.env.scb [COMPARE] C[3][2]  MISMATCH   exp=     987   got=   70997   <<< ERROR
UVM_ERROR mm_scoreboard.sv(99) @ 1995000: uvm_test_top.env.scb [COMPARE] C[3][3]  MISMATCH   exp=     824   got=   28445   <<< ERROR
UVM_ERROR mm_scoreboard.sv(117) @ 1995000: uvm_test_top.env.scb [SCB_CLASS] Transaction FAILED   (corner_mode=x)   [fail_cnt=183]
UVM_ERROR mm_scoreboard.sv(99) @ 2155000: uvm_test_top.env.scb [COMPARE] C[0][0]  MISMATCH   exp=     994   got=   50565   <<< ERROR
UVM_ERROR mm_scoreboard.sv(99) @ 2155000: uvm_test_top.env.scb [COMPARE] C[0][1]  MISMATCH   exp=    1172   got=   85417   <<< ERROR
UVM_ERROR mm_scoreboard.sv(99) @ 2155000: uvm_test_top.env.scb [COMPARE] C[0][2]  MISMATCH   exp=    1240   got=  102522   <<< ERROR
UVM_ERROR mm_scoreboard.sv(99) @ 2155000: uvm_test_top.env.scb [COMPARE] C[0][3]  MISMATCH   exp=     782   got=   29680   <<< ERROR
UVM_ERROR mm_scoreboard.sv(99) @ 2155000: uvm_test_top.env.scb [COMPARE] C[1][0]  MISMATCH   exp=    1132   got=   70968   <<< ERROR
UVM_ERROR mm_scoreboard.sv(99) @ 2155000: uvm_test_top.env.scb [COMPARE] C[1][1]  MISMATCH   exp=    1310   got=  100969   <<< ERROR
UVM_ERROR mm_scoreboard.sv(99) @ 2155000: uvm_test_top.env.scb [COMPARE] C[1][2]  MISMATCH   exp=    1378   got=  123312   <<< ERROR
UVM_ERROR mm_scoreboard.sv(99) @ 2155000: uvm_test_top.env.scb [COMPARE] C[1][3]  MISMATCH   exp=     920   got=   38101   <<< ERROR
UVM_ERROR mm_scoreboard.sv(99) @ 2155000: uvm_test_top.env.scb [COMPARE] C[2][0]  MISMATCH   exp=     630   got=   21381   <<< ERROR
UVM_ERROR mm_scoreboard.sv(99) @ 2155000: uvm_test_top.env.scb [COMPARE] C[2][1]  MISMATCH   exp=     808   got=   17185   <<< ERROR
UVM_ERROR mm_scoreboard.sv(99) @ 2155000: uvm_test_top.env.scb [COMPARE] C[2][2]  MISMATCH   exp=     876   got=   29034   <<< ERROR
UVM_ERROR mm_scoreboard.sv(99) @ 2155000: uvm_test_top.env.scb [COMPARE] C[2][3]  MISMATCH   exp=     418   got=   12824   <<< ERROR
UVM_ERROR mm_scoreboard.sv(99) @ 2155000: uvm_test_top.env.scb [COMPARE] C[3][0]  MISMATCH   exp=    1083   got=   64392   <<< ERROR
UVM_ERROR mm_scoreboard.sv(99) @ 2155000: uvm_test_top.env.scb [COMPARE] C[3][1]  MISMATCH   exp=    1261   got=  114022   <<< ERROR
UVM_ERROR mm_scoreboard.sv(99) @ 2155000: uvm_test_top.env.scb [COMPARE] C[3][2]  MISMATCH   exp=    1329   got=  115874   <<< ERROR
UVM_ERROR mm_scoreboard.sv(99) @ 2155000: uvm_test_top.env.scb [COMPARE] C[3][3]  MISMATCH   exp=     871   got=   35484   <<< ERROR
UVM_ERROR mm_scoreboard.sv(117) @ 2155000: uvm_test_top.env.scb [SCB_CLASS] Transaction FAILED   (corner_mode=x)   [fail_cnt=199]
UVM_ERROR mm_scoreboard.sv(99) @ 2315000: uvm_test_top.env.scb [COMPARE] C[0][0]  MISMATCH   exp=    1144   got=   77425   <<< ERROR
UVM_ERROR mm_scoreboard.sv(99) @ 2315000: uvm_test_top.env.scb [COMPARE] C[0][1]  MISMATCH   exp=     821   got=   32844   <<< ERROR
UVM_ERROR mm_scoreboard.sv(99) @ 2315000: uvm_test_top.env.scb [COMPARE] C[0][2]  MISMATCH   exp=    1146   got=   75693   <<< ERROR
UVM_ERROR mm_scoreboard.sv(99) @ 2315000: uvm_test_top.env.scb [COMPARE] C[0][3]  MISMATCH   exp=     991   got=   59415   <<< ERROR
UVM_ERROR mm_scoreboard.sv(99) @ 2315000: uvm_test_top.env.scb [COMPARE] C[1][0]  MISMATCH   exp=    1455   got=  126319   <<< ERROR
UVM_ERROR mm_scoreboard.sv(99) @ 2315000: uvm_test_top.env.scb [COMPARE] C[1][1]  MISMATCH   exp=    1132   got=   54346   <<< ERROR
UVM_ERROR mm_scoreboard.sv(99) @ 2315000: uvm_test_top.env.scb [COMPARE] C[1][2]  MISMATCH   exp=    1457   got=  122385   <<< ERROR
UVM_ERROR mm_scoreboard.sv(99) @ 2315000: uvm_test_top.env.scb [COMPARE] C[1][3]  MISMATCH   exp=    1302   got=   90306   <<< ERROR
UVM_ERROR mm_scoreboard.sv(99) @ 2315000: uvm_test_top.env.scb [COMPARE] C[2][0]  MISMATCH   exp=     985   got=   68718   <<< ERROR
UVM_ERROR mm_scoreboard.sv(99) @ 2315000: uvm_test_top.env.scb [COMPARE] C[2][1]  MISMATCH   exp=     662   got=   33374   <<< ERROR
UVM_ERROR mm_scoreboard.sv(99) @ 2315000: uvm_test_top.env.scb [COMPARE] C[2][2]  MISMATCH   exp=     987   got=   66625   <<< ERROR
UVM_ERROR mm_scoreboard.sv(99) @ 2315000: uvm_test_top.env.scb [COMPARE] C[2][3]  MISMATCH   exp=     832   got=   44536   <<< ERROR
UVM_ERROR mm_scoreboard.sv(99) @ 2315000: uvm_test_top.env.scb [COMPARE] C[3][0]  MISMATCH   exp=    1288   got=   99530   <<< ERROR
UVM_ERROR mm_scoreboard.sv(99) @ 2315000: uvm_test_top.env.scb [COMPARE] C[3][1]  MISMATCH   exp=     965   got=   40321   <<< ERROR
UVM_ERROR mm_scoreboard.sv(99) @ 2315000: uvm_test_top.env.scb [COMPARE] C[3][2]  MISMATCH   exp=    1290   got=   94379   <<< ERROR
UVM_ERROR mm_scoreboard.sv(99) @ 2315000: uvm_test_top.env.scb [COMPARE] C[3][3]  MISMATCH   exp=    1135   got=   69332   <<< ERROR
UVM_ERROR mm_scoreboard.sv(117) @ 2315000: uvm_test_top.env.scb [SCB_CLASS] Transaction FAILED   (corner_mode=x)   [fail_cnt=215]
UVM_ERROR mm_scoreboard.sv(99) @ 2475000: uvm_test_top.env.scb [COMPARE] C[0][0]  MISMATCH   exp=     755   got=   56931   <<< ERROR
UVM_ERROR mm_scoreboard.sv(99) @ 2475000: uvm_test_top.env.scb [COMPARE] C[0][1]  MISMATCH   exp=    1298   got=   89349   <<< ERROR
UVM_ERROR mm_scoreboard.sv(99) @ 2475000: uvm_test_top.env.scb [COMPARE] C[0][2]  MISMATCH   exp=    1101   got=   53713   <<< ERROR
UVM_ERROR mm_scoreboard.sv(99) @ 2475000: uvm_test_top.env.scb [COMPARE] C[0][3]  MISMATCH   exp=     918   got=   51554   <<< ERROR
UVM_ERROR mm_scoreboard.sv(99) @ 2475000: uvm_test_top.env.scb [COMPARE] C[1][0]  MISMATCH   exp=     792   got=   42996   <<< ERROR
UVM_ERROR mm_scoreboard.sv(99) @ 2475000: uvm_test_top.env.scb [COMPARE] C[1][1]  MISMATCH   exp=    1335   got=  105262   <<< ERROR
UVM_ERROR mm_scoreboard.sv(99) @ 2475000: uvm_test_top.env.scb [COMPARE] C[1][2]  MISMATCH   exp=    1138   got=   98011   <<< ERROR
UVM_ERROR mm_scoreboard.sv(99) @ 2475000: uvm_test_top.env.scb [COMPARE] C[1][3]  MISMATCH   exp=     955   got=   68835   <<< ERROR
UVM_ERROR mm_scoreboard.sv(99) @ 2475000: uvm_test_top.env.scb [COMPARE] C[2][0]  MISMATCH   exp=     746   got=   29417   <<< ERROR
UVM_ERROR mm_scoreboard.sv(99) @ 2475000: uvm_test_top.env.scb [COMPARE] C[2][1]  MISMATCH   exp=    1289   got=   94900   <<< ERROR
UVM_ERROR mm_scoreboard.sv(99) @ 2475000: uvm_test_top.env.scb [COMPARE] C[2][2]  MISMATCH   exp=    1092   got=   73624   <<< ERROR
UVM_ERROR mm_scoreboard.sv(99) @ 2475000: uvm_test_top.env.scb [COMPARE] C[2][3]  MISMATCH   exp=     909   got=   60810   <<< ERROR
UVM_ERROR mm_scoreboard.sv(99) @ 2475000: uvm_test_top.env.scb [COMPARE] C[3][0]  MISMATCH   exp=     651   got=   46645   <<< ERROR
UVM_ERROR mm_scoreboard.sv(99) @ 2475000: uvm_test_top.env.scb [COMPARE] C[3][1]  MISMATCH   exp=    1194   got=   67206   <<< ERROR
UVM_ERROR mm_scoreboard.sv(99) @ 2475000: uvm_test_top.env.scb [COMPARE] C[3][2]  MISMATCH   exp=     997   got=   35485   <<< ERROR
UVM_ERROR mm_scoreboard.sv(99) @ 2475000: uvm_test_top.env.scb [COMPARE] C[3][3]  MISMATCH   exp=     814   got=   46409   <<< ERROR
UVM_ERROR mm_scoreboard.sv(117) @ 2475000: uvm_test_top.env.scb [SCB_CLASS] Transaction FAILED   (corner_mode=x)   [fail_cnt=231]
UVM_ERROR mm_scoreboard.sv(99) @ 2635000: uvm_test_top.env.scb [COMPARE] C[0][0]  MISMATCH   exp=     752   got=   29642   <<< ERROR
UVM_ERROR mm_scoreboard.sv(99) @ 2635000: uvm_test_top.env.scb [COMPARE] C[0][1]  MISMATCH   exp=     868   got=   37449   <<< ERROR
UVM_ERROR mm_scoreboard.sv(99) @ 2635000: uvm_test_top.env.scb [COMPARE] C[0][2]  MISMATCH   exp=     716   got=   26994   <<< ERROR
UVM_ERROR mm_scoreboard.sv(99) @ 2635000: uvm_test_top.env.scb [COMPARE] C[0][3]  MISMATCH   exp=     792   got=   36185   <<< ERROR
UVM_ERROR mm_scoreboard.sv(99) @ 2635000: uvm_test_top.env.scb [COMPARE] C[1][0]  MISMATCH   exp=    1079   got=   89789   <<< ERROR
UVM_ERROR mm_scoreboard.sv(99) @ 2635000: uvm_test_top.env.scb [COMPARE] C[1][1]  MISMATCH   exp=    1195   got=   82518   <<< ERROR
UVM_ERROR mm_scoreboard.sv(99) @ 2635000: uvm_test_top.env.scb [COMPARE] C[1][2]  MISMATCH   exp=    1043   got=   47487   <<< ERROR
UVM_ERROR mm_scoreboard.sv(99) @ 2635000: uvm_test_top.env.scb [COMPARE] C[1][3]  MISMATCH   exp=    1119   got=   57689   <<< ERROR
UVM_ERROR mm_scoreboard.sv(99) @ 2635000: uvm_test_top.env.scb [COMPARE] C[2][0]  MISMATCH   exp=     818   got=   43288   <<< ERROR
UVM_ERROR mm_scoreboard.sv(99) @ 2635000: uvm_test_top.env.scb [COMPARE] C[2][1]  MISMATCH   exp=     934   got=   44018   <<< ERROR
UVM_ERROR mm_scoreboard.sv(99) @ 2635000: uvm_test_top.env.scb [COMPARE] C[2][2]  MISMATCH   exp=     782   got=   28692   <<< ERROR
UVM_ERROR mm_scoreboard.sv(99) @ 2635000: uvm_test_top.env.scb [COMPARE] C[2][3]  MISMATCH   exp=     858   got=   43238   <<< ERROR
UVM_ERROR mm_scoreboard.sv(99) @ 2635000: uvm_test_top.env.scb [COMPARE] C[3][0]  MISMATCH   exp=    1005   got=   62219   <<< ERROR
UVM_ERROR mm_scoreboard.sv(99) @ 2635000: uvm_test_top.env.scb [COMPARE] C[3][1]  MISMATCH   exp=    1121   got=   73830   <<< ERROR
UVM_ERROR mm_scoreboard.sv(99) @ 2635000: uvm_test_top.env.scb [COMPARE] C[3][2]  MISMATCH   exp=     969   got=   57671   <<< ERROR
UVM_ERROR mm_scoreboard.sv(99) @ 2635000: uvm_test_top.env.scb [COMPARE] C[3][3]  MISMATCH   exp=    1045   got=   79348   <<< ERROR
UVM_ERROR mm_scoreboard.sv(117) @ 2635000: uvm_test_top.env.scb [SCB_CLASS] Transaction FAILED   (corner_mode=x)   [fail_cnt=247]
UVM_ERROR mm_scoreboard.sv(99) @ 2795000: uvm_test_top.env.scb [COMPARE] C[0][0]  MISMATCH   exp=    1058   got=   80542   <<< ERROR
UVM_ERROR mm_scoreboard.sv(99) @ 2795000: uvm_test_top.env.scb [COMPARE] C[0][1]  MISMATCH   exp=     891   got=   36293   <<< ERROR
UVM_ERROR mm_scoreboard.sv(99) @ 2795000: uvm_test_top.env.scb [COMPARE] C[0][2]  MISMATCH   exp=    1050   got=   62850   <<< ERROR
UVM_ERROR mm_scoreboard.sv(99) @ 2795000: uvm_test_top.env.scb [COMPARE] C[0][3]  MISMATCH   exp=    1045   got=   75283   <<< ERROR
UVM_ERROR mm_scoreboard.sv(99) @ 2795000: uvm_test_top.env.scb [COMPARE] C[1][0]  MISMATCH   exp=    1063   got=   66376   <<< ERROR
UVM_ERROR mm_scoreboard.sv(99) @ 2795000: uvm_test_top.env.scb [COMPARE] C[1][1]  MISMATCH   exp=     896   got=   72467   <<< ERROR
UVM_ERROR mm_scoreboard.sv(99) @ 2795000: uvm_test_top.env.scb [COMPARE] C[1][2]  MISMATCH   exp=    1055   got=   67493   <<< ERROR
UVM_ERROR mm_scoreboard.sv(99) @ 2795000: uvm_test_top.env.scb [COMPARE] C[1][3]  MISMATCH   exp=    1050   got=   53302   <<< ERROR
UVM_ERROR mm_scoreboard.sv(99) @ 2795000: uvm_test_top.env.scb [COMPARE] C[2][0]  MISMATCH   exp=    1195   got=   78722   <<< ERROR
UVM_ERROR mm_scoreboard.sv(99) @ 2795000: uvm_test_top.env.scb [COMPARE] C[2][1]  MISMATCH   exp=    1028   got=   78300   <<< ERROR
UVM_ERROR mm_scoreboard.sv(99) @ 2795000: uvm_test_top.env.scb [COMPARE] C[2][2]  MISMATCH   exp=    1187   got=   72407   <<< ERROR
UVM_ERROR mm_scoreboard.sv(99) @ 2795000: uvm_test_top.env.scb [COMPARE] C[2][3]  MISMATCH   exp=    1182   got=   96933   <<< ERROR
UVM_ERROR mm_scoreboard.sv(99) @ 2795000: uvm_test_top.env.scb [COMPARE] C[3][0]  MISMATCH   exp=    1046   got=   67758   <<< ERROR
UVM_ERROR mm_scoreboard.sv(99) @ 2795000: uvm_test_top.env.scb [COMPARE] C[3][1]  MISMATCH   exp=     879   got=   69304   <<< ERROR
UVM_ERROR mm_scoreboard.sv(99) @ 2795000: uvm_test_top.env.scb [COMPARE] C[3][2]  MISMATCH   exp=    1038   got=   57588   <<< ERROR
UVM_ERROR mm_scoreboard.sv(99) @ 2795000: uvm_test_top.env.scb [COMPARE] C[3][3]  MISMATCH   exp=    1033   got=   59840   <<< ERROR
UVM_ERROR mm_scoreboard.sv(117) @ 2795000: uvm_test_top.env.scb [SCB_CLASS] Transaction FAILED   (corner_mode=x)   [fail_cnt=263]
UVM_ERROR mm_scoreboard.sv(99) @ 2955000: uvm_test_top.env.scb [COMPARE] C[0][0]  MISMATCH   exp=     971   got=   46479   <<< ERROR
UVM_ERROR mm_scoreboard.sv(99) @ 2955000: uvm_test_top.env.scb [COMPARE] C[0][1]  MISMATCH   exp=    1063   got=   63367   <<< ERROR
UVM_ERROR mm_scoreboard.sv(99) @ 2955000: uvm_test_top.env.scb [COMPARE] C[0][2]  MISMATCH   exp=    1183   got=   91943   <<< ERROR
UVM_ERROR mm_scoreboard.sv(99) @ 2955000: uvm_test_top.env.scb [COMPARE] C[0][3]  MISMATCH   exp=    1420   got=  125308   <<< ERROR
UVM_ERROR mm_scoreboard.sv(99) @ 2955000: uvm_test_top.env.scb [COMPARE] C[1][0]  MISMATCH   exp=     592   got=   19740   <<< ERROR
UVM_ERROR mm_scoreboard.sv(99) @ 2955000: uvm_test_top.env.scb [COMPARE] C[1][1]  MISMATCH   exp=     684   got=   26365   <<< ERROR
UVM_ERROR mm_scoreboard.sv(99) @ 2955000: uvm_test_top.env.scb [COMPARE] C[1][2]  MISMATCH   exp=     804   got=   36965   <<< ERROR
UVM_ERROR mm_scoreboard.sv(99) @ 2955000: uvm_test_top.env.scb [COMPARE] C[1][3]  MISMATCH   exp=    1041   got=   50855   <<< ERROR
UVM_ERROR mm_scoreboard.sv(99) @ 2955000: uvm_test_top.env.scb [COMPARE] C[2][0]  MISMATCH   exp=    1000   got=   52108   <<< ERROR
UVM_ERROR mm_scoreboard.sv(99) @ 2955000: uvm_test_top.env.scb [COMPARE] C[2][1]  MISMATCH   exp=    1092   got=   63239   <<< ERROR
UVM_ERROR mm_scoreboard.sv(99) @ 2955000: uvm_test_top.env.scb [COMPARE] C[2][2]  MISMATCH   exp=    1212   got=   86975   <<< ERROR
UVM_ERROR mm_scoreboard.sv(99) @ 2955000: uvm_test_top.env.scb [COMPARE] C[2][3]  MISMATCH   exp=    1449   got=  125584   <<< ERROR
UVM_ERROR mm_scoreboard.sv(99) @ 2955000: uvm_test_top.env.scb [COMPARE] C[3][0]  MISMATCH   exp=    1030   got=   56304   <<< ERROR
UVM_ERROR mm_scoreboard.sv(99) @ 2955000: uvm_test_top.env.scb [COMPARE] C[3][1]  MISMATCH   exp=    1122   got=   72539   <<< ERROR
UVM_ERROR mm_scoreboard.sv(99) @ 2955000: uvm_test_top.env.scb [COMPARE] C[3][2]  MISMATCH   exp=    1242   got=   95830   <<< ERROR
UVM_ERROR mm_scoreboard.sv(99) @ 2955000: uvm_test_top.env.scb [COMPARE] C[3][3]  MISMATCH   exp=    1479   got=  136020   <<< ERROR
UVM_ERROR mm_scoreboard.sv(117) @ 2955000: uvm_test_top.env.scb [SCB_CLASS] Transaction FAILED   (corner_mode=x)   [fail_cnt=279]
UVM_ERROR mm_scoreboard.sv(99) @ 3115000: uvm_test_top.env.scb [COMPARE] C[0][0]  MISMATCH   exp=     724   got=   37729   <<< ERROR
UVM_ERROR mm_scoreboard.sv(99) @ 3115000: uvm_test_top.env.scb [COMPARE] C[0][1]  MISMATCH   exp=     610   got=   15710   <<< ERROR
UVM_ERROR mm_scoreboard.sv(99) @ 3115000: uvm_test_top.env.scb [COMPARE] C[0][2]  MISMATCH   exp=     747   got=   47195   <<< ERROR
UVM_ERROR mm_scoreboard.sv(99) @ 3115000: uvm_test_top.env.scb [COMPARE] C[0][3]  MISMATCH   exp=     748   got=   28452   <<< ERROR
UVM_ERROR mm_scoreboard.sv(99) @ 3115000: uvm_test_top.env.scb [COMPARE] C[1][0]  MISMATCH   exp=     749   got=   26040   <<< ERROR
UVM_ERROR mm_scoreboard.sv(99) @ 3115000: uvm_test_top.env.scb [COMPARE] C[1][1]  MISMATCH   exp=     635   got=   19738   <<< ERROR
UVM_ERROR mm_scoreboard.sv(99) @ 3115000: uvm_test_top.env.scb [COMPARE] C[1][2]  MISMATCH   exp=     772   got=    7455   <<< ERROR
UVM_ERROR mm_scoreboard.sv(99) @ 3115000: uvm_test_top.env.scb [COMPARE] C[1][3]  MISMATCH   exp=     773   got=   56497   <<< ERROR
UVM_ERROR mm_scoreboard.sv(99) @ 3115000: uvm_test_top.env.scb [COMPARE] C[2][0]  MISMATCH   exp=    1061   got=   55734   <<< ERROR
UVM_ERROR mm_scoreboard.sv(99) @ 3115000: uvm_test_top.env.scb [COMPARE] C[2][1]  MISMATCH   exp=     947   got=   65092   <<< ERROR
UVM_ERROR mm_scoreboard.sv(99) @ 3115000: uvm_test_top.env.scb [COMPARE] C[2][2]  MISMATCH   exp=    1084   got=   45791   <<< ERROR
UVM_ERROR mm_scoreboard.sv(99) @ 3115000: uvm_test_top.env.scb [COMPARE] C[2][3]  MISMATCH   exp=    1085   got=   84319   <<< ERROR
UVM_ERROR mm_scoreboard.sv(99) @ 3115000: uvm_test_top.env.scb [COMPARE] C[3][0]  MISMATCH   exp=    1201   got=   76501   <<< ERROR
UVM_ERROR mm_scoreboard.sv(99) @ 3115000: uvm_test_top.env.scb [COMPARE] C[3][1]  MISMATCH   exp=    1087   got=   65443   <<< ERROR
UVM_ERROR mm_scoreboard.sv(99) @ 3115000: uvm_test_top.env.scb [COMPARE] C[3][2]  MISMATCH   exp=    1224   got=   71795   <<< ERROR
UVM_ERROR mm_scoreboard.sv(99) @ 3115000: uvm_test_top.env.scb [COMPARE] C[3][3]  MISMATCH   exp=    1225   got=   90696   <<< ERROR
UVM_ERROR mm_scoreboard.sv(117) @ 3115000: uvm_test_top.env.scb [SCB_CLASS] Transaction FAILED   (corner_mode=x)   [fail_cnt=295]
UVM_ERROR mm_scoreboard.sv(99) @ 3275000: uvm_test_top.env.scb [COMPARE] C[0][0]  MISMATCH   exp=    1107   got=   84244   <<< ERROR
UVM_ERROR mm_scoreboard.sv(99) @ 3275000: uvm_test_top.env.scb [COMPARE] C[0][1]  MISMATCH   exp=     977   got=   40614   <<< ERROR
UVM_ERROR mm_scoreboard.sv(99) @ 3275000: uvm_test_top.env.scb [COMPARE] C[0][2]  MISMATCH   exp=    1151   got=   85806   <<< ERROR
UVM_ERROR mm_scoreboard.sv(99) @ 3275000: uvm_test_top.env.scb [COMPARE] C[0][3]  MISMATCH   exp=    1032   got=   80180   <<< ERROR
UVM_ERROR mm_scoreboard.sv(99) @ 3275000: uvm_test_top.env.scb [COMPARE] C[1][0]  MISMATCH   exp=    1093   got=   80316   <<< ERROR
UVM_ERROR mm_scoreboard.sv(99) @ 3275000: uvm_test_top.env.scb [COMPARE] C[1][1]  MISMATCH   exp=     963   got=   41892   <<< ERROR
UVM_ERROR mm_scoreboard.sv(99) @ 3275000: uvm_test_top.env.scb [COMPARE] C[1][2]  MISMATCH   exp=    1137   got=   80197   <<< ERROR
UVM_ERROR mm_scoreboard.sv(99) @ 3275000: uvm_test_top.env.scb [COMPARE] C[1][3]  MISMATCH   exp=    1018   got=   72669   <<< ERROR
UVM_ERROR mm_scoreboard.sv(99) @ 3275000: uvm_test_top.env.scb [COMPARE] C[2][0]  MISMATCH   exp=    1202   got=   90068   <<< ERROR
UVM_ERROR mm_scoreboard.sv(99) @ 3275000: uvm_test_top.env.scb [COMPARE] C[2][1]  MISMATCH   exp=    1072   got=   86782   <<< ERROR
UVM_ERROR mm_scoreboard.sv(99) @ 3275000: uvm_test_top.env.scb [COMPARE] C[2][2]  MISMATCH   exp=    1246   got=   93931   <<< ERROR
UVM_ERROR mm_scoreboard.sv(99) @ 3275000: uvm_test_top.env.scb [COMPARE] C[2][3]  MISMATCH   exp=    1127   got=   74679   <<< ERROR
UVM_ERROR mm_scoreboard.sv(99) @ 3275000: uvm_test_top.env.scb [COMPARE] C[3][0]  MISMATCH   exp=     955   got=   53446   <<< ERROR
UVM_ERROR mm_scoreboard.sv(99) @ 3275000: uvm_test_top.env.scb [COMPARE] C[3][1]  MISMATCH   exp=     825   got=   44088   <<< ERROR
UVM_ERROR mm_scoreboard.sv(99) @ 3275000: uvm_test_top.env.scb [COMPARE] C[3][2]  MISMATCH   exp=     999   got=   57044   <<< ERROR
UVM_ERROR mm_scoreboard.sv(99) @ 3275000: uvm_test_top.env.scb [COMPARE] C[3][3]  MISMATCH   exp=     880   got=   43221   <<< ERROR
UVM_ERROR mm_scoreboard.sv(117) @ 3275000: uvm_test_top.env.scb [SCB_CLASS] Transaction FAILED   (corner_mode=x)   [fail_cnt=311]
UVM_ERROR mm_scoreboard.sv(99) @ 3435000: uvm_test_top.env.scb [COMPARE] C[0][0]  MISMATCH   exp=     727   got=   45118   <<< ERROR
UVM_ERROR mm_scoreboard.sv(99) @ 3435000: uvm_test_top.env.scb [COMPARE] C[0][1]  MISMATCH   exp=     630   got=   20801   <<< ERROR
UVM_ERROR mm_scoreboard.sv(99) @ 3435000: uvm_test_top.env.scb [COMPARE] C[0][2]  MISMATCH   exp=    1005   got=   62538   <<< ERROR
UVM_ERROR mm_scoreboard.sv(99) @ 3435000: uvm_test_top.env.scb [COMPARE] C[0][3]  MISMATCH   exp=     780   got=   33899   <<< ERROR
UVM_ERROR mm_scoreboard.sv(99) @ 3435000: uvm_test_top.env.scb [COMPARE] C[1][0]  MISMATCH   exp=     693   got=   19961   <<< ERROR
UVM_ERROR mm_scoreboard.sv(99) @ 3435000: uvm_test_top.env.scb [COMPARE] C[1][1]  MISMATCH   exp=     596   got=   26018   <<< ERROR
UVM_ERROR mm_scoreboard.sv(99) @ 3435000: uvm_test_top.env.scb [COMPARE] C[1][2]  MISMATCH   exp=     971   got=   42250   <<< ERROR
UVM_ERROR mm_scoreboard.sv(99) @ 3435000: uvm_test_top.env.scb [COMPARE] C[1][3]  MISMATCH   exp=     746   got=   34622   <<< ERROR
UVM_ERROR mm_scoreboard.sv(99) @ 3435000: uvm_test_top.env.scb [COMPARE] C[2][0]  MISMATCH   exp=     814   got=   57041   <<< ERROR
UVM_ERROR mm_scoreboard.sv(99) @ 3435000: uvm_test_top.env.scb [COMPARE] C[2][1]  MISMATCH   exp=     717   got=   28914   <<< ERROR
UVM_ERROR mm_scoreboard.sv(99) @ 3435000: uvm_test_top.env.scb [COMPARE] C[2][2]  MISMATCH   exp=    1092   got=   76388   <<< ERROR
UVM_ERROR mm_scoreboard.sv(99) @ 3435000: uvm_test_top.env.scb [COMPARE] C[2][3]  MISMATCH   exp=     867   got=   36950   <<< ERROR
UVM_ERROR mm_scoreboard.sv(99) @ 3435000: uvm_test_top.env.scb [COMPARE] C[3][0]  MISMATCH   exp=     892   got=   58662   <<< ERROR
UVM_ERROR mm_scoreboard.sv(99) @ 3435000: uvm_test_top.env.scb [COMPARE] C[3][1]  MISMATCH   exp=     795   got=   30662   <<< ERROR
UVM_ERROR mm_scoreboard.sv(99) @ 3435000: uvm_test_top.env.scb [COMPARE] C[3][2]  MISMATCH   exp=    1170   got=   99464   <<< ERROR
UVM_ERROR mm_scoreboard.sv(99) @ 3435000: uvm_test_top.env.scb [COMPARE] C[3][3]  MISMATCH   exp=     945   got=   59038   <<< ERROR
UVM_ERROR mm_scoreboard.sv(117) @ 3435000: uvm_test_top.env.scb [SCB_CLASS] Transaction FAILED   (corner_mode=x)   [fail_cnt=327]
UVM_WARNING mm_coverage.sv(267) @ 3436000: uvm_test_top.env.cov [COV_CLASS]   FUNCTIONAL COVERAGE INCOMPLETE — check bins above
UVM_ERROR mm_scoreboard.sv(150) @ 3436000: uvm_test_top.env.scb [SCB_CLASS]   OVERALL: *** 327 ELEMENT FAILURE(S) DETECTED ***
