Info: [VCS_SAVE_RESTORE_INFO] ASLR (Address Space Layout Randomization) is detected on the machine. To enable $save functionality, ASLR will be switched off and simv re-executed.
Please use '-no_save' simv switch to avoid re-execution or '-suppress=ASLR_DETECTED_INFO' to suppress this message.
Chronologic VCS simulator copyright 1991-2023
Contains Synopsys proprietary information.
Compiler version V-2023.12-SP2_Full64; Runtime version V-2023.12-SP2_Full64;  Jun  1 14:10 2026
----------------------------------------------------------------
UVM-1.1d.Synopsys
(C) 2007-2013 Mentor Graphics Corporation
(C) 2007-2013 Cadence Design Systems, Inc.
(C) 2006-2013 Synopsys, Inc.
(C) 2011-2013 Cypress Semiconductor Corp.
----------------------------------------------------------------

  ***********       IMPORTANT RELEASE NOTES         ************

  You are using a version of the UVM library that has been compiled
  with `UVM_NO_DEPRECATED undefined.
  See http://www.eda.org/svdb/view.php?id=3313 for more details.

  You are using a version of the UVM library that has been compiled
  with `UVM_OBJECT_MUST_HAVE_CONSTRUCTOR undefined.
  See http://www.eda.org/svdb/view.php?id=3770 for more details.

      (Specify +UVM_NO_RELNOTES to turn off this notice)


 VCS Coverage Metrics Release V-2023.12-SP2_Full64 Copyright (c) 1991-2023 by Synopsys Inc.
*Verdi* Loading libsscore_vcs202312.so
FSDB Dumper for VCS, Release Verdi_X-2025.06-SP2-1, Linux x86_64/64bit, 01/19/2026
(C) 1996 - 2026 by Synopsys, Inc.
*Verdi* : Create FSDB file 'novas_uvm.fsdb'
*Verdi* : Begin traversing the scope (tb_top), layer (0).
*Verdi* : End of traversing.
[TB_TOP] FSDB waveform dump enabled: novas_uvm.fsdb
UVM_INFO @ 0: reporter [RNTST] Running test mm_test...
UVM_INFO mm_test.sv(44) @ 0: uvm_test_top [TEST_CLASS] End of Elaboration Phase — UVM Testbench Topology:
UVM_INFO @ 0: reporter [UVMTOP] UVM testbench topology:
--------------------------------------------------------------
Name                       Type                    Size  Value
--------------------------------------------------------------
uvm_test_top               mm_test                 -     @461 
  env                      mm_env                  -     @469 
    agnt                   mm_agent                -     @477 
      drv                  mm_driver               -     @641 
        rsp_port           uvm_analysis_port       -     @658 
        seq_item_port      uvm_seq_item_pull_port  -     @649 
      mon                  mm_monitor              -     @667 
        monitor_port       uvm_analysis_port       -     @676 
      seqr                 mm_sequencer            -     @518 
        rsp_export         uvm_analysis_export     -     @526 
        seq_item_export    uvm_seq_item_pull_imp   -     @632 
        arbitration_queue  array                   0     -    
        lock_queue         array                   0     -    
        num_last_reqs      integral                32    'd1  
        num_last_rsps      integral                32    'd1  
    cov                    mm_coverage             -     @493 
      analysis_imp         uvm_analysis_imp        -     @501 
    scb                    mm_scoreboard           -     @485 
      scoreboard_port      uvm_analysis_imp        -     @692 
--------------------------------------------------------------

UVM_INFO mm_test.sv(75) @ 0: uvm_test_top [TEST_CLASS] UVM Logging enabled — all messages mirrored to uvm_run.log
UVM_INFO mm_test.sv(80) @ 0: uvm_test_top [PROJECT_INFO] 

================================================================================
||                                                                            ||
||          #####  ####   #####    #####  #####  #####                      ||
||          #      #      #        #      #   #      #                      ||
||          ####   #      ####     #####  #####  #####                      ||
||          #      #      #            #      #      #                      ||
||          #####  ####   #####    #####      #  #####                      ||
||                                                                            ||
||   PARAMETERIZED SYSTOLIC ARRAY MATRIX MULTIPLICATION ACCELERATOR         ||
||                                                                            ||
||   Course    : ECE 593 - Fundamentals of Pre-Silicon Validation           ||
||   Professor : Venkatesh Patil                                             ||
||   Matrix    : 4 x 4  (Parameterized - run: make N=<value> all)        ||
||                                                                            ||
||   Group Members :                                                         ||
||     [1] Nikhil Swarna                                                     ||
||     [2] Hanisha Dhananjaya Produtur                                       ||
||     [3] Venkat Sai Sumanth Koyada                                         ||
||                                                                            ||
================================================================================


UVM_INFO mm_driver.sv(63) @ 0: uvm_test_top.env.agnt.drv [DRIVER_CLASS] Asserting reset (5 cycles)...
UVM_INFO mm_test.sv(112) @ 0: uvm_test_top [TEST_CLASS] 
================================================
UVM_INFO mm_test.sv(115) @ 0: uvm_test_top [TEST_CLASS]   MM ACCELERATOR UVM TEST STARTING
UVM_INFO mm_test.sv(118) @ 0: uvm_test_top [TEST_CLASS]   Plan: 5 corner + 16 random = 21 total transactions
UVM_INFO mm_test.sv(122) @ 0: uvm_test_top [TEST_CLASS] ================================================

UVM_INFO mm_test.sv(128) @ 0: uvm_test_top [TEST_CLASS] --- Phase A: Corner Sequences (1/5) zero-A ---
UVM_INFO mm_driver.sv(78) @ 75000: uvm_test_top.env.agnt.drv [DRIVER_CLASS] Reset released — DUT initialised
UVM_INFO mm_sequence.sv(91) @ 75000: uvm_test_top.env.agnt.seqr@@zero_seq [ZERO_SEQ] Sending zero-A corner:
  [SEQ_ITEM] corner_mode=1
    A[0]=[   0   0   0   0 ]  B[0]=[  29 118 114 243 ]
    A[1]=[   0   0   0   0 ]  B[1]=[  19 102  68 157 ]
    A[2]=[   0   0   0   0 ]  B[2]=[  43 245  39  40 ]
    A[3]=[   0   0   0   0 ]  B[3]=[ 146  53  74  96 ]
  Expected C:
    C[0]=[       0       0       0       0 ]
    C[1]=[       0       0       0       0 ]
    C[2]=[       0       0       0       0 ]
    C[3]=[       0       0       0       0 ]
UVM_INFO mm_driver.sv(44) @ 75000: uvm_test_top.env.agnt.drv [DRIVER_CLASS] Received seq_item — corner_mode=1  Driving DUT...
UVM_INFO mm_monitor.sv(64) @ 95000: uvm_test_top.env.agnt.mon [MONITOR_CLASS] start=1 detected — new transaction beginning
UVM_INFO mm_driver.sv(123) @ 146000: uvm_test_top.env.agnt.drv [DRIVER_CLASS] valid_in_upstream=0 — data phase done, waiting for result_valid
UVM_INFO mm_driver.sv(129) @ 225000: uvm_test_top.env.agnt.drv [DRIVER_CLASS] result_valid=1 — DUT in DONE state, transaction complete
UVM_INFO mm_monitor.sv(101) @ 235000: uvm_test_top.env.agnt.mon [MONITOR_CLASS] result_valid=1 — capturing DUT result bus
UVM_INFO mm_monitor.sv(110) @ 235000: uvm_test_top.env.agnt.mon [MONITOR_CLASS] Transaction observed and packaged:
  [SEQ_ITEM] corner_mode=x
    A[0]=[   0   0   0   0 ]  B[0]=[  29 118 114 243 ]
    A[1]=[   0   0   0   0 ]  B[1]=[  19 102  68 157 ]
    A[2]=[   0   0   0   0 ]  B[2]=[  43 245  39  40 ]
    A[3]=[   0   0   0   0 ]  B[3]=[ 146  53  74  96 ]
  Expected C:
    C[0]=[       0       0       0       0 ]
    C[1]=[       0       0       0       0 ]
    C[2]=[       0       0       0       0 ]
    C[3]=[       0       0       0       0 ]
UVM_INFO mm_coverage.sv(204) @ 235000: uvm_test_top.env.cov [COV_CLASS] Running cov: mode=25.0%  A=16.7%  B=66.7%  result=25.0%
UVM_INFO mm_scoreboard.sv(66) @ 235000: uvm_test_top.env.scb [SCB_CLASS] Checking transaction (corner_mode=x) — queue depth after pop: 0
UVM_INFO mm_scoreboard.sv(81) @ 235000: uvm_test_top.env.scb [SCB_CLASS] --- Comparing transaction (corner_mode=x) ---
UVM_INFO mm_scoreboard.sv(111) @ 235000: uvm_test_top.env.scb [SCB_CLASS] Transaction PASSED   (corner_mode=x)   [pass_cnt=16]
UVM_INFO mm_test.sv(136) @ 236000: uvm_test_top [TEST_CLASS] --- Phase A: Corner Sequences (2/5) identity-A ---
UVM_INFO mm_sequence.sv(123) @ 236000: uvm_test_top.env.agnt.seqr@@id_seq [IDENTITY_SEQ] Sending identity-A corner:
  [SEQ_ITEM] corner_mode=2
    A[0]=[   1   0   0   0 ]  B[0]=[ 201 120 237   1 ]
    A[1]=[   0   1   0   0 ]  B[1]=[ 111  26  94  34 ]
    A[2]=[   0   0   1   0 ]  B[2]=[   7 157  98 181 ]
    A[3]=[   0   0   0   1 ]  B[3]=[  61 221 194 218 ]
  Expected C:
    C[0]=[     201     120     237       1 ]
    C[1]=[     111      26      94      34 ]
    C[2]=[       7     157      98     181 ]
    C[3]=[      61     221     194     218 ]
UVM_INFO mm_driver.sv(44) @ 236000: uvm_test_top.env.agnt.drv [DRIVER_CLASS] Received seq_item — corner_mode=2  Driving DUT...
UVM_INFO mm_monitor.sv(64) @ 255000: uvm_test_top.env.agnt.mon [MONITOR_CLASS] start=1 detected — new transaction beginning
UVM_INFO mm_driver.sv(123) @ 306000: uvm_test_top.env.agnt.drv [DRIVER_CLASS] valid_in_upstream=0 — data phase done, waiting for result_valid
UVM_INFO mm_driver.sv(129) @ 385000: uvm_test_top.env.agnt.drv [DRIVER_CLASS] result_valid=1 — DUT in DONE state, transaction complete
UVM_INFO mm_monitor.sv(101) @ 395000: uvm_test_top.env.agnt.mon [MONITOR_CLASS] result_valid=1 — capturing DUT result bus
UVM_INFO mm_monitor.sv(110) @ 395000: uvm_test_top.env.agnt.mon [MONITOR_CLASS] Transaction observed and packaged:
  [SEQ_ITEM] corner_mode=x
    A[0]=[   1   0   0   0 ]  B[0]=[ 201 120 237   1 ]
    A[1]=[   0   1   0   0 ]  B[1]=[ 111  26  94  34 ]
    A[2]=[   0   0   1   0 ]  B[2]=[   7 157  98 181 ]
    A[3]=[   0   0   0   1 ]  B[3]=[  61 221 194 218 ]
  Expected C:
    C[0]=[     201     120     237       1 ]
    C[1]=[     111      26      94      34 ]
    C[2]=[       7     157      98     181 ]
    C[3]=[      61     221     194     218 ]
UVM_INFO mm_coverage.sv(204) @ 395000: uvm_test_top.env.cov [COV_CLASS] Running cov: mode=50.0%  A=33.3%  B=66.7%  result=50.0%
UVM_INFO mm_scoreboard.sv(66) @ 395000: uvm_test_top.env.scb [SCB_CLASS] Checking transaction (corner_mode=x) — queue depth after pop: 0
UVM_INFO mm_scoreboard.sv(81) @ 395000: uvm_test_top.env.scb [SCB_CLASS] --- Comparing transaction (corner_mode=x) ---
UVM_ERROR mm_scoreboard.sv(99) @ 395000: uvm_test_top.env.scb [COMPARE] C[0][1]  MISMATCH   exp=     120   got=     111   <<< ERROR
UVM_ERROR mm_scoreboard.sv(99) @ 395000: uvm_test_top.env.scb [COMPARE] C[0][2]  MISMATCH   exp=     237   got=       7   <<< ERROR
UVM_ERROR mm_scoreboard.sv(99) @ 395000: uvm_test_top.env.scb [COMPARE] C[0][3]  MISMATCH   exp=       1   got=      61   <<< ERROR
UVM_ERROR mm_scoreboard.sv(99) @ 395000: uvm_test_top.env.scb [COMPARE] C[1][0]  MISMATCH   exp=     111   got=     120   <<< ERROR
UVM_ERROR mm_scoreboard.sv(99) @ 395000: uvm_test_top.env.scb [COMPARE] C[1][2]  MISMATCH   exp=      94   got=     157   <<< ERROR
UVM_ERROR mm_scoreboard.sv(99) @ 395000: uvm_test_top.env.scb [COMPARE] C[1][3]  MISMATCH   exp=      34   got=     221   <<< ERROR
UVM_ERROR mm_scoreboard.sv(99) @ 395000: uvm_test_top.env.scb [COMPARE] C[2][0]  MISMATCH   exp=       7   got=     237   <<< ERROR
UVM_ERROR mm_scoreboard.sv(99) @ 395000: uvm_test_top.env.scb [COMPARE] C[2][1]  MISMATCH   exp=     157   got=      94   <<< ERROR
UVM_ERROR mm_scoreboard.sv(99) @ 395000: uvm_test_top.env.scb [COMPARE] C[2][3]  MISMATCH   exp=     181   got=     194   <<< ERROR
UVM_ERROR mm_scoreboard.sv(99) @ 395000: uvm_test_top.env.scb [COMPARE] C[3][0]  MISMATCH   exp=      61   got=       1   <<< ERROR
UVM_ERROR mm_scoreboard.sv(99) @ 395000: uvm_test_top.env.scb [COMPARE] C[3][1]  MISMATCH   exp=     221   got=      34   <<< ERROR
UVM_ERROR mm_scoreboard.sv(99) @ 395000: uvm_test_top.env.scb [COMPARE] C[3][2]  MISMATCH   exp=     194   got=     181   <<< ERROR
UVM_ERROR mm_scoreboard.sv(117) @ 395000: uvm_test_top.env.scb [SCB_CLASS] Transaction FAILED   (corner_mode=x)   [fail_cnt=12]
UVM_INFO mm_test.sv(144) @ 396000: uvm_test_top [TEST_CLASS] --- Phase A: Corner Sequences (3/5) all-max ---
UVM_INFO mm_sequence.sv(154) @ 396000: uvm_test_top.env.agnt.seqr@@max_seq [MAX_SEQ] Sending all-max corner:
  [SEQ_ITEM] corner_mode=3
    A[0]=[ 255 255 255 255 ]  B[0]=[ 255 255 255 255 ]
    A[1]=[ 255 255 255 255 ]  B[1]=[ 255 255 255 255 ]
    A[2]=[ 255 255 255 255 ]  B[2]=[ 255 255 255 255 ]
    A[3]=[ 255 255 255 255 ]  B[3]=[ 255 255 255 255 ]
  Expected C:
    C[0]=[  260100  260100  260100  260100 ]
    C[1]=[  260100  260100  260100  260100 ]
    C[2]=[  260100  260100  260100  260100 ]
    C[3]=[  260100  260100  260100  260100 ]
UVM_INFO mm_driver.sv(44) @ 396000: uvm_test_top.env.agnt.drv [DRIVER_CLASS] Received seq_item — corner_mode=3  Driving DUT...
UVM_INFO mm_monitor.sv(64) @ 415000: uvm_test_top.env.agnt.mon [MONITOR_CLASS] start=1 detected — new transaction beginning
UVM_INFO mm_driver.sv(123) @ 466000: uvm_test_top.env.agnt.drv [DRIVER_CLASS] valid_in_upstream=0 — data phase done, waiting for result_valid
UVM_INFO mm_driver.sv(129) @ 545000: uvm_test_top.env.agnt.drv [DRIVER_CLASS] result_valid=1 — DUT in DONE state, transaction complete
UVM_INFO mm_monitor.sv(101) @ 555000: uvm_test_top.env.agnt.mon [MONITOR_CLASS] result_valid=1 — capturing DUT result bus
UVM_INFO mm_monitor.sv(110) @ 555000: uvm_test_top.env.agnt.mon [MONITOR_CLASS] Transaction observed and packaged:
  [SEQ_ITEM] corner_mode=x
    A[0]=[ 255 255 255 255 ]  B[0]=[ 255 255 255 255 ]
    A[1]=[ 255 255 255 255 ]  B[1]=[ 255 255 255 255 ]
    A[2]=[ 255 255 255 255 ]  B[2]=[ 255 255 255 255 ]
    A[3]=[ 255 255 255 255 ]  B[3]=[ 255 255 255 255 ]
  Expected C:
    C[0]=[  260100  260100  260100  260100 ]
    C[1]=[  260100  260100  260100  260100 ]
    C[2]=[  260100  260100  260100  260100 ]
    C[3]=[  260100  260100  260100  260100 ]
UVM_INFO mm_coverage.sv(204) @ 555000: uvm_test_top.env.cov [COV_CLASS] Running cov: mode=75.0%  A=50.0%  B=83.3%  result=75.0%
UVM_INFO mm_scoreboard.sv(66) @ 555000: uvm_test_top.env.scb [SCB_CLASS] Checking transaction (corner_mode=x) — queue depth after pop: 0
UVM_INFO mm_scoreboard.sv(81) @ 555000: uvm_test_top.env.scb [SCB_CLASS] --- Comparing transaction (corner_mode=x) ---
UVM_INFO mm_scoreboard.sv(111) @ 555000: uvm_test_top.env.scb [SCB_CLASS] Transaction PASSED   (corner_mode=x)   [pass_cnt=36]
UVM_INFO mm_test.sv(152) @ 556000: uvm_test_top [TEST_CLASS] --- Phase A: Corner Sequences (4/5) zero-B ---
UVM_INFO mm_sequence.sv(193) @ 556000: uvm_test_top.env.agnt.seqr@@zero_b_seq [ZERO_B_SEQ] Sending zero-B coverage txn:
  [SEQ_ITEM] corner_mode=0
    A[0]=[ 141 225 113 116 ]  B[0]=[   0   0   0   0 ]
    A[1]=[  94  34 107 241 ]  B[1]=[   0   0   0   0 ]
    A[2]=[  75 251   3  20 ]  B[2]=[   0   0   0   0 ]
    A[3]=[ 118 152  35  84 ]  B[3]=[   0   0   0   0 ]
  Expected C:
    C[0]=[       0       0       0       0 ]
    C[1]=[       0       0       0       0 ]
    C[2]=[       0       0       0       0 ]
    C[3]=[       0       0       0       0 ]
UVM_INFO mm_driver.sv(44) @ 556000: uvm_test_top.env.agnt.drv [DRIVER_CLASS] Received seq_item — corner_mode=0  Driving DUT...
UVM_INFO mm_monitor.sv(64) @ 575000: uvm_test_top.env.agnt.mon [MONITOR_CLASS] start=1 detected — new transaction beginning
UVM_INFO mm_driver.sv(123) @ 626000: uvm_test_top.env.agnt.drv [DRIVER_CLASS] valid_in_upstream=0 — data phase done, waiting for result_valid
UVM_INFO mm_driver.sv(129) @ 705000: uvm_test_top.env.agnt.drv [DRIVER_CLASS] result_valid=1 — DUT in DONE state, transaction complete
UVM_INFO mm_monitor.sv(101) @ 715000: uvm_test_top.env.agnt.mon [MONITOR_CLASS] result_valid=1 — capturing DUT result bus
UVM_INFO mm_monitor.sv(110) @ 715000: uvm_test_top.env.agnt.mon [MONITOR_CLASS] Transaction observed and packaged:
  [SEQ_ITEM] corner_mode=x
    A[0]=[ 141 225 113 116 ]  B[0]=[   0   0   0   0 ]
    A[1]=[  94  34 107 241 ]  B[1]=[   0   0   0   0 ]
    A[2]=[  75 251   3  20 ]  B[2]=[   0   0   0   0 ]
    A[3]=[ 118 152  35  84 ]  B[3]=[   0   0   0   0 ]
  Expected C:
    C[0]=[       0       0       0       0 ]
    C[1]=[       0       0       0       0 ]
    C[2]=[       0       0       0       0 ]
    C[3]=[       0       0       0       0 ]
UVM_INFO mm_coverage.sv(204) @ 715000: uvm_test_top.env.cov [COV_CLASS] Running cov: mode=100.0%  A=100.0%  B=100.0%  result=75.0%
UVM_INFO mm_scoreboard.sv(66) @ 715000: uvm_test_top.env.scb [SCB_CLASS] Checking transaction (corner_mode=x) — queue depth after pop: 0
UVM_INFO mm_scoreboard.sv(81) @ 715000: uvm_test_top.env.scb [SCB_CLASS] --- Comparing transaction (corner_mode=x) ---
UVM_INFO mm_scoreboard.sv(111) @ 715000: uvm_test_top.env.scb [SCB_CLASS] Transaction PASSED   (corner_mode=x)   [pass_cnt=52]
UVM_INFO mm_test.sv(160) @ 716000: uvm_test_top [TEST_CLASS] --- Phase A: Corner Sequences (5/5) mid-range ---
UVM_INFO mm_sequence.sv(237) @ 716000: uvm_test_top.env.agnt.seqr@@midrange_seq [MIDRANGE_SEQ] Sending mid-range coverage txn:
  [SEQ_ITEM] corner_mode=0
    A[0]=[   2   0   0   0 ]  B[0]=[ 128   0   0   0 ]
    A[1]=[   0   0   0   0 ]  B[1]=[   0   0   0   0 ]
    A[2]=[   0   0   0   0 ]  B[2]=[   0   0   0   0 ]
    A[3]=[   0   0   0   0 ]  B[3]=[   0   0   0   0 ]
  Expected C:
    C[0]=[     256       0       0       0 ]
    C[1]=[       0       0       0       0 ]
    C[2]=[       0       0       0       0 ]
    C[3]=[       0       0       0       0 ]
UVM_INFO mm_driver.sv(44) @ 716000: uvm_test_top.env.agnt.drv [DRIVER_CLASS] Received seq_item — corner_mode=0  Driving DUT...
UVM_INFO mm_monitor.sv(64) @ 735000: uvm_test_top.env.agnt.mon [MONITOR_CLASS] start=1 detected — new transaction beginning
UVM_INFO mm_driver.sv(123) @ 786000: uvm_test_top.env.agnt.drv [DRIVER_CLASS] valid_in_upstream=0 — data phase done, waiting for result_valid
UVM_INFO mm_driver.sv(129) @ 865000: uvm_test_top.env.agnt.drv [DRIVER_CLASS] result_valid=1 — DUT in DONE state, transaction complete
UVM_INFO mm_monitor.sv(101) @ 875000: uvm_test_top.env.agnt.mon [MONITOR_CLASS] result_valid=1 — capturing DUT result bus
UVM_INFO mm_monitor.sv(110) @ 875000: uvm_test_top.env.agnt.mon [MONITOR_CLASS] Transaction observed and packaged:
  [SEQ_ITEM] corner_mode=x
    A[0]=[   2   0   0   0 ]  B[0]=[ 128   0   0   0 ]
    A[1]=[   0   0   0   0 ]  B[1]=[   0   0   0   0 ]
    A[2]=[   0   0   0   0 ]  B[2]=[   0   0   0   0 ]
    A[3]=[   0   0   0   0 ]  B[3]=[   0   0   0   0 ]
  Expected C:
    C[0]=[     256       0       0       0 ]
    C[1]=[       0       0       0       0 ]
    C[2]=[       0       0       0       0 ]
    C[3]=[       0       0       0       0 ]
UVM_INFO mm_coverage.sv(204) @ 875000: uvm_test_top.env.cov [COV_CLASS] Running cov: mode=100.0%  A=100.0%  B=100.0%  result=100.0%
UVM_INFO mm_scoreboard.sv(66) @ 875000: uvm_test_top.env.scb [SCB_CLASS] Checking transaction (corner_mode=x) — queue depth after pop: 0
UVM_INFO mm_scoreboard.sv(81) @ 875000: uvm_test_top.env.scb [SCB_CLASS] --- Comparing transaction (corner_mode=x) ---
UVM_INFO mm_scoreboard.sv(111) @ 875000: uvm_test_top.env.scb [SCB_CLASS] Transaction PASSED   (corner_mode=x)   [pass_cnt=68]
UVM_INFO mm_test.sv(169) @ 876000: uvm_test_top [TEST_CLASS] --- Phase A complete: 5 corner transactions done ---
UVM_INFO mm_test.sv(175) @ 876000: uvm_test_top [TEST_CLASS] --- Phase B: 16 Random Sequences starting ---
UVM_INFO mm_sequence.sv(60) @ 876000: uvm_test_top.env.agnt.seqr@@test_seq [TEST_SEQ] Sending transaction (corner_mode=0):
  [SEQ_ITEM] corner_mode=0
    A[0]=[ 129 222 137 235 ]  B[0]=[  29  72 166  84 ]
    A[1]=[  76 158 172 192 ]  B[1]=[   6 188 152 131 ]
    A[2]=[ 165  83 180 254 ]  B[2]=[ 185 108 228  58 ]
    A[3]=[  72  90 223 154 ]  B[3]=[  12 151 166 119 ]
  Expected C:
    C[0]=[   33238  101305  125404   75829 ]
    C[1]=[   37276   82744  107720   59906 ]
    C[2]=[   41631   85278  123210   65399 ]
    C[3]=[   45731   69442  102040   49098 ]
UVM_INFO mm_driver.sv(44) @ 876000: uvm_test_top.env.agnt.drv [DRIVER_CLASS] Received seq_item — corner_mode=0  Driving DUT...
UVM_INFO mm_monitor.sv(64) @ 895000: uvm_test_top.env.agnt.mon [MONITOR_CLASS] start=1 detected — new transaction beginning
UVM_INFO mm_driver.sv(123) @ 946000: uvm_test_top.env.agnt.drv [DRIVER_CLASS] valid_in_upstream=0 — data phase done, waiting for result_valid
UVM_INFO mm_driver.sv(129) @ 1025000: uvm_test_top.env.agnt.drv [DRIVER_CLASS] result_valid=1 — DUT in DONE state, transaction complete
UVM_INFO mm_monitor.sv(101) @ 1035000: uvm_test_top.env.agnt.mon [MONITOR_CLASS] result_valid=1 — capturing DUT result bus
UVM_INFO mm_monitor.sv(110) @ 1035000: uvm_test_top.env.agnt.mon [MONITOR_CLASS] Transaction observed and packaged:
  [SEQ_ITEM] corner_mode=x
    A[0]=[ 129 222 137 235 ]  B[0]=[  29  72 166  84 ]
    A[1]=[  76 158 172 192 ]  B[1]=[   6 188 152 131 ]
    A[2]=[ 165  83 180 254 ]  B[2]=[ 185 108 228  58 ]
    A[3]=[  72  90 223 154 ]  B[3]=[  12 151 166 119 ]
  Expected C:
    C[0]=[   33238  101305  125404   75829 ]
    C[1]=[   37276   82744  107720   59906 ]
    C[2]=[   41631   85278  123210   65399 ]
    C[3]=[   45731   69442  102040   49098 ]
UVM_INFO mm_coverage.sv(204) @ 1035000: uvm_test_top.env.cov [COV_CLASS] Running cov: mode=100.0%  A=100.0%  B=100.0%  result=100.0%
UVM_INFO mm_scoreboard.sv(66) @ 1035000: uvm_test_top.env.scb [SCB_CLASS] Checking transaction (corner_mode=x) — queue depth after pop: 0
UVM_INFO mm_scoreboard.sv(81) @ 1035000: uvm_test_top.env.scb [SCB_CLASS] --- Comparing transaction (corner_mode=x) ---
UVM_ERROR mm_scoreboard.sv(99) @ 1035000: uvm_test_top.env.scb [COMPARE] C[0][1]  MISMATCH   exp=  101305   got=   37276   <<< ERROR
UVM_ERROR mm_scoreboard.sv(99) @ 1035000: uvm_test_top.env.scb [COMPARE] C[0][2]  MISMATCH   exp=  125404   got=   41631   <<< ERROR
UVM_ERROR mm_scoreboard.sv(99) @ 1035000: uvm_test_top.env.scb [COMPARE] C[0][3]  MISMATCH   exp=   75829   got=   45731   <<< ERROR
UVM_ERROR mm_scoreboard.sv(99) @ 1035000: uvm_test_top.env.scb [COMPARE] C[1][0]  MISMATCH   exp=   37276   got=  101305   <<< ERROR
UVM_ERROR mm_scoreboard.sv(99) @ 1035000: uvm_test_top.env.scb [COMPARE] C[1][2]  MISMATCH   exp=  107720   got=   85278   <<< ERROR
UVM_ERROR mm_scoreboard.sv(99) @ 1035000: uvm_test_top.env.scb [COMPARE] C[1][3]  MISMATCH   exp=   59906   got=   69442   <<< ERROR
UVM_ERROR mm_scoreboard.sv(99) @ 1035000: uvm_test_top.env.scb [COMPARE] C[2][0]  MISMATCH   exp=   41631   got=  125404   <<< ERROR
UVM_ERROR mm_scoreboard.sv(99) @ 1035000: uvm_test_top.env.scb [COMPARE] C[2][1]  MISMATCH   exp=   85278   got=  107720   <<< ERROR
UVM_ERROR mm_scoreboard.sv(99) @ 1035000: uvm_test_top.env.scb [COMPARE] C[2][3]  MISMATCH   exp=   65399   got=  102040   <<< ERROR
UVM_ERROR mm_scoreboard.sv(99) @ 1035000: uvm_test_top.env.scb [COMPARE] C[3][0]  MISMATCH   exp=   45731   got=   75829   <<< ERROR
UVM_ERROR mm_scoreboard.sv(99) @ 1035000: uvm_test_top.env.scb [COMPARE] C[3][1]  MISMATCH   exp=   69442   got=   59906   <<< ERROR
UVM_ERROR mm_scoreboard.sv(99) @ 1035000: uvm_test_top.env.scb [COMPARE] C[3][2]  MISMATCH   exp=  102040   got=   65399   <<< ERROR
UVM_ERROR mm_scoreboard.sv(117) @ 1035000: uvm_test_top.env.scb [SCB_CLASS] Transaction FAILED   (corner_mode=x)   [fail_cnt=24]
UVM_INFO mm_sequence.sv(60) @ 1036000: uvm_test_top.env.agnt.seqr@@test_seq [TEST_SEQ] Sending transaction (corner_mode=0):
  [SEQ_ITEM] corner_mode=0
    A[0]=[  42  31 116 214 ]  B[0]=[ 167 117 250  84 ]
    A[1]=[ 126 121  19  54 ]  B[1]=[ 110 111  31  34 ]
    A[2]=[   4 201 183 144 ]  B[2]=[  56 153   1  83 ]
    A[3]=[  29 192 224 119 ]  B[3]=[  85 131 126 238 ]
  Expected C:
    C[0]=[   35110   54137   38541   65142 ]
    C[1]=[   40006   38154   42074   29127 ]
    C[2]=[   45266   69642   25558   56631 ]
    C[3]=[   48622   74566   28420   55878 ]
UVM_INFO mm_driver.sv(44) @ 1036000: uvm_test_top.env.agnt.drv [DRIVER_CLASS] Received seq_item — corner_mode=0  Driving DUT...
UVM_INFO mm_monitor.sv(64) @ 1055000: uvm_test_top.env.agnt.mon [MONITOR_CLASS] start=1 detected — new transaction beginning
UVM_INFO mm_driver.sv(123) @ 1106000: uvm_test_top.env.agnt.drv [DRIVER_CLASS] valid_in_upstream=0 — data phase done, waiting for result_valid
UVM_INFO mm_driver.sv(129) @ 1185000: uvm_test_top.env.agnt.drv [DRIVER_CLASS] result_valid=1 — DUT in DONE state, transaction complete
UVM_INFO mm_monitor.sv(101) @ 1195000: uvm_test_top.env.agnt.mon [MONITOR_CLASS] result_valid=1 — capturing DUT result bus
UVM_INFO mm_monitor.sv(110) @ 1195000: uvm_test_top.env.agnt.mon [MONITOR_CLASS] Transaction observed and packaged:
  [SEQ_ITEM] corner_mode=x
    A[0]=[  42  31 116 214 ]  B[0]=[ 167 117 250  84 ]
    A[1]=[ 126 121  19  54 ]  B[1]=[ 110 111  31  34 ]
    A[2]=[   4 201 183 144 ]  B[2]=[  56 153   1  83 ]
    A[3]=[  29 192 224 119 ]  B[3]=[  85 131 126 238 ]
  Expected C:
    C[0]=[   35110   54137   38541   65142 ]
    C[1]=[   40006   38154   42074   29127 ]
    C[2]=[   45266   69642   25558   56631 ]
    C[3]=[   48622   74566   28420   55878 ]
UVM_INFO mm_coverage.sv(204) @ 1195000: uvm_test_top.env.cov [COV_CLASS] Running cov: mode=100.0%  A=100.0%  B=100.0%  result=100.0%
UVM_INFO mm_scoreboard.sv(66) @ 1195000: uvm_test_top.env.scb [SCB_CLASS] Checking transaction (corner_mode=x) — queue depth after pop: 0
UVM_INFO mm_scoreboard.sv(81) @ 1195000: uvm_test_top.env.scb [SCB_CLASS] --- Comparing transaction (corner_mode=x) ---
UVM_ERROR mm_scoreboard.sv(99) @ 1195000: uvm_test_top.env.scb [COMPARE] C[0][1]  MISMATCH   exp=   54137   got=   40006   <<< ERROR
UVM_ERROR mm_scoreboard.sv(99) @ 1195000: uvm_test_top.env.scb [COMPARE] C[0][2]  MISMATCH   exp=   38541   got=   45266   <<< ERROR
UVM_ERROR mm_scoreboard.sv(99) @ 1195000: uvm_test_top.env.scb [COMPARE] C[0][3]  MISMATCH   exp=   65142   got=   48622   <<< ERROR
UVM_ERROR mm_scoreboard.sv(99) @ 1195000: uvm_test_top.env.scb [COMPARE] C[1][0]  MISMATCH   exp=   40006   got=   54137   <<< ERROR
UVM_ERROR mm_scoreboard.sv(99) @ 1195000: uvm_test_top.env.scb [COMPARE] C[1][2]  MISMATCH   exp=   42074   got=   69642   <<< ERROR
UVM_ERROR mm_scoreboard.sv(99) @ 1195000: uvm_test_top.env.scb [COMPARE] C[1][3]  MISMATCH   exp=   29127   got=   74566   <<< ERROR
UVM_ERROR mm_scoreboard.sv(99) @ 1195000: uvm_test_top.env.scb [COMPARE] C[2][0]  MISMATCH   exp=   45266   got=   38541   <<< ERROR
UVM_ERROR mm_scoreboard.sv(99) @ 1195000: uvm_test_top.env.scb [COMPARE] C[2][1]  MISMATCH   exp=   69642   got=   42074   <<< ERROR
UVM_ERROR mm_scoreboard.sv(99) @ 1195000: uvm_test_top.env.scb [COMPARE] C[2][3]  MISMATCH   exp=   56631   got=   28420   <<< ERROR
UVM_ERROR mm_scoreboard.sv(99) @ 1195000: uvm_test_top.env.scb [COMPARE] C[3][0]  MISMATCH   exp=   48622   got=   65142   <<< ERROR
UVM_ERROR mm_scoreboard.sv(99) @ 1195000: uvm_test_top.env.scb [COMPARE] C[3][1]  MISMATCH   exp=   74566   got=   29127   <<< ERROR
UVM_ERROR mm_scoreboard.sv(99) @ 1195000: uvm_test_top.env.scb [COMPARE] C[3][2]  MISMATCH   exp=   28420   got=   56631   <<< ERROR
UVM_ERROR mm_scoreboard.sv(117) @ 1195000: uvm_test_top.env.scb [SCB_CLASS] Transaction FAILED   (corner_mode=x)   [fail_cnt=36]
UVM_INFO mm_sequence.sv(60) @ 1196000: uvm_test_top.env.agnt.seqr@@test_seq [TEST_SEQ] Sending transaction (corner_mode=0):
  [SEQ_ITEM] corner_mode=0
    A[0]=[ 235 143 135 163 ]  B[0]=[ 171  82 232 200 ]
    A[1]=[ 251 193  17 246 ]  B[1]=[ 167  36 120 112 ]
    A[2]=[  48  92  84  31 ]  B[2]=[ 219  67 187  48 ]
    A[3]=[ 207 248 143  88 ]  B[3]=[  91  71 104  17 ]
  Expected C:
    C[0]=[  108464   45036  113877   72267 ]
    C[1]=[  101261   46135  110155   76814 ]
    C[2]=[   44789   15077   41108   24463 ]
    C[3]=[  116138   41731  113677   77536 ]
UVM_INFO mm_driver.sv(44) @ 1196000: uvm_test_top.env.agnt.drv [DRIVER_CLASS] Received seq_item — corner_mode=0  Driving DUT...
UVM_INFO mm_monitor.sv(64) @ 1215000: uvm_test_top.env.agnt.mon [MONITOR_CLASS] start=1 detected — new transaction beginning
UVM_INFO mm_driver.sv(123) @ 1266000: uvm_test_top.env.agnt.drv [DRIVER_CLASS] valid_in_upstream=0 — data phase done, waiting for result_valid
UVM_INFO mm_driver.sv(129) @ 1345000: uvm_test_top.env.agnt.drv [DRIVER_CLASS] result_valid=1 — DUT in DONE state, transaction complete
UVM_INFO mm_monitor.sv(101) @ 1355000: uvm_test_top.env.agnt.mon [MONITOR_CLASS] result_valid=1 — capturing DUT result bus
UVM_INFO mm_monitor.sv(110) @ 1355000: uvm_test_top.env.agnt.mon [MONITOR_CLASS] Transaction observed and packaged:
  [SEQ_ITEM] corner_mode=x
    A[0]=[ 235 143 135 163 ]  B[0]=[ 171  82 232 200 ]
    A[1]=[ 251 193  17 246 ]  B[1]=[ 167  36 120 112 ]
    A[2]=[  48  92  84  31 ]  B[2]=[ 219  67 187  48 ]
    A[3]=[ 207 248 143  88 ]  B[3]=[  91  71 104  17 ]
  Expected C:
    C[0]=[  108464   45036  113877   72267 ]
    C[1]=[  101261   46135  110155   76814 ]
    C[2]=[   44789   15077   41108   24463 ]
    C[3]=[  116138   41731  113677   77536 ]
UVM_INFO mm_coverage.sv(204) @ 1355000: uvm_test_top.env.cov [COV_CLASS] Running cov: mode=100.0%  A=100.0%  B=100.0%  result=100.0%
UVM_INFO mm_scoreboard.sv(66) @ 1355000: uvm_test_top.env.scb [SCB_CLASS] Checking transaction (corner_mode=x) — queue depth after pop: 0
UVM_INFO mm_scoreboard.sv(81) @ 1355000: uvm_test_top.env.scb [SCB_CLASS] --- Comparing transaction (corner_mode=x) ---
UVM_ERROR mm_scoreboard.sv(99) @ 1355000: uvm_test_top.env.scb [COMPARE] C[0][1]  MISMATCH   exp=   45036   got=  101261   <<< ERROR
UVM_ERROR mm_scoreboard.sv(99) @ 1355000: uvm_test_top.env.scb [COMPARE] C[0][2]  MISMATCH   exp=  113877   got=   44789   <<< ERROR
UVM_ERROR mm_scoreboard.sv(99) @ 1355000: uvm_test_top.env.scb [COMPARE] C[0][3]  MISMATCH   exp=   72267   got=  116138   <<< ERROR
UVM_ERROR mm_scoreboard.sv(99) @ 1355000: uvm_test_top.env.scb [COMPARE] C[1][0]  MISMATCH   exp=  101261   got=   45036   <<< ERROR
UVM_ERROR mm_scoreboard.sv(99) @ 1355000: uvm_test_top.env.scb [COMPARE] C[1][2]  MISMATCH   exp=  110155   got=   15077   <<< ERROR
UVM_ERROR mm_scoreboard.sv(99) @ 1355000: uvm_test_top.env.scb [COMPARE] C[1][3]  MISMATCH   exp=   76814   got=   41731   <<< ERROR
UVM_ERROR mm_scoreboard.sv(99) @ 1355000: uvm_test_top.env.scb [COMPARE] C[2][0]  MISMATCH   exp=   44789   got=  113877   <<< ERROR
UVM_ERROR mm_scoreboard.sv(99) @ 1355000: uvm_test_top.env.scb [COMPARE] C[2][1]  MISMATCH   exp=   15077   got=  110155   <<< ERROR
UVM_ERROR mm_scoreboard.sv(99) @ 1355000: uvm_test_top.env.scb [COMPARE] C[2][3]  MISMATCH   exp=   24463   got=  113677   <<< ERROR
UVM_ERROR mm_scoreboard.sv(99) @ 1355000: uvm_test_top.env.scb [COMPARE] C[3][0]  MISMATCH   exp=  116138   got=   72267   <<< ERROR
UVM_ERROR mm_scoreboard.sv(99) @ 1355000: uvm_test_top.env.scb [COMPARE] C[3][1]  MISMATCH   exp=   41731   got=   76814   <<< ERROR
UVM_ERROR mm_scoreboard.sv(99) @ 1355000: uvm_test_top.env.scb [COMPARE] C[3][2]  MISMATCH   exp=  113677   got=   24463   <<< ERROR
UVM_ERROR mm_scoreboard.sv(117) @ 1355000: uvm_test_top.env.scb [SCB_CLASS] Transaction FAILED   (corner_mode=x)   [fail_cnt=48]
UVM_INFO mm_sequence.sv(60) @ 1356000: uvm_test_top.env.agnt.seqr@@test_seq [TEST_SEQ] Sending transaction (corner_mode=0):
  [SEQ_ITEM] corner_mode=0
    A[0]=[ 176  68   4  91 ]  B[0]=[ 164 253 205  54 ]
    A[1]=[ 253 147 193 218 ]  B[1]=[ 161 252  30 187 ]
    A[2]=[  37 202  96 144 ]  B[2]=[  84 209 196 202 ]
    A[3]=[ 200 180  13 181 ]  B[3]=[ 255 213  58 188 ]
  Expected C:
    C[0]=[   63353   81883   44182   40136 ]
    C[1]=[  136961  187824  106747  121121 ]
    C[2]=[   83374  111001   40813   86236 ]
    C[3]=[  109027  137230   59446   81114 ]
UVM_INFO mm_driver.sv(44) @ 1356000: uvm_test_top.env.agnt.drv [DRIVER_CLASS] Received seq_item — corner_mode=0  Driving DUT...
UVM_INFO mm_monitor.sv(64) @ 1375000: uvm_test_top.env.agnt.mon [MONITOR_CLASS] start=1 detected — new transaction beginning
UVM_INFO mm_driver.sv(123) @ 1426000: uvm_test_top.env.agnt.drv [DRIVER_CLASS] valid_in_upstream=0 — data phase done, waiting for result_valid
UVM_INFO mm_driver.sv(129) @ 1505000: uvm_test_top.env.agnt.drv [DRIVER_CLASS] result_valid=1 — DUT in DONE state, transaction complete
UVM_INFO mm_monitor.sv(101) @ 1515000: uvm_test_top.env.agnt.mon [MONITOR_CLASS] result_valid=1 — capturing DUT result bus
UVM_INFO mm_monitor.sv(110) @ 1515000: uvm_test_top.env.agnt.mon [MONITOR_CLASS] Transaction observed and packaged:
  [SEQ_ITEM] corner_mode=x
    A[0]=[ 176  68   4  91 ]  B[0]=[ 164 253 205  54 ]
    A[1]=[ 253 147 193 218 ]  B[1]=[ 161 252  30 187 ]
    A[2]=[  37 202  96 144 ]  B[2]=[  84 209 196 202 ]
    A[3]=[ 200 180  13 181 ]  B[3]=[ 255 213  58 188 ]
  Expected C:
    C[0]=[   63353   81883   44182   40136 ]
    C[1]=[  136961  187824  106747  121121 ]
    C[2]=[   83374  111001   40813   86236 ]
    C[3]=[  109027  137230   59446   81114 ]
UVM_INFO mm_coverage.sv(204) @ 1515000: uvm_test_top.env.cov [COV_CLASS] Running cov: mode=100.0%  A=100.0%  B=100.0%  result=100.0%
UVM_INFO mm_scoreboard.sv(66) @ 1515000: uvm_test_top.env.scb [SCB_CLASS] Checking transaction (corner_mode=x) — queue depth after pop: 0
UVM_INFO mm_scoreboard.sv(81) @ 1515000: uvm_test_top.env.scb [SCB_CLASS] --- Comparing transaction (corner_mode=x) ---
UVM_ERROR mm_scoreboard.sv(99) @ 1515000: uvm_test_top.env.scb [COMPARE] C[0][1]  MISMATCH   exp=   81883   got=  136961   <<< ERROR
UVM_ERROR mm_scoreboard.sv(99) @ 1515000: uvm_test_top.env.scb [COMPARE] C[0][2]  MISMATCH   exp=   44182   got=   83374   <<< ERROR
UVM_ERROR mm_scoreboard.sv(99) @ 1515000: uvm_test_top.env.scb [COMPARE] C[0][3]  MISMATCH   exp=   40136   got=  109027   <<< ERROR
UVM_ERROR mm_scoreboard.sv(99) @ 1515000: uvm_test_top.env.scb [COMPARE] C[1][0]  MISMATCH   exp=  136961   got=   81883   <<< ERROR
UVM_ERROR mm_scoreboard.sv(99) @ 1515000: uvm_test_top.env.scb [COMPARE] C[1][2]  MISMATCH   exp=  106747   got=  111001   <<< ERROR
UVM_ERROR mm_scoreboard.sv(99) @ 1515000: uvm_test_top.env.scb [COMPARE] C[1][3]  MISMATCH   exp=  121121   got=  137230   <<< ERROR
UVM_ERROR mm_scoreboard.sv(99) @ 1515000: uvm_test_top.env.scb [COMPARE] C[2][0]  MISMATCH   exp=   83374   got=   44182   <<< ERROR
UVM_ERROR mm_scoreboard.sv(99) @ 1515000: uvm_test_top.env.scb [COMPARE] C[2][1]  MISMATCH   exp=  111001   got=  106747   <<< ERROR
UVM_ERROR mm_scoreboard.sv(99) @ 1515000: uvm_test_top.env.scb [COMPARE] C[2][3]  MISMATCH   exp=   86236   got=   59446   <<< ERROR
UVM_ERROR mm_scoreboard.sv(99) @ 1515000: uvm_test_top.env.scb [COMPARE] C[3][0]  MISMATCH   exp=  109027   got=   40136   <<< ERROR
UVM_ERROR mm_scoreboard.sv(99) @ 1515000: uvm_test_top.env.scb [COMPARE] C[3][1]  MISMATCH   exp=  137230   got=  121121   <<< ERROR
UVM_ERROR mm_scoreboard.sv(99) @ 1515000: uvm_test_top.env.scb [COMPARE] C[3][2]  MISMATCH   exp=   59446   got=   86236   <<< ERROR
UVM_ERROR mm_scoreboard.sv(117) @ 1515000: uvm_test_top.env.scb [SCB_CLASS] Transaction FAILED   (corner_mode=x)   [fail_cnt=60]
UVM_INFO mm_sequence.sv(60) @ 1516000: uvm_test_top.env.agnt.seqr@@test_seq [TEST_SEQ] Sending transaction (corner_mode=2):
  [SEQ_ITEM] corner_mode=2
    A[0]=[   1   0   0   0 ]  B[0]=[   4  91 159  15 ]
    A[1]=[   0   1   0   0 ]  B[1]=[  37 236 194 126 ]
    A[2]=[   0   0   1   0 ]  B[2]=[   3  48 136 136 ]
    A[3]=[   0   0   0   1 ]  B[3]=[  47 139   7 217 ]
  Expected C:
    C[0]=[       4      91     159      15 ]
    C[1]=[      37     236     194     126 ]
    C[2]=[       3      48     136     136 ]
    C[3]=[      47     139       7     217 ]
UVM_INFO mm_driver.sv(44) @ 1516000: uvm_test_top.env.agnt.drv [DRIVER_CLASS] Received seq_item — corner_mode=2  Driving DUT...
UVM_INFO mm_monitor.sv(64) @ 1535000: uvm_test_top.env.agnt.mon [MONITOR_CLASS] start=1 detected — new transaction beginning
UVM_INFO mm_driver.sv(123) @ 1586000: uvm_test_top.env.agnt.drv [DRIVER_CLASS] valid_in_upstream=0 — data phase done, waiting for result_valid
UVM_INFO mm_driver.sv(129) @ 1665000: uvm_test_top.env.agnt.drv [DRIVER_CLASS] result_valid=1 — DUT in DONE state, transaction complete
UVM_INFO mm_monitor.sv(101) @ 1675000: uvm_test_top.env.agnt.mon [MONITOR_CLASS] result_valid=1 — capturing DUT result bus
UVM_INFO mm_monitor.sv(110) @ 1675000: uvm_test_top.env.agnt.mon [MONITOR_CLASS] Transaction observed and packaged:
  [SEQ_ITEM] corner_mode=x
    A[0]=[   1   0   0   0 ]  B[0]=[   4  91 159  15 ]
    A[1]=[   0   1   0   0 ]  B[1]=[  37 236 194 126 ]
    A[2]=[   0   0   1   0 ]  B[2]=[   3  48 136 136 ]
    A[3]=[   0   0   0   1 ]  B[3]=[  47 139   7 217 ]
  Expected C:
    C[0]=[       4      91     159      15 ]
    C[1]=[      37     236     194     126 ]
    C[2]=[       3      48     136     136 ]
    C[3]=[      47     139       7     217 ]
UVM_INFO mm_coverage.sv(204) @ 1675000: uvm_test_top.env.cov [COV_CLASS] Running cov: mode=100.0%  A=100.0%  B=100.0%  result=100.0%
UVM_INFO mm_scoreboard.sv(66) @ 1675000: uvm_test_top.env.scb [SCB_CLASS] Checking transaction (corner_mode=x) — queue depth after pop: 0
UVM_INFO mm_scoreboard.sv(81) @ 1675000: uvm_test_top.env.scb [SCB_CLASS] --- Comparing transaction (corner_mode=x) ---
UVM_ERROR mm_scoreboard.sv(99) @ 1675000: uvm_test_top.env.scb [COMPARE] C[0][1]  MISMATCH   exp=      91   got=      37   <<< ERROR
UVM_ERROR mm_scoreboard.sv(99) @ 1675000: uvm_test_top.env.scb [COMPARE] C[0][2]  MISMATCH   exp=     159   got=       3   <<< ERROR
UVM_ERROR mm_scoreboard.sv(99) @ 1675000: uvm_test_top.env.scb [COMPARE] C[0][3]  MISMATCH   exp=      15   got=      47   <<< ERROR
UVM_ERROR mm_scoreboard.sv(99) @ 1675000: uvm_test_top.env.scb [COMPARE] C[1][0]  MISMATCH   exp=      37   got=      91   <<< ERROR
UVM_ERROR mm_scoreboard.sv(99) @ 1675000: uvm_test_top.env.scb [COMPARE] C[1][2]  MISMATCH   exp=     194   got=      48   <<< ERROR
UVM_ERROR mm_scoreboard.sv(99) @ 1675000: uvm_test_top.env.scb [COMPARE] C[1][3]  MISMATCH   exp=     126   got=     139   <<< ERROR
UVM_ERROR mm_scoreboard.sv(99) @ 1675000: uvm_test_top.env.scb [COMPARE] C[2][0]  MISMATCH   exp=       3   got=     159   <<< ERROR
UVM_ERROR mm_scoreboard.sv(99) @ 1675000: uvm_test_top.env.scb [COMPARE] C[2][1]  MISMATCH   exp=      48   got=     194   <<< ERROR
UVM_ERROR mm_scoreboard.sv(99) @ 1675000: uvm_test_top.env.scb [COMPARE] C[2][3]  MISMATCH   exp=     136   got=       7   <<< ERROR
UVM_ERROR mm_scoreboard.sv(99) @ 1675000: uvm_test_top.env.scb [COMPARE] C[3][0]  MISMATCH   exp=      47   got=      15   <<< ERROR
UVM_ERROR mm_scoreboard.sv(99) @ 1675000: uvm_test_top.env.scb [COMPARE] C[3][1]  MISMATCH   exp=     139   got=     126   <<< ERROR
UVM_ERROR mm_scoreboard.sv(99) @ 1675000: uvm_test_top.env.scb [COMPARE] C[3][2]  MISMATCH   exp=       7   got=     136   <<< ERROR
UVM_ERROR mm_scoreboard.sv(117) @ 1675000: uvm_test_top.env.scb [SCB_CLASS] Transaction FAILED   (corner_mode=x)   [fail_cnt=72]
UVM_INFO mm_sequence.sv(60) @ 1676000: uvm_test_top.env.agnt.seqr@@test_seq [TEST_SEQ] Sending transaction (corner_mode=0):
  [SEQ_ITEM] corner_mode=0
    A[0]=[  11  77  44 208 ]  B[0]=[ 230  49 205   2 ]
    A[1]=[  83  31 195 108 ]  B[1]=[ 190  83 180 219 ]
    A[2]=[  28 213 180 225 ]  B[2]=[ 106 132 208 206 ]
    A[3]=[ 165 167 195 177 ]  B[3]=[  90 117  75  85 ]
  Expected C:
    C[0]=[   40544   37074   40867   43629 ]
    C[1]=[   55370   45016   71255   56305 ]
    C[2]=[   86240   69136   98395  102908 ]
    C[3]=[  106280   68395  117720   92118 ]
UVM_INFO mm_driver.sv(44) @ 1676000: uvm_test_top.env.agnt.drv [DRIVER_CLASS] Received seq_item — corner_mode=0  Driving DUT...
UVM_INFO mm_monitor.sv(64) @ 1695000: uvm_test_top.env.agnt.mon [MONITOR_CLASS] start=1 detected — new transaction beginning
UVM_INFO mm_driver.sv(123) @ 1746000: uvm_test_top.env.agnt.drv [DRIVER_CLASS] valid_in_upstream=0 — data phase done, waiting for result_valid
UVM_INFO mm_driver.sv(129) @ 1825000: uvm_test_top.env.agnt.drv [DRIVER_CLASS] result_valid=1 — DUT in DONE state, transaction complete
UVM_INFO mm_monitor.sv(101) @ 1835000: uvm_test_top.env.agnt.mon [MONITOR_CLASS] result_valid=1 — capturing DUT result bus
UVM_INFO mm_monitor.sv(110) @ 1835000: uvm_test_top.env.agnt.mon [MONITOR_CLASS] Transaction observed and packaged:
  [SEQ_ITEM] corner_mode=x
    A[0]=[  11  77  44 208 ]  B[0]=[ 230  49 205   2 ]
    A[1]=[  83  31 195 108 ]  B[1]=[ 190  83 180 219 ]
    A[2]=[  28 213 180 225 ]  B[2]=[ 106 132 208 206 ]
    A[3]=[ 165 167 195 177 ]  B[3]=[  90 117  75  85 ]
  Expected C:
    C[0]=[   40544   37074   40867   43629 ]
    C[1]=[   55370   45016   71255   56305 ]
    C[2]=[   86240   69136   98395  102908 ]
    C[3]=[  106280   68395  117720   92118 ]
UVM_INFO mm_coverage.sv(204) @ 1835000: uvm_test_top.env.cov [COV_CLASS] Running cov: mode=100.0%  A=100.0%  B=100.0%  result=100.0%
UVM_INFO mm_scoreboard.sv(66) @ 1835000: uvm_test_top.env.scb [SCB_CLASS] Checking transaction (corner_mode=x) — queue depth after pop: 0
UVM_INFO mm_scoreboard.sv(81) @ 1835000: uvm_test_top.env.scb [SCB_CLASS] --- Comparing transaction (corner_mode=x) ---
UVM_ERROR mm_scoreboard.sv(99) @ 1835000: uvm_test_top.env.scb [COMPARE] C[0][1]  MISMATCH   exp=   37074   got=   55370   <<< ERROR
UVM_ERROR mm_scoreboard.sv(99) @ 1835000: uvm_test_top.env.scb [COMPARE] C[0][2]  MISMATCH   exp=   40867   got=   86240   <<< ERROR
UVM_ERROR mm_scoreboard.sv(99) @ 1835000: uvm_test_top.env.scb [COMPARE] C[0][3]  MISMATCH   exp=   43629   got=  106280   <<< ERROR
UVM_ERROR mm_scoreboard.sv(99) @ 1835000: uvm_test_top.env.scb [COMPARE] C[1][0]  MISMATCH   exp=   55370   got=   37074   <<< ERROR
UVM_ERROR mm_scoreboard.sv(99) @ 1835000: uvm_test_top.env.scb [COMPARE] C[1][2]  MISMATCH   exp=   71255   got=   69136   <<< ERROR
UVM_ERROR mm_scoreboard.sv(99) @ 1835000: uvm_test_top.env.scb [COMPARE] C[1][3]  MISMATCH   exp=   56305   got=   68395   <<< ERROR
UVM_ERROR mm_scoreboard.sv(99) @ 1835000: uvm_test_top.env.scb [COMPARE] C[2][0]  MISMATCH   exp=   86240   got=   40867   <<< ERROR
UVM_ERROR mm_scoreboard.sv(99) @ 1835000: uvm_test_top.env.scb [COMPARE] C[2][1]  MISMATCH   exp=   69136   got=   71255   <<< ERROR
UVM_ERROR mm_scoreboard.sv(99) @ 1835000: uvm_test_top.env.scb [COMPARE] C[2][3]  MISMATCH   exp=  102908   got=  117720   <<< ERROR
UVM_ERROR mm_scoreboard.sv(99) @ 1835000: uvm_test_top.env.scb [COMPARE] C[3][0]  MISMATCH   exp=  106280   got=   43629   <<< ERROR
UVM_ERROR mm_scoreboard.sv(99) @ 1835000: uvm_test_top.env.scb [COMPARE] C[3][1]  MISMATCH   exp=   68395   got=   56305   <<< ERROR
UVM_ERROR mm_scoreboard.sv(99) @ 1835000: uvm_test_top.env.scb [COMPARE] C[3][2]  MISMATCH   exp=  117720   got=  102908   <<< ERROR
UVM_ERROR mm_scoreboard.sv(117) @ 1835000: uvm_test_top.env.scb [SCB_CLASS] Transaction FAILED   (corner_mode=x)   [fail_cnt=84]
UVM_INFO mm_sequence.sv(60) @ 1836000: uvm_test_top.env.agnt.seqr@@test_seq [TEST_SEQ] Sending transaction (corner_mode=0):
  [SEQ_ITEM] corner_mode=0
    A[0]=[  37  21 216 207 ]  B[0]=[ 210 235   9  87 ]
    A[1]=[ 166 134 205   1 ]  B[1]=[ 145 234  16  13 ]
    A[2]=[   8 212 186 238 ]  B[2]=[ 149 163  58 182 ]
    A[3]=[ 209  43 205 160 ]  B[3]=[ 143  21  81  95 ]
  Expected C:
    C[0]=[   72600   53164   29964   62469 ]
    C[1]=[   84978  103802   15609   53589 ]
    C[2]=[   94168   86804   33530   59914 ]
    C[3]=[  103550   95952   27419   71252 ]
UVM_INFO mm_driver.sv(44) @ 1836000: uvm_test_top.env.agnt.drv [DRIVER_CLASS] Received seq_item — corner_mode=0  Driving DUT...
UVM_INFO mm_monitor.sv(64) @ 1855000: uvm_test_top.env.agnt.mon [MONITOR_CLASS] start=1 detected — new transaction beginning
UVM_INFO mm_driver.sv(123) @ 1906000: uvm_test_top.env.agnt.drv [DRIVER_CLASS] valid_in_upstream=0 — data phase done, waiting for result_valid
UVM_INFO mm_driver.sv(129) @ 1985000: uvm_test_top.env.agnt.drv [DRIVER_CLASS] result_valid=1 — DUT in DONE state, transaction complete
UVM_INFO mm_monitor.sv(101) @ 1995000: uvm_test_top.env.agnt.mon [MONITOR_CLASS] result_valid=1 — capturing DUT result bus
UVM_INFO mm_monitor.sv(110) @ 1995000: uvm_test_top.env.agnt.mon [MONITOR_CLASS] Transaction observed and packaged:
  [SEQ_ITEM] corner_mode=x
    A[0]=[  37  21 216 207 ]  B[0]=[ 210 235   9  87 ]
    A[1]=[ 166 134 205   1 ]  B[1]=[ 145 234  16  13 ]
    A[2]=[   8 212 186 238 ]  B[2]=[ 149 163  58 182 ]
    A[3]=[ 209  43 205 160 ]  B[3]=[ 143  21  81  95 ]
  Expected C:
    C[0]=[   72600   53164   29964   62469 ]
    C[1]=[   84978  103802   15609   53589 ]
    C[2]=[   94168   86804   33530   59914 ]
    C[3]=[  103550   95952   27419   71252 ]
UVM_INFO mm_coverage.sv(204) @ 1995000: uvm_test_top.env.cov [COV_CLASS] Running cov: mode=100.0%  A=100.0%  B=100.0%  result=100.0%
UVM_INFO mm_scoreboard.sv(66) @ 1995000: uvm_test_top.env.scb [SCB_CLASS] Checking transaction (corner_mode=x) — queue depth after pop: 0
UVM_INFO mm_scoreboard.sv(81) @ 1995000: uvm_test_top.env.scb [SCB_CLASS] --- Comparing transaction (corner_mode=x) ---
UVM_ERROR mm_scoreboard.sv(99) @ 1995000: uvm_test_top.env.scb [COMPARE] C[0][1]  MISMATCH   exp=   53164   got=   84978   <<< ERROR
UVM_ERROR mm_scoreboard.sv(99) @ 1995000: uvm_test_top.env.scb [COMPARE] C[0][2]  MISMATCH   exp=   29964   got=   94168   <<< ERROR
UVM_ERROR mm_scoreboard.sv(99) @ 1995000: uvm_test_top.env.scb [COMPARE] C[0][3]  MISMATCH   exp=   62469   got=  103550   <<< ERROR
UVM_ERROR mm_scoreboard.sv(99) @ 1995000: uvm_test_top.env.scb [COMPARE] C[1][0]  MISMATCH   exp=   84978   got=   53164   <<< ERROR
UVM_ERROR mm_scoreboard.sv(99) @ 1995000: uvm_test_top.env.scb [COMPARE] C[1][2]  MISMATCH   exp=   15609   got=   86804   <<< ERROR
UVM_ERROR mm_scoreboard.sv(99) @ 1995000: uvm_test_top.env.scb [COMPARE] C[1][3]  MISMATCH   exp=   53589   got=   95952   <<< ERROR
UVM_ERROR mm_scoreboard.sv(99) @ 1995000: uvm_test_top.env.scb [COMPARE] C[2][0]  MISMATCH   exp=   94168   got=   29964   <<< ERROR
UVM_ERROR mm_scoreboard.sv(99) @ 1995000: uvm_test_top.env.scb [COMPARE] C[2][1]  MISMATCH   exp=   86804   got=   15609   <<< ERROR
UVM_ERROR mm_scoreboard.sv(99) @ 1995000: uvm_test_top.env.scb [COMPARE] C[2][3]  MISMATCH   exp=   59914   got=   27419   <<< ERROR
UVM_ERROR mm_scoreboard.sv(99) @ 1995000: uvm_test_top.env.scb [COMPARE] C[3][0]  MISMATCH   exp=  103550   got=   62469   <<< ERROR
UVM_ERROR mm_scoreboard.sv(99) @ 1995000: uvm_test_top.env.scb [COMPARE] C[3][1]  MISMATCH   exp=   95952   got=   53589   <<< ERROR
UVM_ERROR mm_scoreboard.sv(99) @ 1995000: uvm_test_top.env.scb [COMPARE] C[3][2]  MISMATCH   exp=   27419   got=   59914   <<< ERROR
UVM_ERROR mm_scoreboard.sv(117) @ 1995000: uvm_test_top.env.scb [SCB_CLASS] Transaction FAILED   (corner_mode=x)   [fail_cnt=96]
UVM_INFO mm_sequence.sv(60) @ 1996000: uvm_test_top.env.agnt.seqr@@test_seq [TEST_SEQ] Sending transaction (corner_mode=0):
  [SEQ_ITEM] corner_mode=0
    A[0]=[ 122  16 159 171 ]  B[0]=[ 178 169 137  23 ]
    A[1]=[  57 161 106 105 ]  B[1]=[  95  76  66 235 ]
    A[2]=[  97 189  97   2 ]  B[2]=[ 239 129 246  78 ]
    A[3]=[  58 122 160  66 ]  B[3]=[   7 157 195 139 ]
  Expected C:
    C[0]=[   62434   69192   90229   42737 ]
    C[1]=[   51510   52028   64986   62009 ]
    C[2]=[   58418   43584   50015   54490 ]
    C[3]=[   60616   50076   68228   51658 ]
UVM_INFO mm_driver.sv(44) @ 1996000: uvm_test_top.env.agnt.drv [DRIVER_CLASS] Received seq_item — corner_mode=0  Driving DUT...
UVM_INFO mm_monitor.sv(64) @ 2015000: uvm_test_top.env.agnt.mon [MONITOR_CLASS] start=1 detected — new transaction beginning
UVM_INFO mm_driver.sv(123) @ 2066000: uvm_test_top.env.agnt.drv [DRIVER_CLASS] valid_in_upstream=0 — data phase done, waiting for result_valid
UVM_INFO mm_driver.sv(129) @ 2145000: uvm_test_top.env.agnt.drv [DRIVER_CLASS] result_valid=1 — DUT in DONE state, transaction complete
UVM_INFO mm_monitor.sv(101) @ 2155000: uvm_test_top.env.agnt.mon [MONITOR_CLASS] result_valid=1 — capturing DUT result bus
UVM_INFO mm_monitor.sv(110) @ 2155000: uvm_test_top.env.agnt.mon [MONITOR_CLASS] Transaction observed and packaged:
  [SEQ_ITEM] corner_mode=x
    A[0]=[ 122  16 159 171 ]  B[0]=[ 178 169 137  23 ]
    A[1]=[  57 161 106 105 ]  B[1]=[  95  76  66 235 ]
    A[2]=[  97 189  97   2 ]  B[2]=[ 239 129 246  78 ]
    A[3]=[  58 122 160  66 ]  B[3]=[   7 157 195 139 ]
  Expected C:
    C[0]=[   62434   69192   90229   42737 ]
    C[1]=[   51510   52028   64986   62009 ]
    C[2]=[   58418   43584   50015   54490 ]
    C[3]=[   60616   50076   68228   51658 ]
UVM_INFO mm_coverage.sv(204) @ 2155000: uvm_test_top.env.cov [COV_CLASS] Running cov: mode=100.0%  A=100.0%  B=100.0%  result=100.0%
UVM_INFO mm_scoreboard.sv(66) @ 2155000: uvm_test_top.env.scb [SCB_CLASS] Checking transaction (corner_mode=x) — queue depth after pop: 0
UVM_INFO mm_scoreboard.sv(81) @ 2155000: uvm_test_top.env.scb [SCB_CLASS] --- Comparing transaction (corner_mode=x) ---
UVM_ERROR mm_scoreboard.sv(99) @ 2155000: uvm_test_top.env.scb [COMPARE] C[0][1]  MISMATCH   exp=   69192   got=   51510   <<< ERROR
UVM_ERROR mm_scoreboard.sv(99) @ 2155000: uvm_test_top.env.scb [COMPARE] C[0][2]  MISMATCH   exp=   90229   got=   58418   <<< ERROR
UVM_ERROR mm_scoreboard.sv(99) @ 2155000: uvm_test_top.env.scb [COMPARE] C[0][3]  MISMATCH   exp=   42737   got=   60616   <<< ERROR
UVM_ERROR mm_scoreboard.sv(99) @ 2155000: uvm_test_top.env.scb [COMPARE] C[1][0]  MISMATCH   exp=   51510   got=   69192   <<< ERROR
UVM_ERROR mm_scoreboard.sv(99) @ 2155000: uvm_test_top.env.scb [COMPARE] C[1][2]  MISMATCH   exp=   64986   got=   43584   <<< ERROR
UVM_ERROR mm_scoreboard.sv(99) @ 2155000: uvm_test_top.env.scb [COMPARE] C[1][3]  MISMATCH   exp=   62009   got=   50076   <<< ERROR
UVM_ERROR mm_scoreboard.sv(99) @ 2155000: uvm_test_top.env.scb [COMPARE] C[2][0]  MISMATCH   exp=   58418   got=   90229   <<< ERROR
UVM_ERROR mm_scoreboard.sv(99) @ 2155000: uvm_test_top.env.scb [COMPARE] C[2][1]  MISMATCH   exp=   43584   got=   64986   <<< ERROR
UVM_ERROR mm_scoreboard.sv(99) @ 2155000: uvm_test_top.env.scb [COMPARE] C[2][3]  MISMATCH   exp=   54490   got=   68228   <<< ERROR
UVM_ERROR mm_scoreboard.sv(99) @ 2155000: uvm_test_top.env.scb [COMPARE] C[3][0]  MISMATCH   exp=   60616   got=   42737   <<< ERROR
UVM_ERROR mm_scoreboard.sv(99) @ 2155000: uvm_test_top.env.scb [COMPARE] C[3][1]  MISMATCH   exp=   50076   got=   62009   <<< ERROR
UVM_ERROR mm_scoreboard.sv(99) @ 2155000: uvm_test_top.env.scb [COMPARE] C[3][2]  MISMATCH   exp=   68228   got=   54490   <<< ERROR
UVM_ERROR mm_scoreboard.sv(117) @ 2155000: uvm_test_top.env.scb [SCB_CLASS] Transaction FAILED   (corner_mode=x)   [fail_cnt=108]
UVM_INFO mm_sequence.sv(60) @ 2156000: uvm_test_top.env.agnt.seqr@@test_seq [TEST_SEQ] Sending transaction (corner_mode=0):
  [SEQ_ITEM] corner_mode=0
    A[0]=[ 157 130 171 255 ]  B[0]=[  36   9  52 131 ]
    A[1]=[ 221  94 203 160 ]  B[1]=[ 153  67 117 243 ]
    A[2]=[ 194 165 145 227 ]  B[2]=[  15   9  60 197 ]
    A[3]=[  32 169 156  26 ]  B[3]=[  53  52 198 218 ]
  Expected C:
    C[0]=[   41622   24922   84124  141434 ]
    C[1]=[   33863   18434   66350  126664 ]
    C[2]=[   46435   25910   83039  143560 ]
    C[3]=[   30727   14367   35945   81659 ]
UVM_INFO mm_driver.sv(44) @ 2156000: uvm_test_top.env.agnt.drv [DRIVER_CLASS] Received seq_item — corner_mode=0  Driving DUT...
UVM_INFO mm_monitor.sv(64) @ 2175000: uvm_test_top.env.agnt.mon [MONITOR_CLASS] start=1 detected — new transaction beginning
UVM_INFO mm_driver.sv(123) @ 2226000: uvm_test_top.env.agnt.drv [DRIVER_CLASS] valid_in_upstream=0 — data phase done, waiting for result_valid
UVM_INFO mm_driver.sv(129) @ 2305000: uvm_test_top.env.agnt.drv [DRIVER_CLASS] result_valid=1 — DUT in DONE state, transaction complete
UVM_INFO mm_monitor.sv(101) @ 2315000: uvm_test_top.env.agnt.mon [MONITOR_CLASS] result_valid=1 — capturing DUT result bus
UVM_INFO mm_monitor.sv(110) @ 2315000: uvm_test_top.env.agnt.mon [MONITOR_CLASS] Transaction observed and packaged:
  [SEQ_ITEM] corner_mode=x
    A[0]=[ 157 130 171 255 ]  B[0]=[  36   9  52 131 ]
    A[1]=[ 221  94 203 160 ]  B[1]=[ 153  67 117 243 ]
    A[2]=[ 194 165 145 227 ]  B[2]=[  15   9  60 197 ]
    A[3]=[  32 169 156  26 ]  B[3]=[  53  52 198 218 ]
  Expected C:
    C[0]=[   41622   24922   84124  141434 ]
    C[1]=[   33863   18434   66350  126664 ]
    C[2]=[   46435   25910   83039  143560 ]
    C[3]=[   30727   14367   35945   81659 ]
UVM_INFO mm_coverage.sv(204) @ 2315000: uvm_test_top.env.cov [COV_CLASS] Running cov: mode=100.0%  A=100.0%  B=100.0%  result=100.0%
UVM_INFO mm_scoreboard.sv(66) @ 2315000: uvm_test_top.env.scb [SCB_CLASS] Checking transaction (corner_mode=x) — queue depth after pop: 0
UVM_INFO mm_scoreboard.sv(81) @ 2315000: uvm_test_top.env.scb [SCB_CLASS] --- Comparing transaction (corner_mode=x) ---
UVM_ERROR mm_scoreboard.sv(99) @ 2315000: uvm_test_top.env.scb [COMPARE] C[0][1]  MISMATCH   exp=   24922   got=   33863   <<< ERROR
UVM_ERROR mm_scoreboard.sv(99) @ 2315000: uvm_test_top.env.scb [COMPARE] C[0][2]  MISMATCH   exp=   84124   got=   46435   <<< ERROR
UVM_ERROR mm_scoreboard.sv(99) @ 2315000: uvm_test_top.env.scb [COMPARE] C[0][3]  MISMATCH   exp=  141434   got=   30727   <<< ERROR
UVM_ERROR mm_scoreboard.sv(99) @ 2315000: uvm_test_top.env.scb [COMPARE] C[1][0]  MISMATCH   exp=   33863   got=   24922   <<< ERROR
UVM_ERROR mm_scoreboard.sv(99) @ 2315000: uvm_test_top.env.scb [COMPARE] C[1][2]  MISMATCH   exp=   66350   got=   25910   <<< ERROR
UVM_ERROR mm_scoreboard.sv(99) @ 2315000: uvm_test_top.env.scb [COMPARE] C[1][3]  MISMATCH   exp=  126664   got=   14367   <<< ERROR
UVM_ERROR mm_scoreboard.sv(99) @ 2315000: uvm_test_top.env.scb [COMPARE] C[2][0]  MISMATCH   exp=   46435   got=   84124   <<< ERROR
UVM_ERROR mm_scoreboard.sv(99) @ 2315000: uvm_test_top.env.scb [COMPARE] C[2][1]  MISMATCH   exp=   25910   got=   66350   <<< ERROR
UVM_ERROR mm_scoreboard.sv(99) @ 2315000: uvm_test_top.env.scb [COMPARE] C[2][3]  MISMATCH   exp=  143560   got=   35945   <<< ERROR
UVM_ERROR mm_scoreboard.sv(99) @ 2315000: uvm_test_top.env.scb [COMPARE] C[3][0]  MISMATCH   exp=   30727   got=  141434   <<< ERROR
UVM_ERROR mm_scoreboard.sv(99) @ 2315000: uvm_test_top.env.scb [COMPARE] C[3][1]  MISMATCH   exp=   14367   got=  126664   <<< ERROR
UVM_ERROR mm_scoreboard.sv(99) @ 2315000: uvm_test_top.env.scb [COMPARE] C[3][2]  MISMATCH   exp=   35945   got=  143560   <<< ERROR
UVM_ERROR mm_scoreboard.sv(117) @ 2315000: uvm_test_top.env.scb [SCB_CLASS] Transaction FAILED   (corner_mode=x)   [fail_cnt=120]
UVM_INFO mm_sequence.sv(60) @ 2316000: uvm_test_top.env.agnt.seqr@@test_seq [TEST_SEQ] Sending transaction (corner_mode=0):
  [SEQ_ITEM] corner_mode=0
    A[0]=[ 181 212 251 148 ]  B[0]=[ 229  87 167 127 ]
    A[1]=[ 252 133 120 252 ]  B[1]=[ 139  87  85  76 ]
    A[2]=[ 226 109  24 238 ]  B[2]=[ 167 156  64 124 ]
    A[3]=[  25 114 195 138 ]  B[3]=[  39  87 166  84 ]
  Expected C:
    C[0]=[  118606   86223   88879   82655 ]
    C[1]=[  106063   74139  102901   78160 ]
    C[2]=[   80195   53595   88051   59954 ]
    C[3]=[   59518   54519   49253   47611 ]
UVM_INFO mm_driver.sv(44) @ 2316000: uvm_test_top.env.agnt.drv [DRIVER_CLASS] Received seq_item — corner_mode=0  Driving DUT...
UVM_INFO mm_monitor.sv(64) @ 2335000: uvm_test_top.env.agnt.mon [MONITOR_CLASS] start=1 detected — new transaction beginning
UVM_INFO mm_driver.sv(123) @ 2386000: uvm_test_top.env.agnt.drv [DRIVER_CLASS] valid_in_upstream=0 — data phase done, waiting for result_valid
UVM_INFO mm_driver.sv(129) @ 2465000: uvm_test_top.env.agnt.drv [DRIVER_CLASS] result_valid=1 — DUT in DONE state, transaction complete
UVM_INFO mm_monitor.sv(101) @ 2475000: uvm_test_top.env.agnt.mon [MONITOR_CLASS] result_valid=1 — capturing DUT result bus
UVM_INFO mm_monitor.sv(110) @ 2475000: uvm_test_top.env.agnt.mon [MONITOR_CLASS] Transaction observed and packaged:
  [SEQ_ITEM] corner_mode=x
    A[0]=[ 181 212 251 148 ]  B[0]=[ 229  87 167 127 ]
    A[1]=[ 252 133 120 252 ]  B[1]=[ 139  87  85  76 ]
    A[2]=[ 226 109  24 238 ]  B[2]=[ 167 156  64 124 ]
    A[3]=[  25 114 195 138 ]  B[3]=[  39  87 166  84 ]
  Expected C:
    C[0]=[  118606   86223   88879   82655 ]
    C[1]=[  106063   74139  102901   78160 ]
    C[2]=[   80195   53595   88051   59954 ]
    C[3]=[   59518   54519   49253   47611 ]
UVM_INFO mm_coverage.sv(204) @ 2475000: uvm_test_top.env.cov [COV_CLASS] Running cov: mode=100.0%  A=100.0%  B=100.0%  result=100.0%
UVM_INFO mm_scoreboard.sv(66) @ 2475000: uvm_test_top.env.scb [SCB_CLASS] Checking transaction (corner_mode=x) — queue depth after pop: 0
UVM_INFO mm_scoreboard.sv(81) @ 2475000: uvm_test_top.env.scb [SCB_CLASS] --- Comparing transaction (corner_mode=x) ---
UVM_ERROR mm_scoreboard.sv(99) @ 2475000: uvm_test_top.env.scb [COMPARE] C[0][1]  MISMATCH   exp=   86223   got=  106063   <<< ERROR
UVM_ERROR mm_scoreboard.sv(99) @ 2475000: uvm_test_top.env.scb [COMPARE] C[0][2]  MISMATCH   exp=   88879   got=   80195   <<< ERROR
UVM_ERROR mm_scoreboard.sv(99) @ 2475000: uvm_test_top.env.scb [COMPARE] C[0][3]  MISMATCH   exp=   82655   got=   59518   <<< ERROR
UVM_ERROR mm_scoreboard.sv(99) @ 2475000: uvm_test_top.env.scb [COMPARE] C[1][0]  MISMATCH   exp=  106063   got=   86223   <<< ERROR
UVM_ERROR mm_scoreboard.sv(99) @ 2475000: uvm_test_top.env.scb [COMPARE] C[1][2]  MISMATCH   exp=  102901   got=   53595   <<< ERROR
UVM_ERROR mm_scoreboard.sv(99) @ 2475000: uvm_test_top.env.scb [COMPARE] C[1][3]  MISMATCH   exp=   78160   got=   54519   <<< ERROR
UVM_ERROR mm_scoreboard.sv(99) @ 2475000: uvm_test_top.env.scb [COMPARE] C[2][0]  MISMATCH   exp=   80195   got=   88879   <<< ERROR
UVM_ERROR mm_scoreboard.sv(99) @ 2475000: uvm_test_top.env.scb [COMPARE] C[2][1]  MISMATCH   exp=   53595   got=  102901   <<< ERROR
UVM_ERROR mm_scoreboard.sv(99) @ 2475000: uvm_test_top.env.scb [COMPARE] C[2][3]  MISMATCH   exp=   59954   got=   49253   <<< ERROR
UVM_ERROR mm_scoreboard.sv(99) @ 2475000: uvm_test_top.env.scb [COMPARE] C[3][0]  MISMATCH   exp=   59518   got=   82655   <<< ERROR
UVM_ERROR mm_scoreboard.sv(99) @ 2475000: uvm_test_top.env.scb [COMPARE] C[3][1]  MISMATCH   exp=   54519   got=   78160   <<< ERROR
UVM_ERROR mm_scoreboard.sv(99) @ 2475000: uvm_test_top.env.scb [COMPARE] C[3][2]  MISMATCH   exp=   49253   got=   59954   <<< ERROR
UVM_ERROR mm_scoreboard.sv(117) @ 2475000: uvm_test_top.env.scb [SCB_CLASS] Transaction FAILED   (corner_mode=x)   [fail_cnt=132]
UVM_INFO mm_sequence.sv(60) @ 2476000: uvm_test_top.env.agnt.seqr@@test_seq [TEST_SEQ] Sending transaction (corner_mode=0):
  [SEQ_ITEM] corner_mode=0
    A[0]=[  47 100 191   0 ]  B[0]=[ 190  66 134 133 ]
    A[1]=[  79 104  85 173 ]  B[1]=[  83  55  96 219 ]
    A[2]=[   3 245 247 199 ]  B[2]=[   8 141  31 128 ]
    A[3]=[ 203 175  58  10 ]  B[3]=[ 116 112   6  99 ]
  Expected C:
    C[0]=[   18758   35533   21819   52599 ]
    C[1]=[   44390   42295   24243   61290 ]
    C[2]=[   45965   70788   32773  105371 ]
    C[3]=[   54719   32321   45860   73738 ]
UVM_INFO mm_driver.sv(44) @ 2476000: uvm_test_top.env.agnt.drv [DRIVER_CLASS] Received seq_item — corner_mode=0  Driving DUT...
UVM_INFO mm_monitor.sv(64) @ 2495000: uvm_test_top.env.agnt.mon [MONITOR_CLASS] start=1 detected — new transaction beginning
UVM_INFO mm_driver.sv(123) @ 2546000: uvm_test_top.env.agnt.drv [DRIVER_CLASS] valid_in_upstream=0 — data phase done, waiting for result_valid
UVM_INFO mm_driver.sv(129) @ 2625000: uvm_test_top.env.agnt.drv [DRIVER_CLASS] result_valid=1 — DUT in DONE state, transaction complete
UVM_INFO mm_monitor.sv(101) @ 2635000: uvm_test_top.env.agnt.mon [MONITOR_CLASS] result_valid=1 — capturing DUT result bus
UVM_INFO mm_monitor.sv(110) @ 2635000: uvm_test_top.env.agnt.mon [MONITOR_CLASS] Transaction observed and packaged:
  [SEQ_ITEM] corner_mode=x
    A[0]=[  47 100 191   0 ]  B[0]=[ 190  66 134 133 ]
    A[1]=[  79 104  85 173 ]  B[1]=[  83  55  96 219 ]
    A[2]=[   3 245 247 199 ]  B[2]=[   8 141  31 128 ]
    A[3]=[ 203 175  58  10 ]  B[3]=[ 116 112   6  99 ]
  Expected C:
    C[0]=[   18758   35533   21819   52599 ]
    C[1]=[   44390   42295   24243   61290 ]
    C[2]=[   45965   70788   32773  105371 ]
    C[3]=[   54719   32321   45860   73738 ]
UVM_INFO mm_coverage.sv(204) @ 2635000: uvm_test_top.env.cov [COV_CLASS] Running cov: mode=100.0%  A=100.0%  B=100.0%  result=100.0%
UVM_INFO mm_scoreboard.sv(66) @ 2635000: uvm_test_top.env.scb [SCB_CLASS] Checking transaction (corner_mode=x) — queue depth after pop: 0
UVM_INFO mm_scoreboard.sv(81) @ 2635000: uvm_test_top.env.scb [SCB_CLASS] --- Comparing transaction (corner_mode=x) ---
UVM_ERROR mm_scoreboard.sv(99) @ 2635000: uvm_test_top.env.scb [COMPARE] C[0][1]  MISMATCH   exp=   35533   got=   44390   <<< ERROR
UVM_ERROR mm_scoreboard.sv(99) @ 2635000: uvm_test_top.env.scb [COMPARE] C[0][2]  MISMATCH   exp=   21819   got=   45965   <<< ERROR
UVM_ERROR mm_scoreboard.sv(99) @ 2635000: uvm_test_top.env.scb [COMPARE] C[0][3]  MISMATCH   exp=   52599   got=   54719   <<< ERROR
UVM_ERROR mm_scoreboard.sv(99) @ 2635000: uvm_test_top.env.scb [COMPARE] C[1][0]  MISMATCH   exp=   44390   got=   35533   <<< ERROR
UVM_ERROR mm_scoreboard.sv(99) @ 2635000: uvm_test_top.env.scb [COMPARE] C[1][2]  MISMATCH   exp=   24243   got=   70788   <<< ERROR
UVM_ERROR mm_scoreboard.sv(99) @ 2635000: uvm_test_top.env.scb [COMPARE] C[1][3]  MISMATCH   exp=   61290   got=   32321   <<< ERROR
UVM_ERROR mm_scoreboard.sv(99) @ 2635000: uvm_test_top.env.scb [COMPARE] C[2][0]  MISMATCH   exp=   45965   got=   21819   <<< ERROR
UVM_ERROR mm_scoreboard.sv(99) @ 2635000: uvm_test_top.env.scb [COMPARE] C[2][1]  MISMATCH   exp=   70788   got=   24243   <<< ERROR
UVM_ERROR mm_scoreboard.sv(99) @ 2635000: uvm_test_top.env.scb [COMPARE] C[2][3]  MISMATCH   exp=  105371   got=   45860   <<< ERROR
UVM_ERROR mm_scoreboard.sv(99) @ 2635000: uvm_test_top.env.scb [COMPARE] C[3][0]  MISMATCH   exp=   54719   got=   52599   <<< ERROR
UVM_ERROR mm_scoreboard.sv(99) @ 2635000: uvm_test_top.env.scb [COMPARE] C[3][1]  MISMATCH   exp=   32321   got=   61290   <<< ERROR
UVM_ERROR mm_scoreboard.sv(99) @ 2635000: uvm_test_top.env.scb [COMPARE] C[3][2]  MISMATCH   exp=   45860   got=  105371   <<< ERROR
UVM_ERROR mm_scoreboard.sv(117) @ 2635000: uvm_test_top.env.scb [SCB_CLASS] Transaction FAILED   (corner_mode=x)   [fail_cnt=144]
UVM_INFO mm_sequence.sv(60) @ 2636000: uvm_test_top.env.agnt.seqr@@test_seq [TEST_SEQ] Sending transaction (corner_mode=0):
  [SEQ_ITEM] corner_mode=0
    A[0]=[ 175 127 179  96 ]  B[0]=[ 222  68 232 201 ]
    A[1]=[  95 208 179   2 ]  B[1]=[ 166 223 108 128 ]
    A[2]=[  36 104  57  26 ]  B[2]=[ 156 128  14  65 ]
    A[3]=[  37 159  63  53 ]  B[3]=[ 198 111  48 184 ]
  Expected C:
    C[0]=[  106864   73789   61430   80730 ]
    C[1]=[   83938   75978   47106   57722 ]
    C[2]=[   39296   35822   21630   29037 ]
    C[3]=[   54930   51920   29182   41636 ]
UVM_INFO mm_driver.sv(44) @ 2636000: uvm_test_top.env.agnt.drv [DRIVER_CLASS] Received seq_item — corner_mode=0  Driving DUT...
UVM_INFO mm_monitor.sv(64) @ 2655000: uvm_test_top.env.agnt.mon [MONITOR_CLASS] start=1 detected — new transaction beginning
UVM_INFO mm_driver.sv(123) @ 2706000: uvm_test_top.env.agnt.drv [DRIVER_CLASS] valid_in_upstream=0 — data phase done, waiting for result_valid
UVM_INFO mm_driver.sv(129) @ 2785000: uvm_test_top.env.agnt.drv [DRIVER_CLASS] result_valid=1 — DUT in DONE state, transaction complete
UVM_INFO mm_monitor.sv(101) @ 2795000: uvm_test_top.env.agnt.mon [MONITOR_CLASS] result_valid=1 — capturing DUT result bus
UVM_INFO mm_monitor.sv(110) @ 2795000: uvm_test_top.env.agnt.mon [MONITOR_CLASS] Transaction observed and packaged:
  [SEQ_ITEM] corner_mode=x
    A[0]=[ 175 127 179  96 ]  B[0]=[ 222  68 232 201 ]
    A[1]=[  95 208 179   2 ]  B[1]=[ 166 223 108 128 ]
    A[2]=[  36 104  57  26 ]  B[2]=[ 156 128  14  65 ]
    A[3]=[  37 159  63  53 ]  B[3]=[ 198 111  48 184 ]
  Expected C:
    C[0]=[  106864   73789   61430   80730 ]
    C[1]=[   83938   75978   47106   57722 ]
    C[2]=[   39296   35822   21630   29037 ]
    C[3]=[   54930   51920   29182   41636 ]
UVM_INFO mm_coverage.sv(204) @ 2795000: uvm_test_top.env.cov [COV_CLASS] Running cov: mode=100.0%  A=100.0%  B=100.0%  result=100.0%
UVM_INFO mm_scoreboard.sv(66) @ 2795000: uvm_test_top.env.scb [SCB_CLASS] Checking transaction (corner_mode=x) — queue depth after pop: 0
UVM_INFO mm_scoreboard.sv(81) @ 2795000: uvm_test_top.env.scb [SCB_CLASS] --- Comparing transaction (corner_mode=x) ---
UVM_ERROR mm_scoreboard.sv(99) @ 2795000: uvm_test_top.env.scb [COMPARE] C[0][1]  MISMATCH   exp=   73789   got=   83938   <<< ERROR
UVM_ERROR mm_scoreboard.sv(99) @ 2795000: uvm_test_top.env.scb [COMPARE] C[0][2]  MISMATCH   exp=   61430   got=   39296   <<< ERROR
UVM_ERROR mm_scoreboard.sv(99) @ 2795000: uvm_test_top.env.scb [COMPARE] C[0][3]  MISMATCH   exp=   80730   got=   54930   <<< ERROR
UVM_ERROR mm_scoreboard.sv(99) @ 2795000: uvm_test_top.env.scb [COMPARE] C[1][0]  MISMATCH   exp=   83938   got=   73789   <<< ERROR
UVM_ERROR mm_scoreboard.sv(99) @ 2795000: uvm_test_top.env.scb [COMPARE] C[1][2]  MISMATCH   exp=   47106   got=   35822   <<< ERROR
UVM_ERROR mm_scoreboard.sv(99) @ 2795000: uvm_test_top.env.scb [COMPARE] C[1][3]  MISMATCH   exp=   57722   got=   51920   <<< ERROR
UVM_ERROR mm_scoreboard.sv(99) @ 2795000: uvm_test_top.env.scb [COMPARE] C[2][0]  MISMATCH   exp=   39296   got=   61430   <<< ERROR
UVM_ERROR mm_scoreboard.sv(99) @ 2795000: uvm_test_top.env.scb [COMPARE] C[2][1]  MISMATCH   exp=   35822   got=   47106   <<< ERROR
UVM_ERROR mm_scoreboard.sv(99) @ 2795000: uvm_test_top.env.scb [COMPARE] C[2][3]  MISMATCH   exp=   29037   got=   29182   <<< ERROR
UVM_ERROR mm_scoreboard.sv(99) @ 2795000: uvm_test_top.env.scb [COMPARE] C[3][0]  MISMATCH   exp=   54930   got=   80730   <<< ERROR
UVM_ERROR mm_scoreboard.sv(99) @ 2795000: uvm_test_top.env.scb [COMPARE] C[3][1]  MISMATCH   exp=   51920   got=   57722   <<< ERROR
UVM_ERROR mm_scoreboard.sv(99) @ 2795000: uvm_test_top.env.scb [COMPARE] C[3][2]  MISMATCH   exp=   29182   got=   29037   <<< ERROR
UVM_ERROR mm_scoreboard.sv(117) @ 2795000: uvm_test_top.env.scb [SCB_CLASS] Transaction FAILED   (corner_mode=x)   [fail_cnt=156]
UVM_INFO mm_sequence.sv(60) @ 2796000: uvm_test_top.env.agnt.seqr@@test_seq [TEST_SEQ] Sending transaction (corner_mode=3):
  [SEQ_ITEM] corner_mode=3
    A[0]=[ 255 255 255 255 ]  B[0]=[ 255 255 255 255 ]
    A[1]=[ 255 255 255 255 ]  B[1]=[ 255 255 255 255 ]
    A[2]=[ 255 255 255 255 ]  B[2]=[ 255 255 255 255 ]
    A[3]=[ 255 255 255 255 ]  B[3]=[ 255 255 255 255 ]
  Expected C:
    C[0]=[  260100  260100  260100  260100 ]
    C[1]=[  260100  260100  260100  260100 ]
    C[2]=[  260100  260100  260100  260100 ]
    C[3]=[  260100  260100  260100  260100 ]
UVM_INFO mm_driver.sv(44) @ 2796000: uvm_test_top.env.agnt.drv [DRIVER_CLASS] Received seq_item — corner_mode=3  Driving DUT...
UVM_INFO mm_monitor.sv(64) @ 2815000: uvm_test_top.env.agnt.mon [MONITOR_CLASS] start=1 detected — new transaction beginning
UVM_INFO mm_driver.sv(123) @ 2866000: uvm_test_top.env.agnt.drv [DRIVER_CLASS] valid_in_upstream=0 — data phase done, waiting for result_valid
UVM_INFO mm_driver.sv(129) @ 2945000: uvm_test_top.env.agnt.drv [DRIVER_CLASS] result_valid=1 — DUT in DONE state, transaction complete
UVM_INFO mm_monitor.sv(101) @ 2955000: uvm_test_top.env.agnt.mon [MONITOR_CLASS] result_valid=1 — capturing DUT result bus
UVM_INFO mm_monitor.sv(110) @ 2955000: uvm_test_top.env.agnt.mon [MONITOR_CLASS] Transaction observed and packaged:
  [SEQ_ITEM] corner_mode=x
    A[0]=[ 255 255 255 255 ]  B[0]=[ 255 255 255 255 ]
    A[1]=[ 255 255 255 255 ]  B[1]=[ 255 255 255 255 ]
    A[2]=[ 255 255 255 255 ]  B[2]=[ 255 255 255 255 ]
    A[3]=[ 255 255 255 255 ]  B[3]=[ 255 255 255 255 ]
  Expected C:
    C[0]=[  260100  260100  260100  260100 ]
    C[1]=[  260100  260100  260100  260100 ]
    C[2]=[  260100  260100  260100  260100 ]
    C[3]=[  260100  260100  260100  260100 ]
UVM_INFO mm_coverage.sv(204) @ 2955000: uvm_test_top.env.cov [COV_CLASS] Running cov: mode=100.0%  A=100.0%  B=100.0%  result=100.0%
UVM_INFO mm_scoreboard.sv(66) @ 2955000: uvm_test_top.env.scb [SCB_CLASS] Checking transaction (corner_mode=x) — queue depth after pop: 0
UVM_INFO mm_scoreboard.sv(81) @ 2955000: uvm_test_top.env.scb [SCB_CLASS] --- Comparing transaction (corner_mode=x) ---
UVM_INFO mm_scoreboard.sv(111) @ 2955000: uvm_test_top.env.scb [SCB_CLASS] Transaction PASSED   (corner_mode=x)   [pass_cnt=132]
UVM_INFO mm_sequence.sv(60) @ 2956000: uvm_test_top.env.agnt.seqr@@test_seq [TEST_SEQ] Sending transaction (corner_mode=0):
  [SEQ_ITEM] corner_mode=0
    A[0]=[ 231  97 136 161 ]  B[0]=[ 239 231 212 117 ]
    A[1]=[  69 249  37  42 ]  B[1]=[ 228 241  29 233 ]
    A[2]=[  10  66 156  33 ]  B[2]=[  72 171 204  48 ]
    A[3]=[ 178  70  19 160 ]  B[3]=[ 172 171 242  15 ]
  Expected C:
    C[0]=[  114809  127525  118491   58571 ]
    C[1]=[   83151   89457   39561   68496 ]
    C[2]=[   34346   50535   43844   24531 ]
    C[3]=[   87390   88597   82362   40448 ]
UVM_INFO mm_driver.sv(44) @ 2956000: uvm_test_top.env.agnt.drv [DRIVER_CLASS] Received seq_item — corner_mode=0  Driving DUT...
UVM_INFO mm_monitor.sv(64) @ 2975000: uvm_test_top.env.agnt.mon [MONITOR_CLASS] start=1 detected — new transaction beginning
UVM_INFO mm_driver.sv(123) @ 3026000: uvm_test_top.env.agnt.drv [DRIVER_CLASS] valid_in_upstream=0 — data phase done, waiting for result_valid
UVM_INFO mm_driver.sv(129) @ 3105000: uvm_test_top.env.agnt.drv [DRIVER_CLASS] result_valid=1 — DUT in DONE state, transaction complete
UVM_INFO mm_monitor.sv(101) @ 3115000: uvm_test_top.env.agnt.mon [MONITOR_CLASS] result_valid=1 — capturing DUT result bus
UVM_INFO mm_monitor.sv(110) @ 3115000: uvm_test_top.env.agnt.mon [MONITOR_CLASS] Transaction observed and packaged:
  [SEQ_ITEM] corner_mode=x
    A[0]=[ 231  97 136 161 ]  B[0]=[ 239 231 212 117 ]
    A[1]=[  69 249  37  42 ]  B[1]=[ 228 241  29 233 ]
    A[2]=[  10  66 156  33 ]  B[2]=[  72 171 204  48 ]
    A[3]=[ 178  70  19 160 ]  B[3]=[ 172 171 242  15 ]
  Expected C:
    C[0]=[  114809  127525  118491   58571 ]
    C[1]=[   83151   89457   39561   68496 ]
    C[2]=[   34346   50535   43844   24531 ]
    C[3]=[   87390   88597   82362   40448 ]
UVM_INFO mm_coverage.sv(204) @ 3115000: uvm_test_top.env.cov [COV_CLASS] Running cov: mode=100.0%  A=100.0%  B=100.0%  result=100.0%
UVM_INFO mm_scoreboard.sv(66) @ 3115000: uvm_test_top.env.scb [SCB_CLASS] Checking transaction (corner_mode=x) — queue depth after pop: 0
UVM_INFO mm_scoreboard.sv(81) @ 3115000: uvm_test_top.env.scb [SCB_CLASS] --- Comparing transaction (corner_mode=x) ---
UVM_ERROR mm_scoreboard.sv(99) @ 3115000: uvm_test_top.env.scb [COMPARE] C[0][1]  MISMATCH   exp=  127525   got=   83151   <<< ERROR
UVM_ERROR mm_scoreboard.sv(99) @ 3115000: uvm_test_top.env.scb [COMPARE] C[0][2]  MISMATCH   exp=  118491   got=   34346   <<< ERROR
UVM_ERROR mm_scoreboard.sv(99) @ 3115000: uvm_test_top.env.scb [COMPARE] C[0][3]  MISMATCH   exp=   58571   got=   87390   <<< ERROR
UVM_ERROR mm_scoreboard.sv(99) @ 3115000: uvm_test_top.env.scb [COMPARE] C[1][0]  MISMATCH   exp=   83151   got=  127525   <<< ERROR
UVM_ERROR mm_scoreboard.sv(99) @ 3115000: uvm_test_top.env.scb [COMPARE] C[1][2]  MISMATCH   exp=   39561   got=   50535   <<< ERROR
UVM_ERROR mm_scoreboard.sv(99) @ 3115000: uvm_test_top.env.scb [COMPARE] C[1][3]  MISMATCH   exp=   68496   got=   88597   <<< ERROR
UVM_ERROR mm_scoreboard.sv(99) @ 3115000: uvm_test_top.env.scb [COMPARE] C[2][0]  MISMATCH   exp=   34346   got=  118491   <<< ERROR
UVM_ERROR mm_scoreboard.sv(99) @ 3115000: uvm_test_top.env.scb [COMPARE] C[2][1]  MISMATCH   exp=   50535   got=   39561   <<< ERROR
UVM_ERROR mm_scoreboard.sv(99) @ 3115000: uvm_test_top.env.scb [COMPARE] C[2][3]  MISMATCH   exp=   24531   got=   82362   <<< ERROR
UVM_ERROR mm_scoreboard.sv(99) @ 3115000: uvm_test_top.env.scb [COMPARE] C[3][0]  MISMATCH   exp=   87390   got=   58571   <<< ERROR
UVM_ERROR mm_scoreboard.sv(99) @ 3115000: uvm_test_top.env.scb [COMPARE] C[3][1]  MISMATCH   exp=   88597   got=   68496   <<< ERROR
UVM_ERROR mm_scoreboard.sv(99) @ 3115000: uvm_test_top.env.scb [COMPARE] C[3][2]  MISMATCH   exp=   82362   got=   24531   <<< ERROR
UVM_ERROR mm_scoreboard.sv(117) @ 3115000: uvm_test_top.env.scb [SCB_CLASS] Transaction FAILED   (corner_mode=x)   [fail_cnt=168]
UVM_INFO mm_sequence.sv(60) @ 3116000: uvm_test_top.env.agnt.seqr@@test_seq [TEST_SEQ] Sending transaction (corner_mode=0):
  [SEQ_ITEM] corner_mode=0
    A[0]=[ 239 139 197 115 ]  B[0]=[  84  46  65 246 ]
    A[1]=[  94  49 168 173 ]  B[1]=[  99 105 216 188 ]
    A[2]=[  21  36 182 215 ]  B[2]=[  74 110  19  81 ]
    A[3]=[   7 250  54  22 ]  B[3]=[ 255  52 147  89 ]
  Expected C:
    C[0]=[   77740   53239   66207  111118 ]
    C[1]=[   69294   36945   45317   61341 ]
    C[2]=[   73621   35946   44204   45811 ]
    C[3]=[   34944   33656   58715   55054 ]
UVM_INFO mm_driver.sv(44) @ 3116000: uvm_test_top.env.agnt.drv [DRIVER_CLASS] Received seq_item — corner_mode=0  Driving DUT...
UVM_INFO mm_monitor.sv(64) @ 3135000: uvm_test_top.env.agnt.mon [MONITOR_CLASS] start=1 detected — new transaction beginning
UVM_INFO mm_driver.sv(123) @ 3186000: uvm_test_top.env.agnt.drv [DRIVER_CLASS] valid_in_upstream=0 — data phase done, waiting for result_valid
UVM_INFO mm_driver.sv(129) @ 3265000: uvm_test_top.env.agnt.drv [DRIVER_CLASS] result_valid=1 — DUT in DONE state, transaction complete
UVM_INFO mm_monitor.sv(101) @ 3275000: uvm_test_top.env.agnt.mon [MONITOR_CLASS] result_valid=1 — capturing DUT result bus
UVM_INFO mm_monitor.sv(110) @ 3275000: uvm_test_top.env.agnt.mon [MONITOR_CLASS] Transaction observed and packaged:
  [SEQ_ITEM] corner_mode=x
    A[0]=[ 239 139 197 115 ]  B[0]=[  84  46  65 246 ]
    A[1]=[  94  49 168 173 ]  B[1]=[  99 105 216 188 ]
    A[2]=[  21  36 182 215 ]  B[2]=[  74 110  19  81 ]
    A[3]=[   7 250  54  22 ]  B[3]=[ 255  52 147  89 ]
  Expected C:
    C[0]=[   77740   53239   66207  111118 ]
    C[1]=[   69294   36945   45317   61341 ]
    C[2]=[   73621   35946   44204   45811 ]
    C[3]=[   34944   33656   58715   55054 ]
UVM_INFO mm_coverage.sv(204) @ 3275000: uvm_test_top.env.cov [COV_CLASS] Running cov: mode=100.0%  A=100.0%  B=100.0%  result=100.0%
UVM_INFO mm_scoreboard.sv(66) @ 3275000: uvm_test_top.env.scb [SCB_CLASS] Checking transaction (corner_mode=x) — queue depth after pop: 0
UVM_INFO mm_scoreboard.sv(81) @ 3275000: uvm_test_top.env.scb [SCB_CLASS] --- Comparing transaction (corner_mode=x) ---
UVM_ERROR mm_scoreboard.sv(99) @ 3275000: uvm_test_top.env.scb [COMPARE] C[0][1]  MISMATCH   exp=   53239   got=   69294   <<< ERROR
UVM_ERROR mm_scoreboard.sv(99) @ 3275000: uvm_test_top.env.scb [COMPARE] C[0][2]  MISMATCH   exp=   66207   got=   73621   <<< ERROR
UVM_ERROR mm_scoreboard.sv(99) @ 3275000: uvm_test_top.env.scb [COMPARE] C[0][3]  MISMATCH   exp=  111118   got=   34944   <<< ERROR
UVM_ERROR mm_scoreboard.sv(99) @ 3275000: uvm_test_top.env.scb [COMPARE] C[1][0]  MISMATCH   exp=   69294   got=   53239   <<< ERROR
UVM_ERROR mm_scoreboard.sv(99) @ 3275000: uvm_test_top.env.scb [COMPARE] C[1][2]  MISMATCH   exp=   45317   got=   35946   <<< ERROR
UVM_ERROR mm_scoreboard.sv(99) @ 3275000: uvm_test_top.env.scb [COMPARE] C[1][3]  MISMATCH   exp=   61341   got=   33656   <<< ERROR
UVM_ERROR mm_scoreboard.sv(99) @ 3275000: uvm_test_top.env.scb [COMPARE] C[2][0]  MISMATCH   exp=   73621   got=   66207   <<< ERROR
UVM_ERROR mm_scoreboard.sv(99) @ 3275000: uvm_test_top.env.scb [COMPARE] C[2][1]  MISMATCH   exp=   35946   got=   45317   <<< ERROR
UVM_ERROR mm_scoreboard.sv(99) @ 3275000: uvm_test_top.env.scb [COMPARE] C[2][3]  MISMATCH   exp=   45811   got=   58715   <<< ERROR
UVM_ERROR mm_scoreboard.sv(99) @ 3275000: uvm_test_top.env.scb [COMPARE] C[3][0]  MISMATCH   exp=   34944   got=  111118   <<< ERROR
UVM_ERROR mm_scoreboard.sv(99) @ 3275000: uvm_test_top.env.scb [COMPARE] C[3][1]  MISMATCH   exp=   33656   got=   61341   <<< ERROR
UVM_ERROR mm_scoreboard.sv(99) @ 3275000: uvm_test_top.env.scb [COMPARE] C[3][2]  MISMATCH   exp=   58715   got=   45811   <<< ERROR
UVM_ERROR mm_scoreboard.sv(117) @ 3275000: uvm_test_top.env.scb [SCB_CLASS] Transaction FAILED   (corner_mode=x)   [fail_cnt=180]
UVM_INFO mm_sequence.sv(60) @ 3276000: uvm_test_top.env.agnt.seqr@@test_seq [TEST_SEQ] Sending transaction (corner_mode=0):
  [SEQ_ITEM] corner_mode=0
    A[0]=[ 101  18 170 137 ]  B[0]=[ 101  50  10 160 ]
    A[1]=[ 111  56   3 204 ]  B[1]=[ 207 159 205 193 ]
    A[2]=[  82  43 222 232 ]  B[2]=[ 226 244 102   5 ]
    A[3]=[ 204 198  27 128 ]  B[3]=[ 215  54 227  46 ]
  Expected C:
    C[0]=[   81802   56790   53139   26786 ]
    C[1]=[   67341   26202   59204   37967 ]
    C[2]=[  117235   77633   84943   33201 ]
    C[3]=[   95212   55182   74440   76877 ]
UVM_INFO mm_driver.sv(44) @ 3276000: uvm_test_top.env.agnt.drv [DRIVER_CLASS] Received seq_item — corner_mode=0  Driving DUT...
UVM_INFO mm_monitor.sv(64) @ 3295000: uvm_test_top.env.agnt.mon [MONITOR_CLASS] start=1 detected — new transaction beginning
UVM_INFO mm_driver.sv(123) @ 3346000: uvm_test_top.env.agnt.drv [DRIVER_CLASS] valid_in_upstream=0 — data phase done, waiting for result_valid
UVM_INFO mm_driver.sv(129) @ 3425000: uvm_test_top.env.agnt.drv [DRIVER_CLASS] result_valid=1 — DUT in DONE state, transaction complete
UVM_INFO mm_monitor.sv(101) @ 3435000: uvm_test_top.env.agnt.mon [MONITOR_CLASS] result_valid=1 — capturing DUT result bus
UVM_INFO mm_monitor.sv(110) @ 3435000: uvm_test_top.env.agnt.mon [MONITOR_CLASS] Transaction observed and packaged:
  [SEQ_ITEM] corner_mode=x
    A[0]=[ 101  18 170 137 ]  B[0]=[ 101  50  10 160 ]
    A[1]=[ 111  56   3 204 ]  B[1]=[ 207 159 205 193 ]
    A[2]=[  82  43 222 232 ]  B[2]=[ 226 244 102   5 ]
    A[3]=[ 204 198  27 128 ]  B[3]=[ 215  54 227  46 ]
  Expected C:
    C[0]=[   81802   56790   53139   26786 ]
    C[1]=[   67341   26202   59204   37967 ]
    C[2]=[  117235   77633   84943   33201 ]
    C[3]=[   95212   55182   74440   76877 ]
UVM_INFO mm_coverage.sv(204) @ 3435000: uvm_test_top.env.cov [COV_CLASS] Running cov: mode=100.0%  A=100.0%  B=100.0%  result=100.0%
UVM_INFO mm_scoreboard.sv(66) @ 3435000: uvm_test_top.env.scb [SCB_CLASS] Checking transaction (corner_mode=x) — queue depth after pop: 0
UVM_INFO mm_scoreboard.sv(81) @ 3435000: uvm_test_top.env.scb [SCB_CLASS] --- Comparing transaction (corner_mode=x) ---
UVM_ERROR mm_scoreboard.sv(99) @ 3435000: uvm_test_top.env.scb [COMPARE] C[0][1]  MISMATCH   exp=   56790   got=   67341   <<< ERROR
UVM_ERROR mm_scoreboard.sv(99) @ 3435000: uvm_test_top.env.scb [COMPARE] C[0][2]  MISMATCH   exp=   53139   got=  117235   <<< ERROR
UVM_ERROR mm_scoreboard.sv(99) @ 3435000: uvm_test_top.env.scb [COMPARE] C[0][3]  MISMATCH   exp=   26786   got=   95212   <<< ERROR
UVM_ERROR mm_scoreboard.sv(99) @ 3435000: uvm_test_top.env.scb [COMPARE] C[1][0]  MISMATCH   exp=   67341   got=   56790   <<< ERROR
UVM_ERROR mm_scoreboard.sv(99) @ 3435000: uvm_test_top.env.scb [COMPARE] C[1][2]  MISMATCH   exp=   59204   got=   77633   <<< ERROR
UVM_ERROR mm_scoreboard.sv(99) @ 3435000: uvm_test_top.env.scb [COMPARE] C[1][3]  MISMATCH   exp=   37967   got=   55182   <<< ERROR
UVM_ERROR mm_scoreboard.sv(99) @ 3435000: uvm_test_top.env.scb [COMPARE] C[2][0]  MISMATCH   exp=  117235   got=   53139   <<< ERROR
UVM_ERROR mm_scoreboard.sv(99) @ 3435000: uvm_test_top.env.scb [COMPARE] C[2][1]  MISMATCH   exp=   77633   got=   59204   <<< ERROR
UVM_ERROR mm_scoreboard.sv(99) @ 3435000: uvm_test_top.env.scb [COMPARE] C[2][3]  MISMATCH   exp=   33201   got=   74440   <<< ERROR
UVM_ERROR mm_scoreboard.sv(99) @ 3435000: uvm_test_top.env.scb [COMPARE] C[3][0]  MISMATCH   exp=   95212   got=   26786   <<< ERROR
UVM_ERROR mm_scoreboard.sv(99) @ 3435000: uvm_test_top.env.scb [COMPARE] C[3][1]  MISMATCH   exp=   55182   got=   37967   <<< ERROR
UVM_ERROR mm_scoreboard.sv(99) @ 3435000: uvm_test_top.env.scb [COMPARE] C[3][2]  MISMATCH   exp=   74440   got=   33201   <<< ERROR
UVM_ERROR mm_scoreboard.sv(117) @ 3435000: uvm_test_top.env.scb [SCB_CLASS] Transaction FAILED   (corner_mode=x)   [fail_cnt=192]
UVM_INFO mm_test.sv(194) @ 3436000: uvm_test_top [TEST_CLASS] --- Phase B complete: all random sequences done ---
UVM_INFO mm_test.sv(198) @ 3436000: uvm_test_top [TEST_CLASS] 
================================================
UVM_INFO mm_test.sv(201) @ 3436000: uvm_test_top [TEST_CLASS]   MM ACCELERATOR UVM TEST COMPLETE
UVM_INFO mm_test.sv(204) @ 3436000: uvm_test_top [TEST_CLASS]   Dropping objection — UVM will proceed to report_phase
UVM_INFO mm_test.sv(207) @ 3436000: uvm_test_top [TEST_CLASS] ================================================

UVM_INFO /pkgs/synopsys/2024/vcs/vcs/V-2023.12-SP2/etc/uvm-1.1/base/uvm_objection.svh(1274) @ 3436000: reporter [TEST_DONE] 'run' phase is ready to proceed to the 'extract' phase
UVM_INFO mm_coverage.sv(229) @ 3436000: uvm_test_top.env.cov [COV_CLASS] 
============================================================
UVM_INFO mm_coverage.sv(232) @ 3436000: uvm_test_top.env.cov [COV_CLASS]   FUNCTIONAL COVERAGE REPORT
UVM_INFO mm_coverage.sv(233) @ 3436000: uvm_test_top.env.cov [COV_CLASS] ------------------------------------------------------------
UVM_INFO mm_coverage.sv(236) @ 3436000: uvm_test_top.env.cov [COV_CLASS]   cg_corner_mode  : 100.00%  [4 bins : random/zero_a/identity_a/all_max]
UVM_INFO mm_coverage.sv(240) @ 3436000: uvm_test_top.env.cov [COV_CLASS]   cg_a_vals       : 100.00%  [6 bins : zero/low/mid_lo/mid_hi/high/max]
UVM_INFO mm_coverage.sv(244) @ 3436000: uvm_test_top.env.cov [COV_CLASS]   cg_b_vals       : 100.00%  [6 bins : zero/low/mid_lo/mid_hi/high/max]
UVM_INFO mm_coverage.sv(248) @ 3436000: uvm_test_top.env.cov [COV_CLASS]   cg_result_vals  : 100.00%  [4 bins : zero/lo_range/mid_range/hi_range]
UVM_INFO mm_coverage.sv(252) @ 3436000: uvm_test_top.env.cov [COV_CLASS]   cg_fsm_signals  : 100.00%  [ready/rv/start bins + ready×rv cross]
UVM_INFO mm_coverage.sv(256) @ 3436000: uvm_test_top.env.cov [COV_CLASS] ------------------------------------------------------------
UVM_INFO mm_coverage.sv(263) @ 3436000: uvm_test_top.env.cov [COV_CLASS]   *** FUNCTIONAL COVERAGE : 100%  — ALL BINS HIT ***
UVM_INFO mm_coverage.sv(271) @ 3436000: uvm_test_top.env.cov [COV_CLASS]   Code coverage (line/branch/cond/fsm/tgl) collected by VCS -cm flags.
UVM_INFO mm_coverage.sv(274) @ 3436000: uvm_test_top.env.cov [COV_CLASS]   View code + functional report with:  make cov
UVM_INFO mm_coverage.sv(277) @ 3436000: uvm_test_top.env.cov [COV_CLASS] ============================================================

UVM_INFO mm_scoreboard.sv(127) @ 3436000: uvm_test_top.env.scb [SCB_CLASS] 
======================================================
UVM_INFO mm_scoreboard.sv(130) @ 3436000: uvm_test_top.env.scb [SCB_CLASS]   SCOREBOARD FINAL REPORT
UVM_INFO mm_scoreboard.sv(131) @ 3436000: uvm_test_top.env.scb [SCB_CLASS]   Transactions : PASS=5   FAIL=16
UVM_INFO mm_scoreboard.sv(135) @ 3436000: uvm_test_top.env.scb [SCB_CLASS]   Elements     : PASS=144   FAIL=192
UVM_ERROR mm_scoreboard.sv(150) @ 3436000: uvm_test_top.env.scb [SCB_CLASS]   OVERALL: *** 192 ELEMENT FAILURE(S) DETECTED ***
UVM_INFO mm_scoreboard.sv(155) @ 3436000: uvm_test_top.env.scb [SCB_CLASS] ======================================================


--- UVM Report Summary ---

** Report counts by severity
UVM_INFO :  257
UVM_WARNING :    0
UVM_ERROR :  209
UVM_FATAL :    0
** Report counts by id
[COMPARE]   192
[COV_CLASS]    34
[DRIVER_CLASS]    65
[IDENTITY_SEQ]     1
[MAX_SEQ]     1
[MIDRANGE_SEQ]     1
[MONITOR_CLASS]    63
[PROJECT_INFO]     1
[RNTST]     1
[SCB_CLASS]    69
[TEST_CLASS]    18
[TEST_DONE]     1
[TEST_SEQ]    16
[UVMTOP]     1
[ZERO_B_SEQ]     1
[ZERO_SEQ]     1
$finish called from file "/pkgs/synopsys/2024/vcs/vcs/V-2023.12-SP2/etc/uvm-1.1/base/uvm_root.svh", line 437.
$finish at simulation time              3436000

---------------------------------------------------------------------------
VCS Coverage Metrics: during simulation line, cond, FSM, branch, tgl was monitored
---------------------------------------------------------------------------

 Coverage status: End of All Coverages ...

           V C S   S i m u l a t i o n   R e p o r t 
Time: 3436000 ps
CPU Time:      0.590 seconds;       Data structure size:   0.6Mb
Mon Jun  1 14:10:50 2026
