UVM_ERROR mm_scoreboard.sv(99) @ 395000: uvm_test_top.env.scb [COMPARE] C[0][1]  MISMATCH   exp=     120   got=     111   <<< ERROR
UVM_ERROR mm_scoreboard.sv(99) @ 395000: uvm_test_top.env.scb [COMPARE] C[0][2]  MISMATCH   exp=     237   got=       7   <<< ERROR
UVM_ERROR mm_scoreboard.sv(99) @ 395000: uvm_test_top.env.scb [COMPARE] C[0][3]  MISMATCH   exp=       1   got=      61   <<< ERROR
UVM_ERROR mm_scoreboard.sv(99) @ 395000: uvm_test_top.env.scb [COMPARE] C[1][0]  MISMATCH   exp=     111   got=     120   <<< ERROR
UVM_ERROR mm_scoreboard.sv(99) @ 395000: uvm_test_top.env.scb [COMPARE] C[1][2]  MISMATCH   exp=      94   got=     157   <<< ERROR
UVM_ERROR mm_scoreboard.sv(99) @ 395000: uvm_test_top.env.scb [COMPARE] C[1][3]  MISMATCH   exp=      34   got=     221   <<< ERROR
UVM_ERROR mm_scoreboard.sv(99) @ 395000: uvm_test_top.env.scb [COMPARE] C[2][0]  MISMATCH   exp=       7   got=     237   <<< ERROR
UVM_ERROR mm_scoreboard.sv(99) @ 395000: uvm_test_top.env.scb [COMPARE] C[2][1]  MISMATCH   exp=     157   got=      94   <<< ERROR
UVM_ERROR mm_scoreboard.sv(99) @ 395000: uvm_test_top.env.scb [COMPARE] C[2][3]  MISMATCH   exp=     181   got=     194   <<< ERROR
UVM_ERROR mm_scoreboard.sv(99) @ 395000: uvm_test_top.env.scb [COMPARE] C[3][0]  MISMATCH   exp=      61   got=       1   <<< ERROR
UVM_ERROR mm_scoreboard.sv(99) @ 395000: uvm_test_top.env.scb [COMPARE] C[3][1]  MISMATCH   exp=     221   got=      34   <<< ERROR
UVM_ERROR mm_scoreboard.sv(99) @ 395000: uvm_test_top.env.scb [COMPARE] C[3][2]  MISMATCH   exp=     194   got=     181   <<< ERROR
UVM_ERROR mm_scoreboard.sv(117) @ 395000: uvm_test_top.env.scb [SCB_CLASS] Transaction FAILED   (corner_mode=x)   [fail_cnt=12]
UVM_ERROR mm_scoreboard.sv(99) @ 1035000: uvm_test_top.env.scb [COMPARE] C[0][1]  MISMATCH   exp=  101305   got=   37276   <<< ERROR
UVM_ERROR mm_scoreboard.sv(99) @ 1035000: uvm_test_top.env.scb [COMPARE] C[0][2]  MISMATCH   exp=  125404   got=   41631   <<< ERROR
UVM_ERROR mm_scoreboard.sv(99) @ 1035000: uvm_test_top.env.scb [COMPARE] C[0][3]  MISMATCH   exp=   75829   got=   45731   <<< ERROR
UVM_ERROR mm_scoreboard.sv(99) @ 1035000: uvm_test_top.env.scb [COMPARE] C[1][0]  MISMATCH   exp=   37276   got=  101305   <<< ERROR
UVM_ERROR mm_scoreboard.sv(99) @ 1035000: uvm_test_top.env.scb [COMPARE] C[1][2]  MISMATCH   exp=  107720   got=   85278   <<< ERROR
UVM_ERROR mm_scoreboard.sv(99) @ 1035000: uvm_test_top.env.scb [COMPARE] C[1][3]  MISMATCH   exp=   59906   got=   69442   <<< ERROR
UVM_ERROR mm_scoreboard.sv(99) @ 1035000: uvm_test_top.env.scb [COMPARE] C[2][0]  MISMATCH   exp=   41631   got=  125404   <<< ERROR
UVM_ERROR mm_scoreboard.sv(99) @ 1035000: uvm_test_top.env.scb [COMPARE] C[2][1]  MISMATCH   exp=   85278   got=  107720   <<< ERROR
UVM_ERROR mm_scoreboard.sv(99) @ 1035000: uvm_test_top.env.scb [COMPARE] C[2][3]  MISMATCH   exp=   65399   got=  102040   <<< ERROR
UVM_ERROR mm_scoreboard.sv(99) @ 1035000: uvm_test_top.env.scb [COMPARE] C[3][0]  MISMATCH   exp=   45731   got=   75829   <<< ERROR
UVM_ERROR mm_scoreboard.sv(99) @ 1035000: uvm_test_top.env.scb [COMPARE] C[3][1]  MISMATCH   exp=   69442   got=   59906   <<< ERROR
UVM_ERROR mm_scoreboard.sv(99) @ 1035000: uvm_test_top.env.scb [COMPARE] C[3][2]  MISMATCH   exp=  102040   got=   65399   <<< ERROR
UVM_ERROR mm_scoreboard.sv(117) @ 1035000: uvm_test_top.env.scb [SCB_CLASS] Transaction FAILED   (corner_mode=x)   [fail_cnt=24]
UVM_ERROR mm_scoreboard.sv(99) @ 1195000: uvm_test_top.env.scb [COMPARE] C[0][1]  MISMATCH   exp=   54137   got=   40006   <<< ERROR
UVM_ERROR mm_scoreboard.sv(99) @ 1195000: uvm_test_top.env.scb [COMPARE] C[0][2]  MISMATCH   exp=   38541   got=   45266   <<< ERROR
UVM_ERROR mm_scoreboard.sv(99) @ 1195000: uvm_test_top.env.scb [COMPARE] C[0][3]  MISMATCH   exp=   65142   got=   48622   <<< ERROR
UVM_ERROR mm_scoreboard.sv(99) @ 1195000: uvm_test_top.env.scb [COMPARE] C[1][0]  MISMATCH   exp=   40006   got=   54137   <<< ERROR
UVM_ERROR mm_scoreboard.sv(99) @ 1195000: uvm_test_top.env.scb [COMPARE] C[1][2]  MISMATCH   exp=   42074   got=   69642   <<< ERROR
UVM_ERROR mm_scoreboard.sv(99) @ 1195000: uvm_test_top.env.scb [COMPARE] C[1][3]  MISMATCH   exp=   29127   got=   74566   <<< ERROR
UVM_ERROR mm_scoreboard.sv(99) @ 1195000: uvm_test_top.env.scb [COMPARE] C[2][0]  MISMATCH   exp=   45266   got=   38541   <<< ERROR
UVM_ERROR mm_scoreboard.sv(99) @ 1195000: uvm_test_top.env.scb [COMPARE] C[2][1]  MISMATCH   exp=   69642   got=   42074   <<< ERROR
UVM_ERROR mm_scoreboard.sv(99) @ 1195000: uvm_test_top.env.scb [COMPARE] C[2][3]  MISMATCH   exp=   56631   got=   28420   <<< ERROR
UVM_ERROR mm_scoreboard.sv(99) @ 1195000: uvm_test_top.env.scb [COMPARE] C[3][0]  MISMATCH   exp=   48622   got=   65142   <<< ERROR
UVM_ERROR mm_scoreboard.sv(99) @ 1195000: uvm_test_top.env.scb [COMPARE] C[3][1]  MISMATCH   exp=   74566   got=   29127   <<< ERROR
UVM_ERROR mm_scoreboard.sv(99) @ 1195000: uvm_test_top.env.scb [COMPARE] C[3][2]  MISMATCH   exp=   28420   got=   56631   <<< ERROR
UVM_ERROR mm_scoreboard.sv(117) @ 1195000: uvm_test_top.env.scb [SCB_CLASS] Transaction FAILED   (corner_mode=x)   [fail_cnt=36]
UVM_ERROR mm_scoreboard.sv(99) @ 1355000: uvm_test_top.env.scb [COMPARE] C[0][1]  MISMATCH   exp=   45036   got=  101261   <<< ERROR
UVM_ERROR mm_scoreboard.sv(99) @ 1355000: uvm_test_top.env.scb [COMPARE] C[0][2]  MISMATCH   exp=  113877   got=   44789   <<< ERROR
UVM_ERROR mm_scoreboard.sv(99) @ 1355000: uvm_test_top.env.scb [COMPARE] C[0][3]  MISMATCH   exp=   72267   got=  116138   <<< ERROR
UVM_ERROR mm_scoreboard.sv(99) @ 1355000: uvm_test_top.env.scb [COMPARE] C[1][0]  MISMATCH   exp=  101261   got=   45036   <<< ERROR
UVM_ERROR mm_scoreboard.sv(99) @ 1355000: uvm_test_top.env.scb [COMPARE] C[1][2]  MISMATCH   exp=  110155   got=   15077   <<< ERROR
UVM_ERROR mm_scoreboard.sv(99) @ 1355000: uvm_test_top.env.scb [COMPARE] C[1][3]  MISMATCH   exp=   76814   got=   41731   <<< ERROR
UVM_ERROR mm_scoreboard.sv(99) @ 1355000: uvm_test_top.env.scb [COMPARE] C[2][0]  MISMATCH   exp=   44789   got=  113877   <<< ERROR
UVM_ERROR mm_scoreboard.sv(99) @ 1355000: uvm_test_top.env.scb [COMPARE] C[2][1]  MISMATCH   exp=   15077   got=  110155   <<< ERROR
UVM_ERROR mm_scoreboard.sv(99) @ 1355000: uvm_test_top.env.scb [COMPARE] C[2][3]  MISMATCH   exp=   24463   got=  113677   <<< ERROR
UVM_ERROR mm_scoreboard.sv(99) @ 1355000: uvm_test_top.env.scb [COMPARE] C[3][0]  MISMATCH   exp=  116138   got=   72267   <<< ERROR
UVM_ERROR mm_scoreboard.sv(99) @ 1355000: uvm_test_top.env.scb [COMPARE] C[3][1]  MISMATCH   exp=   41731   got=   76814   <<< ERROR
UVM_ERROR mm_scoreboard.sv(99) @ 1355000: uvm_test_top.env.scb [COMPARE] C[3][2]  MISMATCH   exp=  113677   got=   24463   <<< ERROR
UVM_ERROR mm_scoreboard.sv(117) @ 1355000: uvm_test_top.env.scb [SCB_CLASS] Transaction FAILED   (corner_mode=x)   [fail_cnt=48]
UVM_ERROR mm_scoreboard.sv(99) @ 1515000: uvm_test_top.env.scb [COMPARE] C[0][1]  MISMATCH   exp=   81883   got=  136961   <<< ERROR
UVM_ERROR mm_scoreboard.sv(99) @ 1515000: uvm_test_top.env.scb [COMPARE] C[0][2]  MISMATCH   exp=   44182   got=   83374   <<< ERROR
UVM_ERROR mm_scoreboard.sv(99) @ 1515000: uvm_test_top.env.scb [COMPARE] C[0][3]  MISMATCH   exp=   40136   got=  109027   <<< ERROR
UVM_ERROR mm_scoreboard.sv(99) @ 1515000: uvm_test_top.env.scb [COMPARE] C[1][0]  MISMATCH   exp=  136961   got=   81883   <<< ERROR
UVM_ERROR mm_scoreboard.sv(99) @ 1515000: uvm_test_top.env.scb [COMPARE] C[1][2]  MISMATCH   exp=  106747   got=  111001   <<< ERROR
UVM_ERROR mm_scoreboard.sv(99) @ 1515000: uvm_test_top.env.scb [COMPARE] C[1][3]  MISMATCH   exp=  121121   got=  137230   <<< ERROR
UVM_ERROR mm_scoreboard.sv(99) @ 1515000: uvm_test_top.env.scb [COMPARE] C[2][0]  MISMATCH   exp=   83374   got=   44182   <<< ERROR
UVM_ERROR mm_scoreboard.sv(99) @ 1515000: uvm_test_top.env.scb [COMPARE] C[2][1]  MISMATCH   exp=  111001   got=  106747   <<< ERROR
UVM_ERROR mm_scoreboard.sv(99) @ 1515000: uvm_test_top.env.scb [COMPARE] C[2][3]  MISMATCH   exp=   86236   got=   59446   <<< ERROR
UVM_ERROR mm_scoreboard.sv(99) @ 1515000: uvm_test_top.env.scb [COMPARE] C[3][0]  MISMATCH   exp=  109027   got=   40136   <<< ERROR
UVM_ERROR mm_scoreboard.sv(99) @ 1515000: uvm_test_top.env.scb [COMPARE] C[3][1]  MISMATCH   exp=  137230   got=  121121   <<< ERROR
UVM_ERROR mm_scoreboard.sv(99) @ 1515000: uvm_test_top.env.scb [COMPARE] C[3][2]  MISMATCH   exp=   59446   got=   86236   <<< ERROR
UVM_ERROR mm_scoreboard.sv(117) @ 1515000: uvm_test_top.env.scb [SCB_CLASS] Transaction FAILED   (corner_mode=x)   [fail_cnt=60]
UVM_ERROR mm_scoreboard.sv(99) @ 1675000: uvm_test_top.env.scb [COMPARE] C[0][1]  MISMATCH   exp=      91   got=      37   <<< ERROR
UVM_ERROR mm_scoreboard.sv(99) @ 1675000: uvm_test_top.env.scb [COMPARE] C[0][2]  MISMATCH   exp=     159   got=       3   <<< ERROR
UVM_ERROR mm_scoreboard.sv(99) @ 1675000: uvm_test_top.env.scb [COMPARE] C[0][3]  MISMATCH   exp=      15   got=      47   <<< ERROR
UVM_ERROR mm_scoreboard.sv(99) @ 1675000: uvm_test_top.env.scb [COMPARE] C[1][0]  MISMATCH   exp=      37   got=      91   <<< ERROR
UVM_ERROR mm_scoreboard.sv(99) @ 1675000: uvm_test_top.env.scb [COMPARE] C[1][2]  MISMATCH   exp=     194   got=      48   <<< ERROR
UVM_ERROR mm_scoreboard.sv(99) @ 1675000: uvm_test_top.env.scb [COMPARE] C[1][3]  MISMATCH   exp=     126   got=     139   <<< ERROR
UVM_ERROR mm_scoreboard.sv(99) @ 1675000: uvm_test_top.env.scb [COMPARE] C[2][0]  MISMATCH   exp=       3   got=     159   <<< ERROR
UVM_ERROR mm_scoreboard.sv(99) @ 1675000: uvm_test_top.env.scb [COMPARE] C[2][1]  MISMATCH   exp=      48   got=     194   <<< ERROR
UVM_ERROR mm_scoreboard.sv(99) @ 1675000: uvm_test_top.env.scb [COMPARE] C[2][3]  MISMATCH   exp=     136   got=       7   <<< ERROR
UVM_ERROR mm_scoreboard.sv(99) @ 1675000: uvm_test_top.env.scb [COMPARE] C[3][0]  MISMATCH   exp=      47   got=      15   <<< ERROR
UVM_ERROR mm_scoreboard.sv(99) @ 1675000: uvm_test_top.env.scb [COMPARE] C[3][1]  MISMATCH   exp=     139   got=     126   <<< ERROR
UVM_ERROR mm_scoreboard.sv(99) @ 1675000: uvm_test_top.env.scb [COMPARE] C[3][2]  MISMATCH   exp=       7   got=     136   <<< ERROR
UVM_ERROR mm_scoreboard.sv(117) @ 1675000: uvm_test_top.env.scb [SCB_CLASS] Transaction FAILED   (corner_mode=x)   [fail_cnt=72]
UVM_ERROR mm_scoreboard.sv(99) @ 1835000: uvm_test_top.env.scb [COMPARE] C[0][1]  MISMATCH   exp=   37074   got=   55370   <<< ERROR
UVM_ERROR mm_scoreboard.sv(99) @ 1835000: uvm_test_top.env.scb [COMPARE] C[0][2]  MISMATCH   exp=   40867   got=   86240   <<< ERROR
UVM_ERROR mm_scoreboard.sv(99) @ 1835000: uvm_test_top.env.scb [COMPARE] C[0][3]  MISMATCH   exp=   43629   got=  106280   <<< ERROR
UVM_ERROR mm_scoreboard.sv(99) @ 1835000: uvm_test_top.env.scb [COMPARE] C[1][0]  MISMATCH   exp=   55370   got=   37074   <<< ERROR
UVM_ERROR mm_scoreboard.sv(99) @ 1835000: uvm_test_top.env.scb [COMPARE] C[1][2]  MISMATCH   exp=   71255   got=   69136   <<< ERROR
UVM_ERROR mm_scoreboard.sv(99) @ 1835000: uvm_test_top.env.scb [COMPARE] C[1][3]  MISMATCH   exp=   56305   got=   68395   <<< ERROR
UVM_ERROR mm_scoreboard.sv(99) @ 1835000: uvm_test_top.env.scb [COMPARE] C[2][0]  MISMATCH   exp=   86240   got=   40867   <<< ERROR
UVM_ERROR mm_scoreboard.sv(99) @ 1835000: uvm_test_top.env.scb [COMPARE] C[2][1]  MISMATCH   exp=   69136   got=   71255   <<< ERROR
UVM_ERROR mm_scoreboard.sv(99) @ 1835000: uvm_test_top.env.scb [COMPARE] C[2][3]  MISMATCH   exp=  102908   got=  117720   <<< ERROR
UVM_ERROR mm_scoreboard.sv(99) @ 1835000: uvm_test_top.env.scb [COMPARE] C[3][0]  MISMATCH   exp=  106280   got=   43629   <<< ERROR
UVM_ERROR mm_scoreboard.sv(99) @ 1835000: uvm_test_top.env.scb [COMPARE] C[3][1]  MISMATCH   exp=   68395   got=   56305   <<< ERROR
UVM_ERROR mm_scoreboard.sv(99) @ 1835000: uvm_test_top.env.scb [COMPARE] C[3][2]  MISMATCH   exp=  117720   got=  102908   <<< ERROR
UVM_ERROR mm_scoreboard.sv(117) @ 1835000: uvm_test_top.env.scb [SCB_CLASS] Transaction FAILED   (corner_mode=x)   [fail_cnt=84]
UVM_ERROR mm_scoreboard.sv(99) @ 1995000: uvm_test_top.env.scb [COMPARE] C[0][1]  MISMATCH   exp=   53164   got=   84978   <<< ERROR
UVM_ERROR mm_scoreboard.sv(99) @ 1995000: uvm_test_top.env.scb [COMPARE] C[0][2]  MISMATCH   exp=   29964   got=   94168   <<< ERROR
UVM_ERROR mm_scoreboard.sv(99) @ 1995000: uvm_test_top.env.scb [COMPARE] C[0][3]  MISMATCH   exp=   62469   got=  103550   <<< ERROR
UVM_ERROR mm_scoreboard.sv(99) @ 1995000: uvm_test_top.env.scb [COMPARE] C[1][0]  MISMATCH   exp=   84978   got=   53164   <<< ERROR
UVM_ERROR mm_scoreboard.sv(99) @ 1995000: uvm_test_top.env.scb [COMPARE] C[1][2]  MISMATCH   exp=   15609   got=   86804   <<< ERROR
UVM_ERROR mm_scoreboard.sv(99) @ 1995000: uvm_test_top.env.scb [COMPARE] C[1][3]  MISMATCH   exp=   53589   got=   95952   <<< ERROR
UVM_ERROR mm_scoreboard.sv(99) @ 1995000: uvm_test_top.env.scb [COMPARE] C[2][0]  MISMATCH   exp=   94168   got=   29964   <<< ERROR
UVM_ERROR mm_scoreboard.sv(99) @ 1995000: uvm_test_top.env.scb [COMPARE] C[2][1]  MISMATCH   exp=   86804   got=   15609   <<< ERROR
UVM_ERROR mm_scoreboard.sv(99) @ 1995000: uvm_test_top.env.scb [COMPARE] C[2][3]  MISMATCH   exp=   59914   got=   27419   <<< ERROR
UVM_ERROR mm_scoreboard.sv(99) @ 1995000: uvm_test_top.env.scb [COMPARE] C[3][0]  MISMATCH   exp=  103550   got=   62469   <<< ERROR
UVM_ERROR mm_scoreboard.sv(99) @ 1995000: uvm_test_top.env.scb [COMPARE] C[3][1]  MISMATCH   exp=   95952   got=   53589   <<< ERROR
UVM_ERROR mm_scoreboard.sv(99) @ 1995000: uvm_test_top.env.scb [COMPARE] C[3][2]  MISMATCH   exp=   27419   got=   59914   <<< ERROR
UVM_ERROR mm_scoreboard.sv(117) @ 1995000: uvm_test_top.env.scb [SCB_CLASS] Transaction FAILED   (corner_mode=x)   [fail_cnt=96]
UVM_ERROR mm_scoreboard.sv(99) @ 2155000: uvm_test_top.env.scb [COMPARE] C[0][1]  MISMATCH   exp=   69192   got=   51510   <<< ERROR
UVM_ERROR mm_scoreboard.sv(99) @ 2155000: uvm_test_top.env.scb [COMPARE] C[0][2]  MISMATCH   exp=   90229   got=   58418   <<< ERROR
UVM_ERROR mm_scoreboard.sv(99) @ 2155000: uvm_test_top.env.scb [COMPARE] C[0][3]  MISMATCH   exp=   42737   got=   60616   <<< ERROR
UVM_ERROR mm_scoreboard.sv(99) @ 2155000: uvm_test_top.env.scb [COMPARE] C[1][0]  MISMATCH   exp=   51510   got=   69192   <<< ERROR
UVM_ERROR mm_scoreboard.sv(99) @ 2155000: uvm_test_top.env.scb [COMPARE] C[1][2]  MISMATCH   exp=   64986   got=   43584   <<< ERROR
UVM_ERROR mm_scoreboard.sv(99) @ 2155000: uvm_test_top.env.scb [COMPARE] C[1][3]  MISMATCH   exp=   62009   got=   50076   <<< ERROR
UVM_ERROR mm_scoreboard.sv(99) @ 2155000: uvm_test_top.env.scb [COMPARE] C[2][0]  MISMATCH   exp=   58418   got=   90229   <<< ERROR
UVM_ERROR mm_scoreboard.sv(99) @ 2155000: uvm_test_top.env.scb [COMPARE] C[2][1]  MISMATCH   exp=   43584   got=   64986   <<< ERROR
UVM_ERROR mm_scoreboard.sv(99) @ 2155000: uvm_test_top.env.scb [COMPARE] C[2][3]  MISMATCH   exp=   54490   got=   68228   <<< ERROR
UVM_ERROR mm_scoreboard.sv(99) @ 2155000: uvm_test_top.env.scb [COMPARE] C[3][0]  MISMATCH   exp=   60616   got=   42737   <<< ERROR
UVM_ERROR mm_scoreboard.sv(99) @ 2155000: uvm_test_top.env.scb [COMPARE] C[3][1]  MISMATCH   exp=   50076   got=   62009   <<< ERROR
UVM_ERROR mm_scoreboard.sv(99) @ 2155000: uvm_test_top.env.scb [COMPARE] C[3][2]  MISMATCH   exp=   68228   got=   54490   <<< ERROR
UVM_ERROR mm_scoreboard.sv(117) @ 2155000: uvm_test_top.env.scb [SCB_CLASS] Transaction FAILED   (corner_mode=x)   [fail_cnt=108]
UVM_ERROR mm_scoreboard.sv(99) @ 2315000: uvm_test_top.env.scb [COMPARE] C[0][1]  MISMATCH   exp=   24922   got=   33863   <<< ERROR
UVM_ERROR mm_scoreboard.sv(99) @ 2315000: uvm_test_top.env.scb [COMPARE] C[0][2]  MISMATCH   exp=   84124   got=   46435   <<< ERROR
UVM_ERROR mm_scoreboard.sv(99) @ 2315000: uvm_test_top.env.scb [COMPARE] C[0][3]  MISMATCH   exp=  141434   got=   30727   <<< ERROR
UVM_ERROR mm_scoreboard.sv(99) @ 2315000: uvm_test_top.env.scb [COMPARE] C[1][0]  MISMATCH   exp=   33863   got=   24922   <<< ERROR
UVM_ERROR mm_scoreboard.sv(99) @ 2315000: uvm_test_top.env.scb [COMPARE] C[1][2]  MISMATCH   exp=   66350   got=   25910   <<< ERROR
UVM_ERROR mm_scoreboard.sv(99) @ 2315000: uvm_test_top.env.scb [COMPARE] C[1][3]  MISMATCH   exp=  126664   got=   14367   <<< ERROR
UVM_ERROR mm_scoreboard.sv(99) @ 2315000: uvm_test_top.env.scb [COMPARE] C[2][0]  MISMATCH   exp=   46435   got=   84124   <<< ERROR
UVM_ERROR mm_scoreboard.sv(99) @ 2315000: uvm_test_top.env.scb [COMPARE] C[2][1]  MISMATCH   exp=   25910   got=   66350   <<< ERROR
UVM_ERROR mm_scoreboard.sv(99) @ 2315000: uvm_test_top.env.scb [COMPARE] C[2][3]  MISMATCH   exp=  143560   got=   35945   <<< ERROR
UVM_ERROR mm_scoreboard.sv(99) @ 2315000: uvm_test_top.env.scb [COMPARE] C[3][0]  MISMATCH   exp=   30727   got=  141434   <<< ERROR
UVM_ERROR mm_scoreboard.sv(99) @ 2315000: uvm_test_top.env.scb [COMPARE] C[3][1]  MISMATCH   exp=   14367   got=  126664   <<< ERROR
UVM_ERROR mm_scoreboard.sv(99) @ 2315000: uvm_test_top.env.scb [COMPARE] C[3][2]  MISMATCH   exp=   35945   got=  143560   <<< ERROR
UVM_ERROR mm_scoreboard.sv(117) @ 2315000: uvm_test_top.env.scb [SCB_CLASS] Transaction FAILED   (corner_mode=x)   [fail_cnt=120]
UVM_ERROR mm_scoreboard.sv(99) @ 2475000: uvm_test_top.env.scb [COMPARE] C[0][1]  MISMATCH   exp=   86223   got=  106063   <<< ERROR
UVM_ERROR mm_scoreboard.sv(99) @ 2475000: uvm_test_top.env.scb [COMPARE] C[0][2]  MISMATCH   exp=   88879   got=   80195   <<< ERROR
UVM_ERROR mm_scoreboard.sv(99) @ 2475000: uvm_test_top.env.scb [COMPARE] C[0][3]  MISMATCH   exp=   82655   got=   59518   <<< ERROR
UVM_ERROR mm_scoreboard.sv(99) @ 2475000: uvm_test_top.env.scb [COMPARE] C[1][0]  MISMATCH   exp=  106063   got=   86223   <<< ERROR
UVM_ERROR mm_scoreboard.sv(99) @ 2475000: uvm_test_top.env.scb [COMPARE] C[1][2]  MISMATCH   exp=  102901   got=   53595   <<< ERROR
UVM_ERROR mm_scoreboard.sv(99) @ 2475000: uvm_test_top.env.scb [COMPARE] C[1][3]  MISMATCH   exp=   78160   got=   54519   <<< ERROR
UVM_ERROR mm_scoreboard.sv(99) @ 2475000: uvm_test_top.env.scb [COMPARE] C[2][0]  MISMATCH   exp=   80195   got=   88879   <<< ERROR
UVM_ERROR mm_scoreboard.sv(99) @ 2475000: uvm_test_top.env.scb [COMPARE] C[2][1]  MISMATCH   exp=   53595   got=  102901   <<< ERROR
UVM_ERROR mm_scoreboard.sv(99) @ 2475000: uvm_test_top.env.scb [COMPARE] C[2][3]  MISMATCH   exp=   59954   got=   49253   <<< ERROR
UVM_ERROR mm_scoreboard.sv(99) @ 2475000: uvm_test_top.env.scb [COMPARE] C[3][0]  MISMATCH   exp=   59518   got=   82655   <<< ERROR
UVM_ERROR mm_scoreboard.sv(99) @ 2475000: uvm_test_top.env.scb [COMPARE] C[3][1]  MISMATCH   exp=   54519   got=   78160   <<< ERROR
UVM_ERROR mm_scoreboard.sv(99) @ 2475000: uvm_test_top.env.scb [COMPARE] C[3][2]  MISMATCH   exp=   49253   got=   59954   <<< ERROR
UVM_ERROR mm_scoreboard.sv(117) @ 2475000: uvm_test_top.env.scb [SCB_CLASS] Transaction FAILED   (corner_mode=x)   [fail_cnt=132]
UVM_ERROR mm_scoreboard.sv(99) @ 2635000: uvm_test_top.env.scb [COMPARE] C[0][1]  MISMATCH   exp=   35533   got=   44390   <<< ERROR
UVM_ERROR mm_scoreboard.sv(99) @ 2635000: uvm_test_top.env.scb [COMPARE] C[0][2]  MISMATCH   exp=   21819   got=   45965   <<< ERROR
UVM_ERROR mm_scoreboard.sv(99) @ 2635000: uvm_test_top.env.scb [COMPARE] C[0][3]  MISMATCH   exp=   52599   got=   54719   <<< ERROR
UVM_ERROR mm_scoreboard.sv(99) @ 2635000: uvm_test_top.env.scb [COMPARE] C[1][0]  MISMATCH   exp=   44390   got=   35533   <<< ERROR
UVM_ERROR mm_scoreboard.sv(99) @ 2635000: uvm_test_top.env.scb [COMPARE] C[1][2]  MISMATCH   exp=   24243   got=   70788   <<< ERROR
UVM_ERROR mm_scoreboard.sv(99) @ 2635000: uvm_test_top.env.scb [COMPARE] C[1][3]  MISMATCH   exp=   61290   got=   32321   <<< ERROR
UVM_ERROR mm_scoreboard.sv(99) @ 2635000: uvm_test_top.env.scb [COMPARE] C[2][0]  MISMATCH   exp=   45965   got=   21819   <<< ERROR
UVM_ERROR mm_scoreboard.sv(99) @ 2635000: uvm_test_top.env.scb [COMPARE] C[2][1]  MISMATCH   exp=   70788   got=   24243   <<< ERROR
UVM_ERROR mm_scoreboard.sv(99) @ 2635000: uvm_test_top.env.scb [COMPARE] C[2][3]  MISMATCH   exp=  105371   got=   45860   <<< ERROR
UVM_ERROR mm_scoreboard.sv(99) @ 2635000: uvm_test_top.env.scb [COMPARE] C[3][0]  MISMATCH   exp=   54719   got=   52599   <<< ERROR
UVM_ERROR mm_scoreboard.sv(99) @ 2635000: uvm_test_top.env.scb [COMPARE] C[3][1]  MISMATCH   exp=   32321   got=   61290   <<< ERROR
UVM_ERROR mm_scoreboard.sv(99) @ 2635000: uvm_test_top.env.scb [COMPARE] C[3][2]  MISMATCH   exp=   45860   got=  105371   <<< ERROR
UVM_ERROR mm_scoreboard.sv(117) @ 2635000: uvm_test_top.env.scb [SCB_CLASS] Transaction FAILED   (corner_mode=x)   [fail_cnt=144]
UVM_ERROR mm_scoreboard.sv(99) @ 2795000: uvm_test_top.env.scb [COMPARE] C[0][1]  MISMATCH   exp=   73789   got=   83938   <<< ERROR
UVM_ERROR mm_scoreboard.sv(99) @ 2795000: uvm_test_top.env.scb [COMPARE] C[0][2]  MISMATCH   exp=   61430   got=   39296   <<< ERROR
UVM_ERROR mm_scoreboard.sv(99) @ 2795000: uvm_test_top.env.scb [COMPARE] C[0][3]  MISMATCH   exp=   80730   got=   54930   <<< ERROR
UVM_ERROR mm_scoreboard.sv(99) @ 2795000: uvm_test_top.env.scb [COMPARE] C[1][0]  MISMATCH   exp=   83938   got=   73789   <<< ERROR
UVM_ERROR mm_scoreboard.sv(99) @ 2795000: uvm_test_top.env.scb [COMPARE] C[1][2]  MISMATCH   exp=   47106   got=   35822   <<< ERROR
UVM_ERROR mm_scoreboard.sv(99) @ 2795000: uvm_test_top.env.scb [COMPARE] C[1][3]  MISMATCH   exp=   57722   got=   51920   <<< ERROR
UVM_ERROR mm_scoreboard.sv(99) @ 2795000: uvm_test_top.env.scb [COMPARE] C[2][0]  MISMATCH   exp=   39296   got=   61430   <<< ERROR
UVM_ERROR mm_scoreboard.sv(99) @ 2795000: uvm_test_top.env.scb [COMPARE] C[2][1]  MISMATCH   exp=   35822   got=   47106   <<< ERROR
UVM_ERROR mm_scoreboard.sv(99) @ 2795000: uvm_test_top.env.scb [COMPARE] C[2][3]  MISMATCH   exp=   29037   got=   29182   <<< ERROR
UVM_ERROR mm_scoreboard.sv(99) @ 2795000: uvm_test_top.env.scb [COMPARE] C[3][0]  MISMATCH   exp=   54930   got=   80730   <<< ERROR
UVM_ERROR mm_scoreboard.sv(99) @ 2795000: uvm_test_top.env.scb [COMPARE] C[3][1]  MISMATCH   exp=   51920   got=   57722   <<< ERROR
UVM_ERROR mm_scoreboard.sv(99) @ 2795000: uvm_test_top.env.scb [COMPARE] C[3][2]  MISMATCH   exp=   29182   got=   29037   <<< ERROR
UVM_ERROR mm_scoreboard.sv(117) @ 2795000: uvm_test_top.env.scb [SCB_CLASS] Transaction FAILED   (corner_mode=x)   [fail_cnt=156]
UVM_ERROR mm_scoreboard.sv(99) @ 3115000: uvm_test_top.env.scb [COMPARE] C[0][1]  MISMATCH   exp=  127525   got=   83151   <<< ERROR
UVM_ERROR mm_scoreboard.sv(99) @ 3115000: uvm_test_top.env.scb [COMPARE] C[0][2]  MISMATCH   exp=  118491   got=   34346   <<< ERROR
UVM_ERROR mm_scoreboard.sv(99) @ 3115000: uvm_test_top.env.scb [COMPARE] C[0][3]  MISMATCH   exp=   58571   got=   87390   <<< ERROR
UVM_ERROR mm_scoreboard.sv(99) @ 3115000: uvm_test_top.env.scb [COMPARE] C[1][0]  MISMATCH   exp=   83151   got=  127525   <<< ERROR
UVM_ERROR mm_scoreboard.sv(99) @ 3115000: uvm_test_top.env.scb [COMPARE] C[1][2]  MISMATCH   exp=   39561   got=   50535   <<< ERROR
UVM_ERROR mm_scoreboard.sv(99) @ 3115000: uvm_test_top.env.scb [COMPARE] C[1][3]  MISMATCH   exp=   68496   got=   88597   <<< ERROR
UVM_ERROR mm_scoreboard.sv(99) @ 3115000: uvm_test_top.env.scb [COMPARE] C[2][0]  MISMATCH   exp=   34346   got=  118491   <<< ERROR
UVM_ERROR mm_scoreboard.sv(99) @ 3115000: uvm_test_top.env.scb [COMPARE] C[2][1]  MISMATCH   exp=   50535   got=   39561   <<< ERROR
UVM_ERROR mm_scoreboard.sv(99) @ 3115000: uvm_test_top.env.scb [COMPARE] C[2][3]  MISMATCH   exp=   24531   got=   82362   <<< ERROR
UVM_ERROR mm_scoreboard.sv(99) @ 3115000: uvm_test_top.env.scb [COMPARE] C[3][0]  MISMATCH   exp=   87390   got=   58571   <<< ERROR
UVM_ERROR mm_scoreboard.sv(99) @ 3115000: uvm_test_top.env.scb [COMPARE] C[3][1]  MISMATCH   exp=   88597   got=   68496   <<< ERROR
UVM_ERROR mm_scoreboard.sv(99) @ 3115000: uvm_test_top.env.scb [COMPARE] C[3][2]  MISMATCH   exp=   82362   got=   24531   <<< ERROR
UVM_ERROR mm_scoreboard.sv(117) @ 3115000: uvm_test_top.env.scb [SCB_CLASS] Transaction FAILED   (corner_mode=x)   [fail_cnt=168]
UVM_ERROR mm_scoreboard.sv(99) @ 3275000: uvm_test_top.env.scb [COMPARE] C[0][1]  MISMATCH   exp=   53239   got=   69294   <<< ERROR
UVM_ERROR mm_scoreboard.sv(99) @ 3275000: uvm_test_top.env.scb [COMPARE] C[0][2]  MISMATCH   exp=   66207   got=   73621   <<< ERROR
UVM_ERROR mm_scoreboard.sv(99) @ 3275000: uvm_test_top.env.scb [COMPARE] C[0][3]  MISMATCH   exp=  111118   got=   34944   <<< ERROR
UVM_ERROR mm_scoreboard.sv(99) @ 3275000: uvm_test_top.env.scb [COMPARE] C[1][0]  MISMATCH   exp=   69294   got=   53239   <<< ERROR
UVM_ERROR mm_scoreboard.sv(99) @ 3275000: uvm_test_top.env.scb [COMPARE] C[1][2]  MISMATCH   exp=   45317   got=   35946   <<< ERROR
UVM_ERROR mm_scoreboard.sv(99) @ 3275000: uvm_test_top.env.scb [COMPARE] C[1][3]  MISMATCH   exp=   61341   got=   33656   <<< ERROR
UVM_ERROR mm_scoreboard.sv(99) @ 3275000: uvm_test_top.env.scb [COMPARE] C[2][0]  MISMATCH   exp=   73621   got=   66207   <<< ERROR
UVM_ERROR mm_scoreboard.sv(99) @ 3275000: uvm_test_top.env.scb [COMPARE] C[2][1]  MISMATCH   exp=   35946   got=   45317   <<< ERROR
UVM_ERROR mm_scoreboard.sv(99) @ 3275000: uvm_test_top.env.scb [COMPARE] C[2][3]  MISMATCH   exp=   45811   got=   58715   <<< ERROR
UVM_ERROR mm_scoreboard.sv(99) @ 3275000: uvm_test_top.env.scb [COMPARE] C[3][0]  MISMATCH   exp=   34944   got=  111118   <<< ERROR
UVM_ERROR mm_scoreboard.sv(99) @ 3275000: uvm_test_top.env.scb [COMPARE] C[3][1]  MISMATCH   exp=   33656   got=   61341   <<< ERROR
UVM_ERROR mm_scoreboard.sv(99) @ 3275000: uvm_test_top.env.scb [COMPARE] C[3][2]  MISMATCH   exp=   58715   got=   45811   <<< ERROR
UVM_ERROR mm_scoreboard.sv(117) @ 3275000: uvm_test_top.env.scb [SCB_CLASS] Transaction FAILED   (corner_mode=x)   [fail_cnt=180]
UVM_ERROR mm_scoreboard.sv(99) @ 3435000: uvm_test_top.env.scb [COMPARE] C[0][1]  MISMATCH   exp=   56790   got=   67341   <<< ERROR
UVM_ERROR mm_scoreboard.sv(99) @ 3435000: uvm_test_top.env.scb [COMPARE] C[0][2]  MISMATCH   exp=   53139   got=  117235   <<< ERROR
UVM_ERROR mm_scoreboard.sv(99) @ 3435000: uvm_test_top.env.scb [COMPARE] C[0][3]  MISMATCH   exp=   26786   got=   95212   <<< ERROR
UVM_ERROR mm_scoreboard.sv(99) @ 3435000: uvm_test_top.env.scb [COMPARE] C[1][0]  MISMATCH   exp=   67341   got=   56790   <<< ERROR
UVM_ERROR mm_scoreboard.sv(99) @ 3435000: uvm_test_top.env.scb [COMPARE] C[1][2]  MISMATCH   exp=   59204   got=   77633   <<< ERROR
UVM_ERROR mm_scoreboard.sv(99) @ 3435000: uvm_test_top.env.scb [COMPARE] C[1][3]  MISMATCH   exp=   37967   got=   55182   <<< ERROR
UVM_ERROR mm_scoreboard.sv(99) @ 3435000: uvm_test_top.env.scb [COMPARE] C[2][0]  MISMATCH   exp=  117235   got=   53139   <<< ERROR
UVM_ERROR mm_scoreboard.sv(99) @ 3435000: uvm_test_top.env.scb [COMPARE] C[2][1]  MISMATCH   exp=   77633   got=   59204   <<< ERROR
UVM_ERROR mm_scoreboard.sv(99) @ 3435000: uvm_test_top.env.scb [COMPARE] C[2][3]  MISMATCH   exp=   33201   got=   74440   <<< ERROR
UVM_ERROR mm_scoreboard.sv(99) @ 3435000: uvm_test_top.env.scb [COMPARE] C[3][0]  MISMATCH   exp=   95212   got=   26786   <<< ERROR
UVM_ERROR mm_scoreboard.sv(99) @ 3435000: uvm_test_top.env.scb [COMPARE] C[3][1]  MISMATCH   exp=   55182   got=   37967   <<< ERROR
UVM_ERROR mm_scoreboard.sv(99) @ 3435000: uvm_test_top.env.scb [COMPARE] C[3][2]  MISMATCH   exp=   74440   got=   33201   <<< ERROR
UVM_ERROR mm_scoreboard.sv(117) @ 3435000: uvm_test_top.env.scb [SCB_CLASS] Transaction FAILED   (corner_mode=x)   [fail_cnt=192]
UVM_ERROR mm_scoreboard.sv(150) @ 3436000: uvm_test_top.env.scb [SCB_CLASS]   OVERALL: *** 192 ELEMENT FAILURE(S) DETECTED ***
